/home/Rishabh@MLL-5090/envs/gpu-test/bin/python -m mosaic_validation.scalesim_smoke_runner -c /home/Rishabh@MLL-5090/remote-work/HPCA-2-xorflow/artifacts_hpca_xorflow/scalesim/ec0a2a5e82321e9e/scale.cfg -t /home/Rishabh@MLL-5090/remote-work/HPCA-2-xorflow/artifacts_hpca_xorflow/scalesim/ec0a2a5e82321e9e/topology.csv -l /home/Rishabh@MLL-5090/remote-work/HPCA-2-xorflow/third_party/SCALE-Sim/layouts/conv_nets/test.csv -p /home/Rishabh@MLL-5090/remote-work/HPCA-2-xorflow/artifacts_hpca_xorflow/scalesim/ec0a2a5e82321e9e/reports

STDOUT
====================================================
******************* SCALE SIM **********************
====================================================
Array Size: 	32x32
SRAM IFMAP (kB): 	256
SRAM Filter (kB): 	256
SRAM OFMAP (kB): 	256
Dataflow: 	Weight Stationary
topology file path: 	/home/Rishabh@MLL-5090/remote-work/HPCA-2-xorflow/artifacts_hpca_xorflow/scalesim/ec0a2a5e82321e9e/topology.csv
layout file path: 	/home/Rishabh@MLL-5090/remote-work/HPCA-2-xorflow/third_party/SCALE-Sim/layouts/conv_nets/test.csv
Working in ESTIMATE BANDWIDTH mode.
====================================================

Running Layer 0
Total cycles: 13853
Compute cycles: 6927
Stall cycles: 0
Overall utilization: 78.30%
Mapping efficiency: 100.00%
Average IFMAP SRAM BW: 25.057 words/cycle
Average Filter SRAM BW: 2.365 words/cycle
Average OFMAP SRAM BW: 25.057 words/cycle
Average IFMAP DRAM BW: 9.738 words/cycle
Average Filter DRAM BW: 8.929 words/cycle
Average OFMAP DRAM BW: 42.383 words/cycle
************ SCALE SIM Run Complete ****************

STDERR

  0%|          | 0/6928 [00:00<?, ?it/s]
 36%|███▋      | 2514/6928 [00:00<00:00, 25133.25it/s]
 73%|███████▎  | 5052/6928 [00:00<00:00, 25276.84it/s]
100%|██████████| 6928/6928 [00:00<00:00, 25236.74it/s]
