/home/Rishabh@MLL-5090/envs/gpu-test/bin/python -m mosaic_validation.scalesim_smoke_runner -c /home/Rishabh@MLL-5090/remote-work/HPCA-2-xorflow/artifacts_hpca_xorflow/scalesim/b8ba3dd9e960b582/scale.cfg -t /home/Rishabh@MLL-5090/remote-work/HPCA-2-xorflow/artifacts_hpca_xorflow/scalesim/b8ba3dd9e960b582/topology.csv -l /home/Rishabh@MLL-5090/remote-work/HPCA-2-xorflow/third_party/SCALE-Sim/layouts/conv_nets/test.csv -p /home/Rishabh@MLL-5090/remote-work/HPCA-2-xorflow/artifacts_hpca_xorflow/scalesim/b8ba3dd9e960b582/reports

STDOUT
====================================================
******************* SCALE SIM **********************
====================================================
Array Size: 	32x32
SRAM IFMAP (kB): 	256
SRAM Filter (kB): 	256
SRAM OFMAP (kB): 	256
Dataflow: 	Weight Stationary
topology file path: 	/home/Rishabh@MLL-5090/remote-work/HPCA-2-xorflow/artifacts_hpca_xorflow/scalesim/b8ba3dd9e960b582/topology.csv
layout file path: 	/home/Rishabh@MLL-5090/remote-work/HPCA-2-xorflow/third_party/SCALE-Sim/layouts/conv_nets/test.csv
Working in ESTIMATE BANDWIDTH mode.
====================================================

Running Layer 0
Total cycles: 483600
Compute cycles: 467439
Stall cycles: 0
Overall utilization: 99.68%
Mapping efficiency: 100.00%
Average IFMAP SRAM BW: 31.897 words/cycle
Average Filter SRAM BW: 0.035 words/cycle
Average OFMAP SRAM BW: 31.897 words/cycle
Average IFMAP DRAM BW: 31.238 words/cycle
Average Filter DRAM BW: 8.929 words/cycle
Average OFMAP DRAM BW: 31.971 words/cycle
************ SCALE SIM Run Complete ****************

STDERR

  0%|          | 0/467440 [00:00<?, ?it/s]
  0%|          | 1933/467440 [00:00<00:24, 19326.93it/s]
  1%|          | 3866/467440 [00:00<00:32, 14304.95it/s]
  1%|          | 5572/467440 [00:00<00:30, 15359.66it/s]
  2%|▏         | 7171/467440 [00:00<00:31, 14821.97it/s]
  2%|▏         | 8690/467440 [00:00<00:33, 13805.59it/s]
  2%|▏         | 10424/467440 [00:00<00:30, 14865.52it/s]
  3%|▎         | 11943/467440 [00:00<00:32, 13866.24it/s]
  3%|▎         | 13542/467440 [00:00<00:31, 14468.91it/s]
  3%|▎         | 15028/467440 [00:01<00:31, 14579.06it/s]
  4%|▎         | 16506/467440 [00:01<00:34, 13068.94it/s]
  4%|▍         | 18398/467440 [00:01<00:30, 14655.65it/s]
  4%|▍         | 19910/467440 [00:01<00:32, 13924.23it/s]
  5%|▍         | 21339/467440 [00:01<00:32, 13782.17it/s]
  5%|▍         | 22892/467440 [00:01<00:31, 14265.83it/s]
  5%|▌         | 24340/467440 [00:01<00:33, 13217.97it/s]
  6%|▌         | 25909/467440 [00:01<00:31, 13889.27it/s]
  6%|▌         | 27324/467440 [00:01<00:31, 13931.29it/s]
  6%|▌         | 28736/467440 [00:02<00:35, 12472.55it/s]
  7%|▋         | 30724/467440 [00:02<00:30, 14444.37it/s]
  7%|▋         | 32220/467440 [00:02<00:31, 13804.10it/s]
  7%|▋         | 33640/467440 [00:02<00:32, 13542.65it/s]
  8%|▊         | 35226/467440 [00:02<00:30, 14177.51it/s]
  8%|▊         | 36669/467440 [00:02<00:32, 13089.77it/s]
  8%|▊         | 38150/467440 [00:02<00:31, 13553.01it/s]
  8%|▊         | 39612/467440 [00:02<00:30, 13848.12it/s]
  9%|▉         | 41018/467440 [00:02<00:33, 12760.74it/s]
  9%|▉         | 42734/467440 [00:03<00:30, 13952.59it/s]
  9%|▉         | 44162/467440 [00:03<00:31, 13605.23it/s]
 10%|▉         | 45546/467440 [00:03<00:32, 12862.38it/s]
 10%|█         | 47237/467440 [00:03<00:30, 13964.43it/s]
 10%|█         | 48660/467440 [00:03<00:31, 13088.48it/s]
 11%|█         | 49995/467440 [00:03<00:32, 12860.12it/s]
 11%|█         | 51542/467440 [00:03<00:30, 13577.61it/s]
 11%|█▏        | 52919/467440 [00:03<00:32, 12903.73it/s]
 12%|█▏        | 54327/467440 [00:03<00:31, 13227.64it/s]
 12%|█▏        | 55702/467440 [00:04<00:30, 13373.88it/s]
 12%|█▏        | 57051/467440 [00:04<00:32, 12500.61it/s]
 13%|█▎        | 58561/467440 [00:04<00:30, 13219.38it/s]
 13%|█▎        | 60139/467440 [00:04<00:29, 13944.68it/s]
 13%|█▎        | 61551/467440 [00:04<00:31, 12926.39it/s]
 14%|█▎        | 63239/467440 [00:04<00:28, 14014.58it/s]
 14%|█▍        | 64668/467440 [00:04<00:29, 13696.26it/s]
 14%|█▍        | 66057/467440 [00:04<00:31, 12735.87it/s]
 15%|█▍        | 67814/467440 [00:04<00:28, 14048.08it/s]
 15%|█▍        | 69249/467440 [00:05<00:29, 13334.67it/s]
 15%|█▌        | 70608/467440 [00:05<00:29, 13261.95it/s]
 15%|█▌        | 72149/467440 [00:05<00:28, 13858.54it/s]
 16%|█▌        | 73552/467440 [00:05<00:30, 12885.09it/s]
 16%|█▌        | 75019/467440 [00:05<00:29, 13364.62it/s]
 16%|█▋        | 76503/467440 [00:05<00:28, 13778.62it/s]
 17%|█▋        | 77898/467440 [00:05<00:30, 12737.57it/s]
 17%|█▋        | 79470/467440 [00:05<00:28, 13552.39it/s]
 17%|█▋        | 80851/467440 [00:05<00:28, 13492.54it/s]
 18%|█▊        | 82218/467440 [00:06<00:31, 12215.57it/s]
 18%|█▊        | 84070/467440 [00:06<00:27, 13906.21it/s]
 18%|█▊        | 85503/467440 [00:06<00:28, 13269.26it/s]
 19%|█▊        | 86863/467440 [00:06<00:29, 12934.99it/s]
 19%|█▉        | 88541/467440 [00:06<00:27, 13986.89it/s]
 19%|█▉        | 89966/467440 [00:06<00:28, 13347.93it/s]
 20%|█▉        | 91323/467440 [00:06<00:28, 13399.22it/s]
 20%|█▉        | 92749/467440 [00:06<00:27, 13641.29it/s]
 20%|██        | 94126/467440 [00:06<00:28, 12873.89it/s]
 20%|██        | 95555/467440 [00:07<00:28, 13267.64it/s]
 21%|██        | 97024/467440 [00:07<00:27, 13671.61it/s]
 21%|██        | 98403/467440 [00:07<00:29, 12609.13it/s]
 21%|██▏       | 99970/467440 [00:07<00:27, 13450.72it/s]
 22%|██▏       | 101339/467440 [00:07<00:27, 13437.06it/s]
 22%|██▏       | 102699/467440 [00:07<00:29, 12411.68it/s]
 22%|██▏       | 104390/467440 [00:07<00:26, 13639.38it/s]
 23%|██▎       | 105783/467440 [00:07<00:27, 13222.73it/s]
 23%|██▎       | 107127/467440 [00:07<00:29, 12280.93it/s]
 23%|██▎       | 108859/467440 [00:08<00:26, 13635.20it/s]
 24%|██▎       | 110255/467440 [00:08<00:27, 13011.51it/s]
 24%|██▍       | 111582/467440 [00:08<00:27, 12871.37it/s]
 24%|██▍       | 113152/467440 [00:08<00:25, 13654.65it/s]
 25%|██▍       | 114536/467440 [00:08<00:27, 12870.59it/s]
 25%|██▍       | 115853/467440 [00:08<00:27, 12952.40it/s]
 25%|██▌       | 117496/467440 [00:08<00:25, 13934.87it/s]
 25%|██▌       | 118906/467440 [00:08<00:26, 13173.52it/s]
 26%|██▌       | 120419/467440 [00:08<00:25, 13717.84it/s]
 26%|██▌       | 121824/467440 [00:09<00:25, 13810.95it/s]
 26%|██▋       | 123218/467440 [00:09<00:27, 12641.70it/s]
 27%|██▋       | 124888/467440 [00:09<00:24, 13751.38it/s]
 27%|██▋       | 126292/467440 [00:09<00:25, 13360.33it/s]
 27%|██▋       | 127649/467440 [00:09<00:28, 11984.34it/s]
 28%|██▊       | 129386/467440 [00:09<00:25, 13400.01it/s]
 28%|██▊       | 130772/467440 [00:09<00:26, 12930.32it/s]
 28%|██▊       | 132098/467440 [00:09<00:26, 12665.53it/s]
 29%|██▊       | 133659/467440 [00:09<00:24, 13470.13it/s]
 29%|██▉       | 135029/467440 [00:10<00:25, 12840.82it/s]
 29%|██▉       | 136333/467440 [00:10<00:25, 12832.41it/s]
 29%|██▉       | 137882/467440 [00:10<00:24, 13581.06it/s]
 30%|██▉       | 139255/467440 [00:10<00:25, 12780.17it/s]
 30%|███       | 140623/467440 [00:10<00:25, 13030.04it/s]
 30%|███       | 142065/467440 [00:10<00:24, 13422.46it/s]
 31%|███       | 143420/467440 [00:10<00:25, 12607.57it/s]
 31%|███       | 144839/467440 [00:10<00:24, 13004.90it/s]
 31%|███▏      | 146421/467440 [00:10<00:23, 13804.27it/s]
 32%|███▏      | 147817/467440 [00:11<00:24, 13090.63it/s]
 32%|███▏      | 149392/467440 [00:11<00:22, 13836.35it/s]
 32%|███▏      | 150793/467440 [00:11<00:23, 13602.26it/s]
 33%|███▎      | 152165/467440 [00:11<00:26, 11895.37it/s]
 33%|███▎      | 153909/467440 [00:11<00:23, 13350.15it/s]
 33%|███▎      | 155295/467440 [00:11<00:24, 12688.30it/s]
 34%|███▎      | 156603/467440 [00:11<00:25, 12201.68it/s]
 34%|███▍      | 158245/467440 [00:11<00:23, 13194.75it/s]
 34%|███▍      | 159593/467440 [00:11<00:24, 12676.25it/s]
 34%|███▍      | 160882/467440 [00:12<00:24, 12421.28it/s]
 35%|███▍      | 162387/467440 [00:12<00:23, 13143.98it/s]
 35%|███▌      | 163718/467440 [00:12<00:24, 12593.44it/s]
 35%|███▌      | 164992/467440 [00:12<00:24, 12360.80it/s]
 36%|███▌      | 166472/467440 [00:12<00:23, 13042.60it/s]
 36%|███▌      | 167788/467440 [00:12<00:24, 12318.11it/s]
 36%|███▌      | 169034/467440 [00:12<00:25, 11742.35it/s]
 36%|███▋      | 170545/467440 [00:12<00:23, 12663.19it/s]
 37%|███▋      | 171829/467440 [00:12<00:23, 12338.97it/s]
 37%|███▋      | 173076/467440 [00:13<00:24, 11991.60it/s]
 37%|███▋      | 174599/467440 [00:13<00:22, 12895.93it/s]
 38%|███▊      | 175902/467440 [00:13<00:23, 12617.45it/s]
 38%|███▊      | 177174/467440 [00:13<00:23, 12254.07it/s]
 38%|███▊      | 178819/467440 [00:13<00:22, 13106.84it/s]
 39%|███▊      | 180135/467440 [00:13<00:22, 12681.22it/s]
 39%|███▉      | 181408/467440 [00:13<00:23, 12285.58it/s]
 39%|███▉      | 182940/467440 [00:13<00:21, 13131.14it/s]
 39%|███▉      | 184262/467440 [00:13<00:22, 12651.40it/s]
 40%|███▉      | 185536/467440 [00:14<00:22, 12303.10it/s]
 40%|████      | 187049/467440 [00:14<00:21, 13096.54it/s]
 40%|████      | 188369/467440 [00:14<00:22, 12598.74it/s]
 41%|████      | 189638/467440 [00:14<00:22, 12248.25it/s]
 41%|████      | 191130/467440 [00:14<00:21, 12996.84it/s]
 41%|████      | 192440/467440 [00:14<00:22, 12441.95it/s]
 41%|████▏     | 193695/467440 [00:14<00:22, 12083.82it/s]
 42%|████▏     | 195203/467440 [00:14<00:21, 12762.60it/s]
 42%|████▏     | 196488/467440 [00:14<00:21, 12316.42it/s]
 42%|████▏     | 197727/467440 [00:15<00:22, 11801.10it/s]
 43%|████▎     | 199295/467440 [00:15<00:20, 12873.72it/s]
 43%|████▎     | 200596/467440 [00:15<00:21, 12138.56it/s]
 43%|████▎     | 201826/467440 [00:15<00:22, 11677.04it/s]
 44%|████▎     | 203382/467440 [00:15<00:20, 12740.34it/s]
 44%|████▍     | 204675/467440 [00:15<00:21, 12412.75it/s]
 44%|████▍     | 205930/467440 [00:15<00:21, 12129.84it/s]
 44%|████▍     | 207537/467440 [00:15<00:19, 13235.47it/s]
 45%|████▍     | 208875/467440 [00:15<00:20, 12340.76it/s]
 45%|████▍     | 210129/467440 [00:16<00:21, 11920.15it/s]
 45%|████▌     | 211681/467440 [00:16<00:20, 12738.39it/s]
 46%|████▌     | 212970/467440 [00:16<00:20, 12281.20it/s]
 46%|████▌     | 214210/467440 [00:16<00:21, 11779.25it/s]
 46%|████▌     | 215767/467440 [00:16<00:19, 12819.20it/s]
 46%|████▋     | 217065/467440 [00:16<00:20, 12131.54it/s]
 47%|████▋     | 218295/467440 [00:16<00:21, 11686.07it/s]
 47%|████▋     | 219857/467440 [00:16<00:19, 12763.17it/s]
 47%|████▋     | 221152/467440 [00:16<00:20, 12102.36it/s]
 48%|████▊     | 222380/467440 [00:17<00:21, 11657.78it/s]
 48%|████▊     | 223949/467440 [00:17<00:19, 12759.41it/s]
 48%|████▊     | 225245/467440 [00:17<00:20, 12057.30it/s]
 48%|████▊     | 226470/467440 [00:17<00:20, 11536.62it/s]
 49%|████▉     | 228040/467440 [00:17<00:18, 12667.40it/s]
 49%|████▉     | 229329/467440 [00:17<00:19, 12059.93it/s]
 49%|████▉     | 230554/467440 [00:17<00:20, 11634.88it/s]
 50%|████▉     | 232120/467440 [00:17<00:18, 12736.07it/s]
 50%|████▉     | 233414/467440 [00:17<00:19, 11995.37it/s]
 50%|█████     | 234634/467440 [00:18<00:20, 11631.98it/s]
 51%|█████     | 236253/467440 [00:18<00:17, 12878.13it/s]
 51%|█████     | 237563/467440 [00:18<00:18, 12167.78it/s]
 51%|█████     | 238801/467440 [00:18<00:20, 11031.29it/s]
 51%|█████▏    | 240282/467440 [00:18<00:18, 12016.40it/s]
 52%|█████▏    | 241519/467440 [00:18<00:20, 11114.49it/s]
 52%|█████▏    | 242664/467440 [00:18<00:21, 10438.85it/s]
 52%|█████▏    | 244205/467440 [00:18<00:19, 11726.16it/s]
 53%|█████▎    | 245417/467440 [00:18<00:19, 11637.07it/s]
 53%|█████▎    | 246608/467440 [00:19<00:21, 10328.50it/s]
 53%|█████▎    | 248208/467440 [00:19<00:18, 11787.98it/s]
 53%|█████▎    | 249440/467440 [00:19<00:18, 11855.28it/s]
 54%|█████▎    | 250663/467440 [00:19<00:20, 10632.15it/s]
 54%|█████▍    | 252305/467440 [00:19<00:17, 12134.37it/s]
 54%|█████▍    | 253574/467440 [00:19<00:17, 12068.58it/s]
 55%|█████▍    | 254820/467440 [00:19<00:20, 10609.28it/s]
 55%|█████▍    | 256512/467440 [00:19<00:17, 12217.38it/s]
 55%|█████▌    | 257800/467440 [00:20<00:17, 12010.56it/s]
 55%|█████▌    | 259047/467440 [00:20<00:19, 10853.33it/s]
 56%|█████▌    | 260734/467440 [00:20<00:16, 12394.51it/s]
 56%|█████▌    | 262033/467440 [00:20<00:17, 11860.09it/s]
 56%|█████▋    | 263263/467440 [00:20<00:18, 10889.18it/s]
 57%|█████▋    | 264932/467440 [00:20<00:16, 12377.27it/s]
 57%|█████▋    | 266223/467440 [00:20<00:16, 11877.68it/s]
 57%|█████▋    | 267449/467440 [00:20<00:19, 10168.56it/s]
 58%|█████▊    | 269071/467440 [00:21<00:17, 11645.72it/s]
 58%|█████▊    | 270313/467440 [00:21<00:17, 11374.48it/s]
 58%|█████▊    | 271504/467440 [00:21<00:19, 10015.23it/s]
 58%|█████▊    | 273112/467440 [00:21<00:16, 11503.54it/s]
 59%|█████▊    | 274337/467440 [00:21<00:17, 11115.33it/s]
 59%|█████▉    | 275501/467440 [00:21<00:18, 10367.49it/s]
 59%|█████▉    | 277200/467440 [00:21<00:15, 12058.77it/s]
 60%|█████▉    | 278464/467440 [00:21<00:16, 11655.69it/s]
 60%|█████▉    | 279671/467440 [00:21<00:17, 10977.39it/s]
 60%|██████    | 281316/467440 [00:22<00:14, 12412.69it/s]
 60%|██████    | 282601/467440 [00:22<00:15, 11880.90it/s]
 61%|██████    | 283821/467440 [00:22<00:16, 11215.61it/s]
 61%|██████    | 285461/467440 [00:22<00:14, 12590.83it/s]
 61%|██████▏   | 286756/467440 [00:22<00:15, 12004.83it/s]
 62%|██████▏   | 287985/467440 [00:22<00:15, 11514.34it/s]
 62%|██████▏   | 289488/467440 [00:22<00:14, 12459.99it/s]
 62%|██████▏   | 290759/467440 [00:22<00:14, 11860.18it/s]
 62%|██████▏   | 291966/467440 [00:23<00:15, 11122.68it/s]
 63%|██████▎   | 293617/467440 [00:23<00:13, 12559.26it/s]
 63%|██████▎   | 294905/467440 [00:23<00:14, 12223.52it/s]
 63%|██████▎   | 296150/467440 [00:23<00:15, 11195.46it/s]
 64%|██████▎   | 297816/467440 [00:23<00:13, 12637.81it/s]
 64%|██████▍   | 299119/467440 [00:23<00:14, 11856.49it/s]
 64%|██████▍   | 300338/467440 [00:23<00:14, 11340.04it/s]
 65%|██████▍   | 301971/467440 [00:23<00:13, 12665.26it/s]
 65%|██████▍   | 303272/467440 [00:23<00:13, 12036.58it/s]
 65%|██████▌   | 304503/467440 [00:24<00:14, 11503.51it/s]
 65%|██████▌   | 306096/467440 [00:24<00:12, 12690.08it/s]
 66%|██████▌   | 307393/467440 [00:24<00:13, 12015.90it/s]
 66%|██████▌   | 308619/467440 [00:24<00:13, 11519.33it/s]
 66%|██████▋   | 310217/467440 [00:24<00:12, 12721.83it/s]
 67%|██████▋   | 311515/467440 [00:24<00:12, 12015.10it/s]
 67%|██████▋   | 312740/467440 [00:24<00:13, 11543.38it/s]
 67%|██████▋   | 314295/467440 [00:24<00:12, 12626.81it/s]
 68%|██████▊   | 315581/467440 [00:24<00:12, 11930.02it/s]
 68%|██████▊   | 316796/467440 [00:25<00:13, 11386.54it/s]
 68%|██████▊   | 318352/467440 [00:25<00:11, 12510.53it/s]
 68%|██████▊   | 319627/467440 [00:25<00:12, 11833.16it/s]
 69%|██████▊   | 320832/467440 [00:25<00:13, 11266.10it/s]
 69%|██████▉   | 322564/467440 [00:25<00:11, 12894.19it/s]
 69%|██████▉   | 323884/467440 [00:25<00:11, 12204.72it/s]
 70%|██████▉   | 325131/467440 [00:25<00:12, 11775.86it/s]
 70%|██████▉   | 326679/467440 [00:25<00:11, 12778.94it/s]
 70%|███████   | 327981/467440 [00:25<00:11, 11988.70it/s]
 70%|███████   | 329203/467440 [00:26<00:11, 11575.85it/s]
 71%|███████   | 330774/467440 [00:26<00:10, 12696.19it/s]
 71%|███████   | 332067/467440 [00:26<00:11, 11952.09it/s]
 71%|███████▏  | 333285/467440 [00:26<00:11, 11533.88it/s]
 72%|███████▏  | 334862/467440 [00:26<00:10, 12683.28it/s]
 72%|███████▏  | 336154/467440 [00:26<00:10, 11942.09it/s]
 72%|███████▏  | 337370/467440 [00:26<00:11, 11327.21it/s]
 73%|███████▎  | 338919/467440 [00:26<00:10, 12443.65it/s]
 73%|███████▎  | 340189/467440 [00:27<00:10, 11808.58it/s]
 73%|███████▎  | 341392/467440 [00:27<00:11, 11233.60it/s]
 73%|███████▎  | 342999/467440 [00:27<00:09, 12531.98it/s]
 74%|███████▎  | 344280/467440 [00:27<00:10, 11881.94it/s]
 74%|███████▍  | 345491/467440 [00:27<00:10, 11309.79it/s]
 74%|███████▍  | 347090/467440 [00:27<00:09, 12568.25it/s]
 75%|███████▍  | 348374/467440 [00:27<00:10, 11857.74it/s]
 75%|███████▍  | 349584/467440 [00:27<00:10, 11263.77it/s]
 75%|███████▌  | 351297/467440 [00:27<00:09, 12834.53it/s]
 75%|███████▌  | 352613/467440 [00:28<00:09, 12245.31it/s]
 76%|███████▌  | 353863/467440 [00:28<00:09, 11671.72it/s]
 76%|███████▌  | 355422/467440 [00:28<00:08, 12727.49it/s]
 76%|███████▋  | 356721/467440 [00:28<00:09, 11941.84it/s]
 77%|███████▋  | 357940/467440 [00:28<00:09, 11374.34it/s]
 77%|███████▋  | 359514/467440 [00:28<00:08, 12542.05it/s]
 77%|███████▋  | 360796/467440 [00:28<00:09, 11827.04it/s]
 77%|███████▋  | 362003/467440 [00:28<00:09, 11226.88it/s]
 78%|███████▊  | 363584/467440 [00:28<00:08, 12450.01it/s]
 78%|███████▊  | 364858/467440 [00:29<00:08, 11699.72it/s]
 78%|███████▊  | 366054/467440 [00:29<00:09, 11104.56it/s]
 79%|███████▊  | 367655/467440 [00:29<00:08, 12409.24it/s]
 79%|███████▉  | 368927/467440 [00:29<00:08, 11779.52it/s]
 79%|███████▉  | 370130/467440 [00:29<00:08, 11194.79it/s]
 80%|███████▉  | 371740/467440 [00:29<00:07, 12507.27it/s]
 80%|███████▉  | 373021/467440 [00:29<00:07, 11827.68it/s]
 80%|████████  | 374229/467440 [00:29<00:08, 11218.91it/s]
 80%|████████  | 375834/467440 [00:29<00:07, 12509.56it/s]
 81%|████████  | 377115/467440 [00:30<00:07, 11843.92it/s]
 81%|████████  | 378325/467440 [00:30<00:08, 11135.40it/s]
 81%|████████▏ | 380001/467440 [00:30<00:06, 12628.59it/s]
 82%|████████▏ | 381299/467440 [00:30<00:07, 12198.62it/s]
 82%|████████▏ | 382544/467440 [00:30<00:07, 11552.43it/s]
 82%|████████▏ | 384133/467440 [00:30<00:06, 12719.23it/s]
 82%|████████▏ | 385433/467440 [00:30<00:06, 11894.23it/s]
 83%|████████▎ | 386650/467440 [00:30<00:07, 11297.34it/s]
 83%|████████▎ | 388208/467440 [00:31<00:06, 12437.40it/s]
 83%|████████▎ | 389481/467440 [00:31<00:06, 11739.49it/s]
 84%|████████▎ | 390680/467440 [00:31<00:06, 11076.95it/s]
 84%|████████▍ | 392279/467440 [00:31<00:06, 12380.42it/s]
 84%|████████▍ | 393549/467440 [00:31<00:06, 11725.15it/s]
 84%|████████▍ | 394748/467440 [00:31<00:06, 11042.61it/s]
 85%|████████▍ | 396348/467440 [00:31<00:05, 12355.28it/s]
 85%|████████▌ | 397616/467440 [00:31<00:05, 11722.87it/s]
 85%|████████▌ | 398815/467440 [00:31<00:06, 11001.58it/s]
 86%|████████▌ | 400438/467440 [00:32<00:05, 12383.77it/s]
 86%|████████▌ | 401711/467440 [00:32<00:05, 11743.51it/s]
 86%|████████▌ | 402913/467440 [00:32<00:05, 10999.47it/s]
 87%|████████▋ | 404532/467440 [00:32<00:05, 12367.56it/s]
 87%|████████▋ | 405805/467440 [00:32<00:05, 11741.74it/s]
 87%|████████▋ | 407008/467440 [00:32<00:05, 11016.09it/s]
 87%|████████▋ | 408563/467440 [00:32<00:04, 12211.67it/s]
 88%|████████▊ | 409851/467440 [00:32<00:04, 12393.45it/s]
 88%|████████▊ | 411116/467440 [00:33<00:05, 11098.02it/s]
 88%|████████▊ | 412758/467440 [00:33<00:04, 12497.65it/s]
 89%|████████▊ | 414055/467440 [00:33<00:04, 12169.32it/s]
 89%|████████▉ | 415305/467440 [00:33<00:04, 10950.92it/s]
 89%|████████▉ | 416907/467440 [00:33<00:04, 12261.17it/s]
 89%|████████▉ | 418183/467440 [00:33<00:04, 11659.40it/s]
 90%|████████▉ | 419386/467440 [00:33<00:04, 10974.88it/s]
 90%|█████████ | 421002/467440 [00:33<00:03, 12330.80it/s]
 90%|█████████ | 422276/467440 [00:33<00:03, 11678.55it/s]
 91%|█████████ | 423476/467440 [00:34<00:04, 10880.82it/s]
 91%|█████████ | 425082/467440 [00:34<00:03, 12230.82it/s]
 91%|█████████ | 426345/467440 [00:34<00:03, 11975.65it/s]
 91%|█████████▏| 427570/467440 [00:34<00:03, 10798.27it/s]
 92%|█████████▏| 429176/467440 [00:34<00:03, 12162.68it/s]
 92%|█████████▏| 430439/467440 [00:34<00:03, 11927.31it/s]
 92%|█████████▏| 431664/467440 [00:34<00:03, 10652.91it/s]
 93%|█████████▎| 433280/467440 [00:34<00:02, 12064.81it/s]
 93%|█████████▎| 434540/467440 [00:34<00:02, 11812.57it/s]
 93%|█████████▎| 435758/467440 [00:35<00:02, 10624.81it/s]
 94%|█████████▎| 437370/467440 [00:35<00:02, 12032.42it/s]
 94%|█████████▍| 438627/467440 [00:35<00:02, 12127.26it/s]
 94%|█████████▍| 439879/467440 [00:35<00:02, 10977.23it/s]
 94%|█████████▍| 441513/467440 [00:35<00:02, 12377.37it/s]
 95%|█████████▍| 442802/467440 [00:35<00:02, 12095.43it/s]
 95%|█████████▍| 444047/467440 [00:35<00:02, 10896.43it/s]
 95%|█████████▌| 445662/467440 [00:35<00:01, 12251.97it/s]
 96%|█████████▌| 446939/467440 [00:36<00:01, 11617.98it/s]
 96%|█████████▌| 448140/467440 [00:36<00:01, 10873.31it/s]
 96%|█████████▌| 449744/467440 [00:36<00:01, 12215.48it/s]
 96%|█████████▋| 451009/467440 [00:36<00:01, 11959.08it/s]
 97%|█████████▋| 452235/467440 [00:36<00:01, 10788.71it/s]
 97%|█████████▋| 453808/467440 [00:36<00:01, 12065.46it/s]
 97%|█████████▋| 455061/467440 [00:36<00:01, 11853.53it/s]
 98%|█████████▊| 456278/467440 [00:36<00:01, 10518.33it/s]
 98%|█████████▊| 457902/467440 [00:37<00:00, 11979.47it/s]
 98%|█████████▊| 459157/467440 [00:37<00:00, 11788.14it/s]
 98%|█████████▊| 460375/467440 [00:37<00:00, 10522.61it/s]
 99%|█████████▉| 461997/467440 [00:37<00:00, 11974.73it/s]
 99%|█████████▉| 463253/467440 [00:37<00:00, 11772.39it/s]
 99%|█████████▉| 464471/467440 [00:37<00:00, 10506.63it/s]
100%|█████████▉| 466095/467440 [00:37<00:00, 11964.22it/s]
100%|█████████▉| 467351/467440 [00:37<00:00, 11785.03it/s]
100%|██████████| 467440/467440 [00:37<00:00, 12347.34it/s]
