
 /----------------------------------------------------------------------------\
 |                                                                            |
 |  yosys -- Yosys Open SYnthesis Suite                                       |
 |                                                                            |
 |  Copyright (C) 2012 - 2020  Claire Xenia Wolf <claire@yosyshq.com>         |
 |                                                                            |
 |  Permission to use, copy, modify, and/or distribute this software for any  |
 |  purpose with or without fee is hereby granted, provided that the above    |
 |  copyright notice and this permission notice appear in all copies.         |
 |                                                                            |
 |  THE SOFTWARE IS PROVIDED "AS IS" AND THE AUTHOR DISCLAIMS ALL WARRANTIES  |
 |  WITH REGARD TO THIS SOFTWARE INCLUDING ALL IMPLIED WARRANTIES OF          |
 |  MERCHANTABILITY AND FITNESS. IN NO EVENT SHALL THE AUTHOR BE LIABLE FOR   |
 |  ANY SPECIAL, DIRECT, INDIRECT, OR CONSEQUENTIAL DAMAGES OR ANY DAMAGES    |
 |  WHATSOEVER RESULTING FROM LOSS OF USE, DATA OR PROFITS, WHETHER IN AN     |
 |  ACTION OF CONTRACT, NEGLIGENCE OR OTHER TORTIOUS ACTION, ARISING OUT OF   |
 |  OR IN CONNECTION WITH THE USE OR PERFORMANCE OF THIS SOFTWARE.            |
 |                                                                            |
 \----------------------------------------------------------------------------/

 Yosys 0.33 (git sha1 2584903a060)


-- Running command `read_verilog -sv /tmp/xorflow_encoder_base.Gm8F1O.sv; hierarchy -check -top xorflow_encoder_pipelined; proc; opt; techmap; opt; abc -g simple; clean; stat' --

1. Executing Verilog-2005 frontend: /tmp/xorflow_encoder_base.Gm8F1O.sv
Parsing SystemVerilog input from `/tmp/xorflow_encoder_base.Gm8F1O.sv' to AST representation.
Generating RTLIL representation for module `\xorflow_encoder_pipelined'.
Generating RTLIL representation for module `\xorflow_encoder_tile_engine'.
Warning: Replacing memory \majority_counts with list of registers. See /tmp/xorflow_encoder_base.Gm8F1O.sv:171
Generating RTLIL representation for module `\xorflow_encoder_engine'.
Successfully finished Verilog frontend.

2. Executing HIERARCHY pass (managing design hierarchy).

2.1. Analyzing design hierarchy..
Top module:  \xorflow_encoder_pipelined

2.2. Analyzing design hierarchy..
Top module:  \xorflow_encoder_pipelined
Removing unused module `\xorflow_encoder_engine'.
Removing unused module `\xorflow_encoder_tile_engine'.
Removed 2 unused modules.

3. Executing PROC pass (convert processes to netlists).

3.1. Executing PROC_CLEAN pass (remove empty switches from decision trees).
Cleaned up 0 empty switches.

3.2. Executing PROC_RMDEAD pass (remove dead branches from decision trees).
Marked 2 switch rules as full_case in process $proc$/tmp/xorflow_encoder_base.Gm8F1O.sv:45$26 in module xorflow_encoder_pipelined.
Marked 3 switch rules as full_case in process $proc$/tmp/xorflow_encoder_base.Gm8F1O.sv:27$8 in module xorflow_encoder_pipelined.
Removed a total of 0 dead cases.

3.3. Executing PROC_PRUNE pass (remove redundant assignments in processes).
Removed 0 redundant assignments.
Promoted 2 assignments to connections.

3.4. Executing PROC_INIT pass (extract init attributes).

3.5. Executing PROC_ARST pass (detect async resets in processes).

3.6. Executing PROC_ROM pass (convert switches to ROMs).
Converted 0 switches.
<suppressed ~7 debug messages>

3.7. Executing PROC_MUX pass (convert decision trees to multiplexers).
Creating decoders for process `\xorflow_encoder_pipelined.$proc$/tmp/xorflow_encoder_base.Gm8F1O.sv:45$26'.
     1/7: $0\stall_cycles[31:0]
     2/7: $0\output_words[31:0]
     3/7: $0\input_words[31:0]
     4/7: $0\selected_kind[1:0]
     5/7: $0\out_last[0:0]
     6/7: $0\out_word[63:0]
     7/7: $0\out_valid[0:0]
Creating decoders for process `\xorflow_encoder_pipelined.$proc$/tmp/xorflow_encoder_base.Gm8F1O.sv:27$8'.
     1/6: $3\selected_bytes_next[15:0]
     2/6: $3\selected_kind_next[1:0]
     3/6: $2\selected_bytes_next[15:0]
     4/6: $2\selected_kind_next[1:0]
     5/6: $1\selected_bytes_next[15:0]
     6/6: $1\selected_kind_next[1:0]

3.8. Executing PROC_DLATCH pass (convert process syncs to latches).
No latch inferred for signal `\xorflow_encoder_pipelined.\selected_kind_next' from process `\xorflow_encoder_pipelined.$proc$/tmp/xorflow_encoder_base.Gm8F1O.sv:27$8'.
No latch inferred for signal `\xorflow_encoder_pipelined.\selected_bytes_next' from process `\xorflow_encoder_pipelined.$proc$/tmp/xorflow_encoder_base.Gm8F1O.sv:27$8'.

3.9. Executing PROC_DFF pass (convert process syncs to FFs).
Creating register for signal `\xorflow_encoder_pipelined.\out_valid' using process `\xorflow_encoder_pipelined.$proc$/tmp/xorflow_encoder_base.Gm8F1O.sv:45$26'.
  created $dff cell `$procdff$2262' with positive edge clock.
Creating register for signal `\xorflow_encoder_pipelined.\out_word' using process `\xorflow_encoder_pipelined.$proc$/tmp/xorflow_encoder_base.Gm8F1O.sv:45$26'.
  created $dff cell `$procdff$2263' with positive edge clock.
Creating register for signal `\xorflow_encoder_pipelined.\out_last' using process `\xorflow_encoder_pipelined.$proc$/tmp/xorflow_encoder_base.Gm8F1O.sv:45$26'.
  created $dff cell `$procdff$2264' with positive edge clock.
Creating register for signal `\xorflow_encoder_pipelined.\selected_kind' using process `\xorflow_encoder_pipelined.$proc$/tmp/xorflow_encoder_base.Gm8F1O.sv:45$26'.
  created $dff cell `$procdff$2265' with positive edge clock.
Creating register for signal `\xorflow_encoder_pipelined.\input_words' using process `\xorflow_encoder_pipelined.$proc$/tmp/xorflow_encoder_base.Gm8F1O.sv:45$26'.
  created $dff cell `$procdff$2266' with positive edge clock.
Creating register for signal `\xorflow_encoder_pipelined.\output_words' using process `\xorflow_encoder_pipelined.$proc$/tmp/xorflow_encoder_base.Gm8F1O.sv:45$26'.
  created $dff cell `$procdff$2267' with positive edge clock.
Creating register for signal `\xorflow_encoder_pipelined.\stall_cycles' using process `\xorflow_encoder_pipelined.$proc$/tmp/xorflow_encoder_base.Gm8F1O.sv:45$26'.
  created $dff cell `$procdff$2268' with positive edge clock.

3.10. Executing PROC_MEMWR pass (convert process memory writes to cells).

3.11. Executing PROC_CLEAN pass (remove empty switches from decision trees).
Found and cleaned up 4 empty switches in `\xorflow_encoder_pipelined.$proc$/tmp/xorflow_encoder_base.Gm8F1O.sv:45$26'.
Removing empty process `xorflow_encoder_pipelined.$proc$/tmp/xorflow_encoder_base.Gm8F1O.sv:45$26'.
Found and cleaned up 3 empty switches in `\xorflow_encoder_pipelined.$proc$/tmp/xorflow_encoder_base.Gm8F1O.sv:27$8'.
Removing empty process `xorflow_encoder_pipelined.$proc$/tmp/xorflow_encoder_base.Gm8F1O.sv:27$8'.
Cleaned up 7 empty switches.

3.12. Executing OPT_EXPR pass (perform const folding).
Optimizing module xorflow_encoder_pipelined.
<suppressed ~13 debug messages>

4. Executing OPT pass (performing simple optimizations).

4.1. Executing OPT_EXPR pass (perform const folding).
Optimizing module xorflow_encoder_pipelined.

4.2. Executing OPT_MERGE pass (detect identical cells).
Finding identical cells in module `\xorflow_encoder_pipelined'.
Removed a total of 0 cells.

4.3. Executing OPT_MUXTREE pass (detect dead branches in mux trees).
Running muxtree optimizer on module \xorflow_encoder_pipelined..
  Creating internal representation of mux trees.
  Evaluating internal representation of mux trees.
  Analyzing evaluation results.
    dead port 1/2 on $mux $procmux$2245.
    dead port 2/2 on $mux $procmux$2245.
Removed 2 multiplexer ports.
<suppressed ~9 debug messages>

4.4. Executing OPT_REDUCE pass (consolidate $*mux and $reduce_* inputs).
  Optimizing cells in module \xorflow_encoder_pipelined.
Performed a total of 0 changes.

4.5. Executing OPT_MERGE pass (detect identical cells).
Finding identical cells in module `\xorflow_encoder_pipelined'.
Removed a total of 0 cells.

4.6. Executing OPT_DFF pass (perform DFF optimizations).
Adding SRST signal on $procdff$2268 ($dff) from module xorflow_encoder_pipelined (D = $procmux$2202_Y, Q = \stall_cycles, rval = 0).
Adding EN signal on $auto$ff.cc:266:slice$2269 ($sdff) from module xorflow_encoder_pipelined (D = $add$/tmp/xorflow_encoder_base.Gm8F1O.sv:66$34_Y, Q = \stall_cycles).
Adding SRST signal on $procdff$2262 ($dff) from module xorflow_encoder_pipelined (D = $procmux$2239_Y, Q = \out_valid, rval = 1'0).
Adding EN signal on $auto$ff.cc:266:slice$2275 ($sdff) from module xorflow_encoder_pipelined (D = $procmux$2239_Y, Q = \out_valid).
Adding SRST signal on $procdff$2263 ($dff) from module xorflow_encoder_pipelined (D = $procmux$2231_Y, Q = \out_word, rval = 64'0000000000000000000000000000000000000000000000000000000000000000).
Adding EN signal on $auto$ff.cc:266:slice$2279 ($sdff) from module xorflow_encoder_pipelined (D = \in_word, Q = \out_word).
Adding SRST signal on $procdff$2264 ($dff) from module xorflow_encoder_pipelined (D = $procmux$2225_Y, Q = \out_last, rval = 1'0).
Adding EN signal on $auto$ff.cc:266:slice$2281 ($sdff) from module xorflow_encoder_pipelined (D = \in_last, Q = \out_last).
Adding SRST signal on $procdff$2265 ($dff) from module xorflow_encoder_pipelined (D = $procmux$2219_Y, Q = \selected_kind, rval = 2'00).
Adding EN signal on $auto$ff.cc:266:slice$2283 ($sdff) from module xorflow_encoder_pipelined (D = \selected_kind_next, Q = \selected_kind).
Adding SRST signal on $procdff$2266 ($dff) from module xorflow_encoder_pipelined (D = $procmux$2213_Y, Q = \input_words, rval = 0).
Adding EN signal on $auto$ff.cc:266:slice$2285 ($sdff) from module xorflow_encoder_pipelined (D = $add$/tmp/xorflow_encoder_base.Gm8F1O.sv:64$31_Y, Q = \input_words).
Adding SRST signal on $procdff$2267 ($dff) from module xorflow_encoder_pipelined (D = $procmux$2207_Y, Q = \output_words, rval = 0).
Adding EN signal on $auto$ff.cc:266:slice$2287 ($sdff) from module xorflow_encoder_pipelined (D = $add$/tmp/xorflow_encoder_base.Gm8F1O.sv:57$29_Y, Q = \output_words).

4.7. Executing OPT_CLEAN pass (remove unused cells and wires).
Finding unused cells or wires in module \xorflow_encoder_pipelined..
Removed 15 unused cells and 56 unused wires.
<suppressed ~17 debug messages>

4.8. Executing OPT_EXPR pass (perform const folding).
Optimizing module xorflow_encoder_pipelined.
<suppressed ~1 debug messages>

4.9. Rerunning OPT passes. (Maybe there is more to do..)

4.10. Executing OPT_MUXTREE pass (detect dead branches in mux trees).
Running muxtree optimizer on module \xorflow_encoder_pipelined..
  Creating internal representation of mux trees.
  Evaluating internal representation of mux trees.
  Analyzing evaluation results.
Removed 0 multiplexer ports.
<suppressed ~4 debug messages>

4.11. Executing OPT_REDUCE pass (consolidate $*mux and $reduce_* inputs).
  Optimizing cells in module \xorflow_encoder_pipelined.
Performed a total of 0 changes.

4.12. Executing OPT_MERGE pass (detect identical cells).
Finding identical cells in module `\xorflow_encoder_pipelined'.
Removed a total of 0 cells.

4.13. Executing OPT_DFF pass (perform DFF optimizations).

4.14. Executing OPT_CLEAN pass (remove unused cells and wires).
Finding unused cells or wires in module \xorflow_encoder_pipelined..

4.15. Executing OPT_EXPR pass (perform const folding).
Optimizing module xorflow_encoder_pipelined.

4.16. Finished OPT passes. (There is nothing left to do.)

5. Executing TECHMAP pass (map to technology primitives).

5.1. Executing Verilog-2005 frontend: /usr/bin/../share/yosys/techmap.v
Parsing Verilog input from `/usr/bin/../share/yosys/techmap.v' to AST representation.
Generating RTLIL representation for module `\_90_simplemap_bool_ops'.
Generating RTLIL representation for module `\_90_simplemap_reduce_ops'.
Generating RTLIL representation for module `\_90_simplemap_logic_ops'.
Generating RTLIL representation for module `\_90_simplemap_compare_ops'.
Generating RTLIL representation for module `\_90_simplemap_various'.
Generating RTLIL representation for module `\_90_simplemap_registers'.
Generating RTLIL representation for module `\_90_shift_ops_shr_shl_sshl_sshr'.
Generating RTLIL representation for module `\_90_shift_shiftx'.
Generating RTLIL representation for module `\_90_fa'.
Generating RTLIL representation for module `\_90_lcu'.
Generating RTLIL representation for module `\_90_alu'.
Generating RTLIL representation for module `\_90_macc'.
Generating RTLIL representation for module `\_90_alumacc'.
Generating RTLIL representation for module `\$__div_mod_u'.
Generating RTLIL representation for module `\$__div_mod_trunc'.
Generating RTLIL representation for module `\_90_div'.
Generating RTLIL representation for module `\_90_mod'.
Generating RTLIL representation for module `\$__div_mod_floor'.
Generating RTLIL representation for module `\_90_divfloor'.
Generating RTLIL representation for module `\_90_modfloor'.
Generating RTLIL representation for module `\_90_pow'.
Generating RTLIL representation for module `\_90_pmux'.
Generating RTLIL representation for module `\_90_demux'.
Generating RTLIL representation for module `\_90_lut'.
Successfully finished Verilog frontend.

5.2. Continuing TECHMAP pass.
Using extmapper simplemap for cells of type $not.
Using extmapper simplemap for cells of type $reduce_bool.
Using extmapper simplemap for cells of type $logic_not.
Running "alumacc" on wrapper $extern:wrap:$lt:A_SIGNED=0:A_WIDTH=16:B_SIGNED=0:B_WIDTH=16:Y_WIDTH=1:394426c56d1a028ba8fdd5469b163e04011def47.
Using template $extern:wrap:$lt:A_SIGNED=0:A_WIDTH=16:B_SIGNED=0:B_WIDTH=16:Y_WIDTH=1:394426c56d1a028ba8fdd5469b163e04011def47 for cells of type $extern:wrap:$lt:A_SIGNED=0:A_WIDTH=16:B_SIGNED=0:B_WIDTH=16:Y_WIDTH=1:394426c56d1a028ba8fdd5469b163e04011def47.
Using extmapper simplemap for cells of type $logic_or.
Using extmapper simplemap for cells of type $logic_and.
Using extmapper simplemap for cells of type $or.
Running "alumacc" on wrapper $extern:wrap:$add:A_SIGNED=0:A_WIDTH=32:B_SIGNED=0:B_WIDTH=1:Y_WIDTH=32:394426c56d1a028ba8fdd5469b163e04011def47.
Using template $extern:wrap:$add:A_SIGNED=0:A_WIDTH=32:B_SIGNED=0:B_WIDTH=1:Y_WIDTH=32:394426c56d1a028ba8fdd5469b163e04011def47 for cells of type $extern:wrap:$add:A_SIGNED=0:A_WIDTH=32:B_SIGNED=0:B_WIDTH=1:Y_WIDTH=32:394426c56d1a028ba8fdd5469b163e04011def47.
Using extmapper simplemap for cells of type $reduce_and.
Using extmapper simplemap for cells of type $sdffe.
Using extmapper simplemap for cells of type $mux.
Using template $paramod$6a42b6fefed750f8a1c58eab59479d960557103c\_90_alu for cells of type $alu.
Using template $paramod$6df0329addda9228fcc2546de2aaf14ad26c98e1\_90_alu for cells of type $alu.
Using extmapper simplemap for cells of type $pos.
Using template $paramod\_90_lcu\WIDTH=32'00000000000000000000000000010000 for cells of type $lcu.
Using extmapper simplemap for cells of type $and.
Using extmapper simplemap for cells of type $xor.
Using template $paramod\_90_lcu\WIDTH=32'00000000000000000000000000100000 for cells of type $lcu.
No more expansions possible.
<suppressed ~1127 debug messages>

6. Executing OPT pass (performing simple optimizations).

6.1. Executing OPT_EXPR pass (perform const folding).
Optimizing module xorflow_encoder_pipelined.
<suppressed ~609 debug messages>

6.2. Executing OPT_MERGE pass (detect identical cells).
Finding identical cells in module `\xorflow_encoder_pipelined'.
<suppressed ~108 debug messages>
Removed a total of 36 cells.

6.3. Executing OPT_MUXTREE pass (detect dead branches in mux trees).
Running muxtree optimizer on module \xorflow_encoder_pipelined..
  Creating internal representation of mux trees.
  No muxes found in this module.
Removed 0 multiplexer ports.

6.4. Executing OPT_REDUCE pass (consolidate $*mux and $reduce_* inputs).
  Optimizing cells in module \xorflow_encoder_pipelined.
Performed a total of 0 changes.

6.5. Executing OPT_MERGE pass (detect identical cells).
Finding identical cells in module `\xorflow_encoder_pipelined'.
Removed a total of 0 cells.

6.6. Executing OPT_DFF pass (perform DFF optimizations).

6.7. Executing OPT_CLEAN pass (remove unused cells and wires).
Finding unused cells or wires in module \xorflow_encoder_pipelined..
Removed 222 unused cells and 517 unused wires.
<suppressed ~223 debug messages>

6.8. Executing OPT_EXPR pass (perform const folding).
Optimizing module xorflow_encoder_pipelined.

6.9. Rerunning OPT passes. (Maybe there is more to do..)

6.10. Executing OPT_MUXTREE pass (detect dead branches in mux trees).
Running muxtree optimizer on module \xorflow_encoder_pipelined..
  Creating internal representation of mux trees.
  No muxes found in this module.
Removed 0 multiplexer ports.

6.11. Executing OPT_REDUCE pass (consolidate $*mux and $reduce_* inputs).
  Optimizing cells in module \xorflow_encoder_pipelined.
Performed a total of 0 changes.

6.12. Executing OPT_MERGE pass (detect identical cells).
Finding identical cells in module `\xorflow_encoder_pipelined'.
Removed a total of 0 cells.

6.13. Executing OPT_DFF pass (perform DFF optimizations).

6.14. Executing OPT_CLEAN pass (remove unused cells and wires).
Finding unused cells or wires in module \xorflow_encoder_pipelined..

6.15. Executing OPT_EXPR pass (perform const folding).
Optimizing module xorflow_encoder_pipelined.

6.16. Finished OPT passes. (There is nothing left to do.)

7. Executing ABC pass (technology mapping using ABC).

7.1. Extracting gate netlist of module `\xorflow_encoder_pipelined' to `<abc-temp-dir>/input.blif'..
Extracted 688 gates and 854 wires to a netlist network with 163 inputs and 104 outputs.

7.1.1. Executing ABC.
Running ABC command: "<yosys-exe-dir>/yosys-abc" -s -f <abc-temp-dir>/abc.script 2>&1
ABC: ABC command line: "source <abc-temp-dir>/abc.script".
ABC: 
ABC: + read_blif <abc-temp-dir>/input.blif 
ABC: + read_library <abc-temp-dir>/stdcells.genlib 
ABC: Entered genlib library with 8 gates from file "<abc-temp-dir>/stdcells.genlib".
ABC: + strash 
ABC: + &get -n 
ABC: + &fraig -x 
ABC: + &put 
ABC: + scorr 
ABC: Warning: The network is combinational (run "fraig" or "fraig_sweep").
ABC: + dc2 
ABC: + dretime 
ABC: + strash 
ABC: + &get -n 
ABC: + &dch -f 
ABC: + &nf 
ABC: + &put 
ABC: + write_blif <abc-temp-dir>/output.blif 

7.1.2. Re-integrating ABC results.
ABC RESULTS:               MUX cells:       37
ABC RESULTS:               NOT cells:       80
ABC RESULTS:                OR cells:      194
ABC RESULTS:               XOR cells:      138
ABC RESULTS:               AND cells:      197
ABC RESULTS:        internal signals:      587
ABC RESULTS:           input signals:      163
ABC RESULTS:          output signals:      104
Removing temp directory.
Removed 0 unused cells and 487 unused wires.

8. Printing statistics.

=== xorflow_encoder_pipelined ===

   Number of wires:                572
   Number of wire bits:           1039
   Number of public wires:          19
   Number of public wire bits:     300
   Number of memories:               0
   Number of memory bits:            0
   Number of processes:              0
   Number of cells:                810
     $_AND_                        197
     $_MUX_                         37
     $_NOT_                         80
     $_OR_                         194
     $_SDFFE_PN0P_                 164
     $_XOR_                        138

Warnings: 1 unique messages, 1 total
End of script. Logfile hash: 85d0ecd79c, CPU: user 1.46s system 0.17s, MEM: 44.66 MB peak
Yosys 0.33 (git sha1 2584903a060)
Time spent: 53% 3x read_verilog (0 sec), 21% 1x abc (0 sec), ...
