OpenROAD 26Q3-771-g7cfb2105c9 
Features included (+) or not (-): +GPU +GUI +Python
This program is licensed under the BSD-3 license. See the LICENSE file for details.
Components of this program may be licensed under more restrictive licenses which must be honored.
[INFO ORD-0030] Using 8 thread(s).
read_liberty /OpenROAD-flow-scripts/flow/platforms/nangate45/lib/NangateOpenCellLibrary_typical.lib
read_db /work/results/nangate45/xorflow_decoder_lane_top/base/5_1_grt.odb
read_sdc /work/results/nangate45/xorflow_decoder_lane_top/base/5_1_grt.sdc
source /OpenROAD-flow-scripts/flow/platforms/nangate45/setRC.tcl
detailed_route -output_drc /work/reports/nangate45/xorflow_decoder_lane_top/base/5_route_drc.rpt -output_maze /work/results/nangate45/xorflow_decoder_lane_top/base/maze.log -droute_end_iter 64 -verbose 1 -drc_report_iter_step 5
[INFO DRT-0149] Reading tech and libs.

Units:                2000
Number of layers:     21
Number of macros:     135
Number of vias:       33
Number of viarulegen: 19

[INFO DRT-0150] Reading design.

Design:                   xorflow_decoder_lane_top
Die area:                 ( 0 0 ) ( 197540 197540 )
Number of track patterns: 20
Number of DEF vias:       0
Number of components:     3111
Number of terminals:      271
Number of snets:          2
Number of nets:           3476

[INFO DRT-0167] List of default vias:
  Layer via2
    default via: via2_5
  Layer via3
    default via: via3_2
  Layer via4
    default via: via4_0
  Layer via5
    default via: via5_0
  Layer via6
    default via: via6_0
  Layer via7
    default via: via7_0
  Layer via8
    default via: via8_0
  Layer via9
    default via: via9_0
[INFO DRT-0162] Library cell analysis.
[INFO DRT-0163] Instance analysis.
[INFO DRT-0164] Number of unique instances = 93.
[INFO DRT-0168] Init region query.
[INFO DRT-0024]   Complete active.
[INFO DRT-0024]   Complete Fr_VIA.
[INFO DRT-0024]   Complete metal1.
[INFO DRT-0024]   Complete via1.
[INFO DRT-0024]   Complete metal2.
[INFO DRT-0024]   Complete via2.
[INFO DRT-0024]   Complete metal3.
[INFO DRT-0024]   Complete via3.
[INFO DRT-0024]   Complete metal4.
[INFO DRT-0024]   Complete via4.
[INFO DRT-0024]   Complete metal5.
[INFO DRT-0024]   Complete via5.
[INFO DRT-0024]   Complete metal6.
[INFO DRT-0024]   Complete via6.
[INFO DRT-0024]   Complete metal7.
[INFO DRT-0024]   Complete via7.
[INFO DRT-0024]   Complete metal8.
[INFO DRT-0024]   Complete via8.
[INFO DRT-0024]   Complete metal9.
[INFO DRT-0024]   Complete via9.
[INFO DRT-0024]   Complete metal10.
[INFO DRT-0033] active shape region query size = 0.
[INFO DRT-0033] FR_VIA shape region query size = 0.
[INFO DRT-0033] metal1 shape region query size = 46696.
[INFO DRT-0033] via1 shape region query size = 414.
[INFO DRT-0033] metal2 shape region query size = 276.
[INFO DRT-0033] via2 shape region query size = 414.
[INFO DRT-0033] metal3 shape region query size = 276.
[INFO DRT-0033] via3 shape region query size = 414.
[INFO DRT-0033] metal4 shape region query size = 156.
[INFO DRT-0033] via4 shape region query size = 140.
[INFO DRT-0033] metal5 shape region query size = 161.
[INFO DRT-0033] via5 shape region query size = 140.
[INFO DRT-0033] metal6 shape region query size = 164.
[INFO DRT-0033] via6 shape region query size = 56.
[INFO DRT-0033] metal7 shape region query size = 28.
[INFO DRT-0033] via7 shape region query size = 0.
[INFO DRT-0033] metal8 shape region query size = 0.
[INFO DRT-0033] via8 shape region query size = 0.
[INFO DRT-0033] metal9 shape region query size = 0.
[INFO DRT-0033] via9 shape region query size = 0.
[INFO DRT-0033] metal10 shape region query size = 0.
[INFO DRT-0165] Start pin access.
[INFO DRT-0078]   Complete 488 pins.
[INFO DRT-0081]   Complete 93 unique inst patterns.
[INFO DRT-0084]   Complete 1704 groups.
#scanned instances     = 3111
#unique  instances     = 93
#stdCellGenAp          = 2685
#stdCellValidPlanarAp  = 0
#stdCellValidViaAp     = 1900
#stdCellPinNoAp        = 0
#stdCellPinCnt         = 8617
#instTermValidViaApCnt = 0
#macroGenAp            = 0
#macroValidPlanarAp    = 0
#macroValidViaAp       = 0
#macroNoAp             = 0
[INFO DRT-0166] Complete pin access.
[INFO DRT-0267] cpu time = 00:00:31, elapsed time = 00:00:05, memory = 271.69 (MB), peak = 271.69 (MB)

[INFO DRT-0157] Number of guides:     19253

[INFO DRT-0169] Post process guides.
[INFO DRT-0176] GCELLGRID X 0 DO 34 STEP 5700 ;
[INFO DRT-0177] GCELLGRID Y 0 DO 34 STEP 5700 ;
[INFO DRT-0028]   Complete active.
[INFO DRT-0028]   Complete Fr_VIA.
[INFO DRT-0028]   Complete metal1.
[INFO DRT-0028]   Complete via1.
[INFO DRT-0028]   Complete metal2.
[INFO DRT-0028]   Complete via2.
[INFO DRT-0028]   Complete metal3.
[INFO DRT-0028]   Complete via3.
[INFO DRT-0028]   Complete metal4.
[INFO DRT-0028]   Complete via4.
[INFO DRT-0028]   Complete metal5.
[INFO DRT-0028]   Complete via5.
[INFO DRT-0028]   Complete metal6.
[INFO DRT-0028]   Complete via6.
[INFO DRT-0028]   Complete metal7.
[INFO DRT-0028]   Complete via7.
[INFO DRT-0028]   Complete metal8.
[INFO DRT-0028]   Complete via8.
[INFO DRT-0028]   Complete metal9.
[INFO DRT-0028]   Complete via9.
[INFO DRT-0028]   Complete metal10.
[INFO DRT-0178] Init guide query.
[INFO DRT-0035]   Complete active (guide).
[INFO DRT-0035]   Complete Fr_VIA (guide).
[INFO DRT-0035]   Complete metal1 (guide).
[INFO DRT-0035]   Complete via1 (guide).
[INFO DRT-0035]   Complete metal2 (guide).
[INFO DRT-0035]   Complete via2 (guide).
[INFO DRT-0035]   Complete metal3 (guide).
[INFO DRT-0035]   Complete via3 (guide).
[INFO DRT-0035]   Complete metal4 (guide).
[INFO DRT-0035]   Complete via4 (guide).
[INFO DRT-0035]   Complete metal5 (guide).
[INFO DRT-0035]   Complete via5 (guide).
[INFO DRT-0035]   Complete metal6 (guide).
[INFO DRT-0035]   Complete via6 (guide).
[INFO DRT-0035]   Complete metal7 (guide).
[INFO DRT-0035]   Complete via7 (guide).
[INFO DRT-0035]   Complete metal8 (guide).
[INFO DRT-0035]   Complete via8 (guide).
[INFO DRT-0035]   Complete metal9 (guide).
[INFO DRT-0035]   Complete via9 (guide).
[INFO DRT-0035]   Complete metal10 (guide).
[INFO DRT-0036] active guide region query size = 0.
[INFO DRT-0036] FR_VIA guide region query size = 0.
[INFO DRT-0036] metal1 guide region query size = 6778.
[INFO DRT-0036] via1 guide region query size = 0.
[INFO DRT-0036] metal2 guide region query size = 5248.
[INFO DRT-0036] via2 guide region query size = 0.
[INFO DRT-0036] metal3 guide region query size = 2703.
[INFO DRT-0036] via3 guide region query size = 0.
[INFO DRT-0036] metal4 guide region query size = 552.
[INFO DRT-0036] via4 guide region query size = 0.
[INFO DRT-0036] metal5 guide region query size = 334.
[INFO DRT-0036] via5 guide region query size = 0.
[INFO DRT-0036] metal6 guide region query size = 154.
[INFO DRT-0036] via6 guide region query size = 0.
[INFO DRT-0036] metal7 guide region query size = 0.
[INFO DRT-0036] via7 guide region query size = 0.
[INFO DRT-0036] metal8 guide region query size = 0.
[INFO DRT-0036] via8 guide region query size = 0.
[INFO DRT-0036] metal9 guide region query size = 0.
[INFO DRT-0036] via9 guide region query size = 0.
[INFO DRT-0036] metal10 guide region query size = 0.
[INFO DRT-0179] Init gr pin query.
[INFO DRT-0267] cpu time = 00:00:00, elapsed time = 00:00:00, memory = 278.31 (MB), peak = 278.31 (MB)
[INFO DRT-0245] skipped writing guide updates to database.
[INFO DRT-0181] Start track assignment.
[INFO DRT-0184] Done with 5954 vertical wires in 1 frboxes and 9815 horizontal wires in 1 frboxes.
[INFO DRT-0186] Done with 1192 vertical wires in 1 frboxes and 1164 horizontal wires in 1 frboxes.
[INFO DRT-0182] Complete track assignment.
[INFO DRT-0267] cpu time = 00:00:01, elapsed time = 00:00:01, memory = 326.30 (MB), peak = 326.30 (MB)
[INFO DRT-0187] Start routing data preparation.
[INFO DRT-0267] cpu time = 00:00:00, elapsed time = 00:00:00, memory = 326.67 (MB), peak = 326.67 (MB)
[INFO DRT-0194] Start detail routing.
[INFO DRT-0195] Start 0th optimization iteration.
    Completing 10% with 0 violations.
    elapsed time = 00:00:00, memory = 407.17 (MB).
    Completing 20% with 0 violations.
    elapsed time = 00:00:00, memory = 410.08 (MB).
    Completing 30% with 0 violations.
    elapsed time = 00:00:01, memory = 388.10 (MB).
    Completing 40% with 35 violations.
    elapsed time = 00:00:02, memory = 450.42 (MB).
    Completing 50% with 35 violations.
    elapsed time = 00:00:02, memory = 439.12 (MB).
    Completing 60% with 35 violations.
    elapsed time = 00:00:03, memory = 411.88 (MB).
    Completing 70% with 106 violations.
    elapsed time = 00:00:04, memory = 474.01 (MB).
    Completing 80% with 106 violations.
    elapsed time = 00:00:05, memory = 478.88 (MB).
    Completing 90% with 186 violations.
    elapsed time = 00:00:08, memory = 517.30 (MB).
    Completing 100% with 269 violations.
    elapsed time = 00:00:09, memory = 480.66 (MB).
[INFO DRT-0199]   Number of violations = 331.
Viol/Layer      metal2 metal3
Metal Spacing       35      1
Recheck             42     20
Short              216     17
[INFO DRT-0267] cpu time = 00:00:35, elapsed time = 00:00:12, memory = 1016.66 (MB), peak = 1016.66 (MB)
Total wire length = 26325 um.
Total wire length on LAYER metal1 = 0 um.
Total wire length on LAYER metal2 = 10254 um.
Total wire length on LAYER metal3 = 11035 um.
Total wire length on LAYER metal4 = 3392 um.
Total wire length on LAYER metal5 = 851 um.
Total wire length on LAYER metal6 = 791 um.
Total wire length on LAYER metal7 = 0 um.
Total wire length on LAYER metal8 = 0 um.
Total wire length on LAYER metal9 = 0 um.
Total wire length on LAYER metal10 = 0 um.
Total number of vias = 16497.
Up-via summary (total 16497):

----------------
 active        0
 metal1     8497
 metal2     6741
 metal3      734
 metal4      352
 metal5      173
 metal6        0
 metal7        0
 metal8        0
 metal9        0
----------------
       16497


[INFO DRT-0195] Start 1st optimization iteration.
    Completing 10% with 331 violations.
    elapsed time = 00:00:00, memory = 1065.66 (MB).
    Completing 20% with 331 violations.
    elapsed time = 00:00:01, memory = 1065.66 (MB).
    Completing 30% with 270 violations.
    elapsed time = 00:00:01, memory = 1048.41 (MB).
    Completing 40% with 270 violations.
    elapsed time = 00:00:02, memory = 1048.41 (MB).
    Completing 50% with 270 violations.
    elapsed time = 00:00:03, memory = 1048.41 (MB).
    Completing 60% with 202 violations.
    elapsed time = 00:00:04, memory = 1088.66 (MB).
    Completing 70% with 202 violations.
    elapsed time = 00:00:05, memory = 1095.29 (MB).
    Completing 80% with 147 violations.
    elapsed time = 00:00:05, memory = 1101.54 (MB).
    Completing 90% with 147 violations.
    elapsed time = 00:00:07, memory = 1103.91 (MB).
    Completing 100% with 85 violations.
    elapsed time = 00:00:08, memory = 1104.04 (MB).
[INFO DRT-0199]   Number of violations = 85.
Viol/Layer      metal2 metal3
Metal Spacing       11      0
Short               66      8
[INFO DRT-0267] cpu time = 00:00:33, elapsed time = 00:00:08, memory = 1107.04 (MB), peak = 1107.04 (MB)
Total wire length = 26152 um.
Total wire length on LAYER metal1 = 0 um.
Total wire length on LAYER metal2 = 10215 um.
Total wire length on LAYER metal3 = 10911 um.
Total wire length on LAYER metal4 = 3366 um.
Total wire length on LAYER metal5 = 863 um.
Total wire length on LAYER metal6 = 795 um.
Total wire length on LAYER metal7 = 0 um.
Total wire length on LAYER metal8 = 0 um.
Total wire length on LAYER metal9 = 0 um.
Total wire length on LAYER metal10 = 0 um.
Total number of vias = 16352.
Up-via summary (total 16352):

----------------
 active        0
 metal1     8493
 metal2     6611
 metal3      720
 metal4      354
 metal5      174
 metal6        0
 metal7        0
 metal8        0
 metal9        0
----------------
       16352


[INFO DRT-0195] Start 2nd optimization iteration.
    Completing 10% with 85 violations.
    elapsed time = 00:00:00, memory = 1107.04 (MB).
    Completing 20% with 85 violations.
    elapsed time = 00:00:02, memory = 1113.54 (MB).
    Completing 30% with 90 violations.
    elapsed time = 00:00:02, memory = 1113.54 (MB).
    Completing 40% with 90 violations.
    elapsed time = 00:00:03, memory = 1115.16 (MB).
    Completing 50% with 90 violations.
    elapsed time = 00:00:04, memory = 1115.16 (MB).
    Completing 60% with 78 violations.
    elapsed time = 00:00:04, memory = 1115.16 (MB).
    Completing 70% with 78 violations.
    elapsed time = 00:00:06, memory = 1115.23 (MB).
    Completing 80% with 93 violations.
    elapsed time = 00:00:06, memory = 1115.23 (MB).
    Completing 90% with 93 violations.
    elapsed time = 00:00:06, memory = 1115.23 (MB).
    Completing 100% with 83 violations.
    elapsed time = 00:00:08, memory = 1118.11 (MB).
[INFO DRT-0199]   Number of violations = 83.
Viol/Layer      metal2 metal3
Metal Spacing       16      2
Short               57      8
[INFO DRT-0267] cpu time = 00:00:28, elapsed time = 00:00:08, memory = 1118.11 (MB), peak = 1135.79 (MB)
Total wire length = 26108 um.
Total wire length on LAYER metal1 = 0 um.
Total wire length on LAYER metal2 = 10191 um.
Total wire length on LAYER metal3 = 10901 um.
Total wire length on LAYER metal4 = 3365 um.
Total wire length on LAYER metal5 = 859 um.
Total wire length on LAYER metal6 = 791 um.
Total wire length on LAYER metal7 = 0 um.
Total wire length on LAYER metal8 = 0 um.
Total wire length on LAYER metal9 = 0 um.
Total wire length on LAYER metal10 = 0 um.
Total number of vias = 16355.
Up-via summary (total 16355):

----------------
 active        0
 metal1     8498
 metal2     6601
 metal3      734
 metal4      351
 metal5      171
 metal6        0
 metal7        0
 metal8        0
 metal9        0
----------------
       16355


[INFO DRT-0195] Start 3rd guides tiles iteration.
    Completing 10% with 83 violations.
    elapsed time = 00:00:00, memory = 1118.11 (MB).
    Completing 20% with 83 violations.
    elapsed time = 00:00:00, memory = 1118.11 (MB).
    Completing 30% with 83 violations.
    elapsed time = 00:00:00, memory = 1118.11 (MB).
    Completing 40% with 83 violations.
    elapsed time = 00:00:00, memory = 1118.11 (MB).
    Completing 50% with 44 violations.
    elapsed time = 00:00:00, memory = 1118.11 (MB).
    Completing 60% with 44 violations.
    elapsed time = 00:00:00, memory = 1118.11 (MB).
    Completing 70% with 44 violations.
    elapsed time = 00:00:00, memory = 1118.11 (MB).
    Completing 80% with 17 violations.
    elapsed time = 00:00:08, memory = 1120.66 (MB).
    Completing 90% with 0 violations.
    elapsed time = 00:00:10, memory = 1120.66 (MB).
    Completing 100% with 0 violations.
    elapsed time = 00:00:10, memory = 1120.66 (MB).
[INFO DRT-0199]   Number of violations = 0.
[INFO DRT-0267] cpu time = 00:00:12, elapsed time = 00:00:10, memory = 1120.66 (MB), peak = 1194.23 (MB)
Total wire length = 26121 um.
Total wire length on LAYER metal1 = 0 um.
Total wire length on LAYER metal2 = 10036 um.
Total wire length on LAYER metal3 = 10939 um.
Total wire length on LAYER metal4 = 3493 um.
Total wire length on LAYER metal5 = 860 um.
Total wire length on LAYER metal6 = 791 um.
Total wire length on LAYER metal7 = 0 um.
Total wire length on LAYER metal8 = 0 um.
Total wire length on LAYER metal9 = 0 um.
Total wire length on LAYER metal10 = 0 um.
Total number of vias = 16490.
Up-via summary (total 16490):

----------------
 active        0
 metal1     8496
 metal2     6699
 metal3      771
 metal4      353
 metal5      171
 metal6        0
 metal7        0
 metal8        0
 metal9        0
----------------
       16490


[INFO DRT-0198] Complete detail routing.
Total wire length = 26121 um.
Total wire length on LAYER metal1 = 0 um.
Total wire length on LAYER metal2 = 10036 um.
Total wire length on LAYER metal3 = 10939 um.
Total wire length on LAYER metal4 = 3493 um.
Total wire length on LAYER metal5 = 860 um.
Total wire length on LAYER metal6 = 791 um.
Total wire length on LAYER metal7 = 0 um.
Total wire length on LAYER metal8 = 0 um.
Total wire length on LAYER metal9 = 0 um.
Total wire length on LAYER metal10 = 0 um.
Total number of vias = 16490.
Up-via summary (total 16490):

----------------
 active        0
 metal1     8496
 metal2     6699
 metal3      771
 metal4      353
 metal5      171
 metal6        0
 metal7        0
 metal8        0
 metal9        0
----------------
       16490


[INFO DRT-0267] cpu time = 00:01:50, elapsed time = 00:00:41, memory = 1120.66 (MB), peak = 1194.23 (MB)

[INFO DRT-0180] Post processing.
[INFO DRT-0501] Runtime: 44.84s
Took 48 seconds: detailed_route -output_drc /work/reports/nangate45/xorflow_decoder_lane_top/base/5_route_drc.rpt -output_maze /work/results/nangate45/xorflow_decoder_lane_top/base/maze.log -droute_end_iter 64 -verbose 1 -drc_report_iter_step 5
[WARNING GRT-0246] No diode with LEF class CORE ANTENNACELL found.
[INFO ANT-0002] Found 0 net violations.
[INFO ANT-0001] Found 0 pin violations.
[INFO ANT-0002] Found 0 net violations.
[INFO ANT-0001] Found 0 pin violations.
Design area 4150 um^2 45% utilization.
write_db /work/results/nangate45/xorflow_decoder_lane_top/base/5_2_route.odb
Elapsed time: 0:46.31[h:]min:sec. CPU time: user 145.01 sys 2.24 (317%). Peak memory: 1222892KB.
Log                       Ext     Elapsed/s Peak Memory/MB sha1sum result [0:20)
5_2_route                 .odb           46           1194 577bc05d9cbd3005ef38
