
==========================================================================
global route report_tns
--------------------------------------------------------------------------
tns max -2.76

==========================================================================
global route report_wns
--------------------------------------------------------------------------
wns max -0.18

==========================================================================
global route report_worst_slack
--------------------------------------------------------------------------
worst slack max -0.18

==========================================================================
global route report_clock_min_period
--------------------------------------------------------------------------
clk period_min = 1.18 fmax = 849.33

==========================================================================
global route report_clock_skew
--------------------------------------------------------------------------
Clock clk
No launch/capture paths found.


==========================================================================
global route report_checks -path_delay min
--------------------------------------------------------------------------
Startpoint: in_word[8] (input port clocked by clk)
Endpoint: dense_mask[8]$_SDFF_PN0_
          (rising edge-triggered flip-flop clocked by clk)
Path Group: clk
Path Type: min

Fanout     Cap    Slew   Delay    Time   Description
-----------------------------------------------------------------------------
                          0.00    0.00   clock clk (rise edge)
                          0.00    0.00   clock network delay (propagated)
                          0.10    0.10 ^ input external delay
     1   28.16    0.05    0.00    0.10 ^ in_word[8] (in)
                                         in_word[8] (net)
                  0.05    0.00    0.10 ^ input77/A (BUF_X32)
     4   12.25    0.01    0.03    0.13 ^ input77/Z (BUF_X32)
                                         net77 (net)
                  0.01    0.00    0.13 ^ _4121_/A (INV_X1)
     1    2.33    0.00    0.01    0.13 v _4121_/ZN (INV_X1)
                                         _1265_ (net)
                  0.00    0.00    0.13 v _4122_/A2 (NOR2_X1)
     1    1.89    0.02    0.03    0.16 ^ _4122_/ZN (NOR2_X1)
                                         _0400_ (net)
                  0.02    0.00    0.16 ^ dense_mask[8]$_SDFF_PN0_/D (DFF_X1)
                                  0.16   data arrival time

                          0.00    0.00   clock clk (rise edge)
                          0.00    0.00   clock source latency
     1   11.90    0.05    0.00    0.00 ^ clk (in)
                                         clk (net)
                  0.05    0.00    0.00 ^ clkbuf_0_clk/A (CLKBUF_X3)
    16   50.99    0.04    0.08    0.08 ^ clkbuf_0_clk/Z (CLKBUF_X3)
                                         clknet_0_clk (net)
                  0.04    0.00    0.09 ^ clkbuf_4_11_0_clk/A (CLKBUF_X3)
    17   23.80    0.02    0.06    0.14 ^ clkbuf_4_11_0_clk/Z (CLKBUF_X3)
                                         clknet_4_11_0_clk (net)
                  0.02    0.00    0.14 ^ dense_mask[8]$_SDFF_PN0_/CK (DFF_X1)
                          0.00    0.14   clock reconvergence pessimism
                          0.01    0.16   library hold time
                                  0.16   data required time
-----------------------------------------------------------------------------
                                  0.16   data required time
                                 -0.16   data arrival time
-----------------------------------------------------------------------------
                                  0.00   slack (MET)



==========================================================================
global route report_checks -path_delay max
--------------------------------------------------------------------------
Startpoint: in_word[0] (input port clocked by clk)
Endpoint: event_ids[111]$_SDFF_PN0_
          (rising edge-triggered flip-flop clocked by clk)
Path Group: clk
Path Type: max

Fanout     Cap    Slew   Delay    Time   Description
-----------------------------------------------------------------------------
                          0.00    0.00   clock clk (rise edge)
                          0.00    0.00   clock network delay (propagated)
                          0.10    0.10 v input external delay
     1   24.77    0.05    0.00    0.10 v in_word[0] (in)
                                         in_word[0] (net)
                  0.05    0.00    0.10 v input15/A (BUF_X32)
     2    7.51    0.01    0.04    0.14 v input15/Z (BUF_X32)
                                         net15 (net)
                  0.01    0.00    0.14 v _4561_/B (HA_X1)
     2    5.81    0.01    0.04    0.18 v _4561_/CO (HA_X1)
                                         _0037_ (net)
                  0.01    0.00    0.18 v _4444_/CI (FA_X1)
     3   10.18    0.02    0.09    0.26 v _4444_/CO (FA_X1)
                                         _0038_ (net)
                  0.02    0.00    0.26 v _3295_/A1 (NAND4_X2)
     1    6.04    0.02    0.03    0.29 ^ _3295_/ZN (NAND4_X2)
                                         _0561_ (net)
                  0.02    0.00    0.29 ^ _3300_/A1 (NAND4_X4)
     2    6.07    0.02    0.03    0.32 v _3300_/ZN (NAND4_X4)
                                         _0566_ (net)
                  0.02    0.00    0.32 v _3301_/B (XNOR2_X2)
     2    5.46    0.02    0.04    0.36 ^ _3301_/ZN (XNOR2_X2)
                                         u_lane.gap_s1[1][6] (net)
                  0.02    0.00    0.36 ^ _4579_/A (HA_X1)
     3    8.23    0.05    0.08    0.44 ^ _4579_/S (HA_X1)
                                         _0245_ (net)
                  0.05    0.00    0.44 ^ _3350_/A (INV_X2)
     2    7.15    0.01    0.02    0.46 v _3350_/ZN (INV_X2)
                                         _0609_ (net)
                  0.01    0.00    0.46 v _3351_/B1 (OAI21_X4)
     1    4.12    0.02    0.03    0.48 ^ _3351_/ZN (OAI21_X4)
                                         _0610_ (net)
                  0.02    0.00    0.48 ^ _3352_/A (INV_X2)
     2    4.35    0.01    0.01    0.49 v _3352_/ZN (INV_X2)
                                         _0611_ (net)
                  0.01    0.00    0.49 v _3356_/A (OAI21_X2)
     1    3.72    0.02    0.02    0.51 ^ _3356_/ZN (OAI21_X2)
                                         _0615_ (net)
                  0.02    0.00    0.51 ^ _3357_/A (INV_X2)
     1    6.75    0.01    0.01    0.52 v _3357_/ZN (INV_X2)
                                         _0616_ (net)
                  0.01    0.00    0.52 v _3358_/A2 (NAND2_X4)
     1    5.08    0.01    0.02    0.54 ^ _3358_/ZN (NAND2_X4)
                                         _0617_ (net)
                  0.01    0.00    0.54 ^ _3359_/B (XNOR2_X2)
     2    6.23    0.02    0.04    0.58 ^ _3359_/ZN (XNOR2_X2)
                                         u_lane.gap_s2[3][7] (net)
                  0.02    0.00    0.58 ^ _4456_/B (FA_X1)
     1    3.24    0.02    0.10    0.68 v _4456_/S (FA_X1)
                                         _2394_ (net)
                  0.02    0.00    0.68 v _4445_/CI (FA_X1)
     1    3.64    0.02    0.12    0.80 ^ _4445_/S (FA_X1)
                                         _2397_ (net)
                  0.02    0.00    0.80 ^ _4551_/B (HA_X1)
     1    3.84    0.03    0.06    0.85 ^ _4551_/S (HA_X1)
                                         _0197_ (net)
                  0.03    0.00    0.86 ^ rebuffer984/A (BUF_X4)
     4   14.04    0.01    0.03    0.89 ^ rebuffer984/Z (BUF_X4)
                                         net984 (net)
                  0.01    0.00    0.89 ^ _3172_/A (INV_X4)
     1    6.58    0.00    0.01    0.89 v _3172_/ZN (INV_X4)
                                         _2134_ (net)
                  0.00    0.00    0.89 v _3174_/B1 (OAI21_X4)
     1    6.82    0.02    0.02    0.92 ^ _3174_/ZN (OAI21_X4)
                                         _2136_ (net)
                  0.02    0.00    0.92 ^ _3175_/A (INV_X4)
     2    5.77    0.01    0.01    0.93 v _3175_/ZN (INV_X4)
                                         _2137_ (net)
                  0.01    0.00    0.93 v _2792_/A (OAI21_X2)
     1    2.82    0.02    0.02    0.95 ^ _2792_/ZN (OAI21_X2)
                                         _1814_ (net)
                  0.02    0.00    0.95 ^ _2793_/A (INV_X1)
     1    1.67    0.01    0.01    0.96 v _2793_/ZN (INV_X1)
                                         _1815_ (net)
                  0.01    0.00    0.96 v _2794_/A2 (NAND2_X1)
     1    2.75    0.01    0.02    0.97 ^ _2794_/ZN (NAND2_X1)
                                         _1816_ (net)
                  0.01    0.00    0.97 ^ _2795_/B (XOR2_X1)
     1    3.95    0.03    0.06    1.03 ^ _2795_/Z (XOR2_X1)
                                         u_lane.gap_s3[7][8] (net)
                  0.03    0.00    1.03 ^ _4629_/B (HA_X1)
     3    6.39    0.04    0.07    1.10 ^ _4629_/S (HA_X1)
                                         _0316_ (net)
                  0.04    0.00    1.10 ^ _4189_/A2 (NAND2_X1)
     2    6.62    0.02    0.03    1.14 v _4189_/ZN (NAND2_X1)
                                         _1323_ (net)
                  0.02    0.00    1.14 v _4243_/A2 (NOR2_X2)
     2    6.05    0.02    0.04    1.18 ^ _4243_/ZN (NOR2_X2)
                                         _1375_ (net)
                  0.02    0.00    1.18 ^ _2804_/A2 (AND2_X4)
     1    7.60    0.01    0.03    1.21 ^ _2804_/ZN (AND2_X4)
                                         _1823_ (net)
                  0.01    0.00    1.21 ^ _2805_/A2 (NAND2_X4)
     2    7.24    0.01    0.01    1.23 v _2805_/ZN (NAND2_X4)
                                         _1824_ (net)
                  0.01    0.00    1.23 v _2806_/A3 (NAND3_X2)
     1    3.31    0.02    0.02    1.25 ^ _2806_/ZN (NAND3_X2)
                                         _1825_ (net)
                  0.02    0.00    1.25 ^ _2807_/A1 (NAND2_X2)
     1    3.75    0.02    0.02    1.26 v _2807_/ZN (NAND2_X2)
                                         _1826_ (net)
                  0.02    0.00    1.26 v _2809_/A2 (NOR2_X2)
     1    1.92    0.01    0.03    1.29 ^ _2809_/ZN (NOR2_X2)
                                         _0465_ (net)
                  0.01    0.00    1.29 ^ event_ids[111]$_SDFF_PN0_/D (DFF_X1)
                                  1.29   data arrival time

                          1.00    1.00   clock clk (rise edge)
                          0.00    1.00   clock source latency
     1   11.90    0.05    0.00    1.00 ^ clk (in)
                                         clk (net)
                  0.05    0.00    1.00 ^ clkbuf_0_clk/A (CLKBUF_X3)
    16   50.99    0.04    0.08    1.08 ^ clkbuf_0_clk/Z (CLKBUF_X3)
                                         clknet_0_clk (net)
                  0.04    0.00    1.09 ^ clkbuf_4_7_0_clk/A (CLKBUF_X3)
    11   21.41    0.02    0.06    1.14 ^ clkbuf_4_7_0_clk/Z (CLKBUF_X3)
                                         clknet_4_7_0_clk (net)
                  0.02    0.00    1.14 ^ event_ids[111]$_SDFF_PN0_/CK (DFF_X1)
                          0.00    1.14   clock reconvergence pessimism
                         -0.03    1.11   library setup time
                                  1.11   data required time
-----------------------------------------------------------------------------
                                  1.11   data required time
                                 -1.29   data arrival time
-----------------------------------------------------------------------------
                                 -0.18   slack (VIOLATED)



==========================================================================
global route report_checks -unconstrained
--------------------------------------------------------------------------
Startpoint: in_word[0] (input port clocked by clk)
Endpoint: event_ids[111]$_SDFF_PN0_
          (rising edge-triggered flip-flop clocked by clk)
Path Group: clk
Path Type: max

Fanout     Cap    Slew   Delay    Time   Description
-----------------------------------------------------------------------------
                          0.00    0.00   clock clk (rise edge)
                          0.00    0.00   clock network delay (propagated)
                          0.10    0.10 v input external delay
     1   24.77    0.05    0.00    0.10 v in_word[0] (in)
                                         in_word[0] (net)
                  0.05    0.00    0.10 v input15/A (BUF_X32)
     2    7.51    0.01    0.04    0.14 v input15/Z (BUF_X32)
                                         net15 (net)
                  0.01    0.00    0.14 v _4561_/B (HA_X1)
     2    5.81    0.01    0.04    0.18 v _4561_/CO (HA_X1)
                                         _0037_ (net)
                  0.01    0.00    0.18 v _4444_/CI (FA_X1)
     3   10.18    0.02    0.09    0.26 v _4444_/CO (FA_X1)
                                         _0038_ (net)
                  0.02    0.00    0.26 v _3295_/A1 (NAND4_X2)
     1    6.04    0.02    0.03    0.29 ^ _3295_/ZN (NAND4_X2)
                                         _0561_ (net)
                  0.02    0.00    0.29 ^ _3300_/A1 (NAND4_X4)
     2    6.07    0.02    0.03    0.32 v _3300_/ZN (NAND4_X4)
                                         _0566_ (net)
                  0.02    0.00    0.32 v _3301_/B (XNOR2_X2)
     2    5.46    0.02    0.04    0.36 ^ _3301_/ZN (XNOR2_X2)
                                         u_lane.gap_s1[1][6] (net)
                  0.02    0.00    0.36 ^ _4579_/A (HA_X1)
     3    8.23    0.05    0.08    0.44 ^ _4579_/S (HA_X1)
                                         _0245_ (net)
                  0.05    0.00    0.44 ^ _3350_/A (INV_X2)
     2    7.15    0.01    0.02    0.46 v _3350_/ZN (INV_X2)
                                         _0609_ (net)
                  0.01    0.00    0.46 v _3351_/B1 (OAI21_X4)
     1    4.12    0.02    0.03    0.48 ^ _3351_/ZN (OAI21_X4)
                                         _0610_ (net)
                  0.02    0.00    0.48 ^ _3352_/A (INV_X2)
     2    4.35    0.01    0.01    0.49 v _3352_/ZN (INV_X2)
                                         _0611_ (net)
                  0.01    0.00    0.49 v _3356_/A (OAI21_X2)
     1    3.72    0.02    0.02    0.51 ^ _3356_/ZN (OAI21_X2)
                                         _0615_ (net)
                  0.02    0.00    0.51 ^ _3357_/A (INV_X2)
     1    6.75    0.01    0.01    0.52 v _3357_/ZN (INV_X2)
                                         _0616_ (net)
                  0.01    0.00    0.52 v _3358_/A2 (NAND2_X4)
     1    5.08    0.01    0.02    0.54 ^ _3358_/ZN (NAND2_X4)
                                         _0617_ (net)
                  0.01    0.00    0.54 ^ _3359_/B (XNOR2_X2)
     2    6.23    0.02    0.04    0.58 ^ _3359_/ZN (XNOR2_X2)
                                         u_lane.gap_s2[3][7] (net)
                  0.02    0.00    0.58 ^ _4456_/B (FA_X1)
     1    3.24    0.02    0.10    0.68 v _4456_/S (FA_X1)
                                         _2394_ (net)
                  0.02    0.00    0.68 v _4445_/CI (FA_X1)
     1    3.64    0.02    0.12    0.80 ^ _4445_/S (FA_X1)
                                         _2397_ (net)
                  0.02    0.00    0.80 ^ _4551_/B (HA_X1)
     1    3.84    0.03    0.06    0.85 ^ _4551_/S (HA_X1)
                                         _0197_ (net)
                  0.03    0.00    0.86 ^ rebuffer984/A (BUF_X4)
     4   14.04    0.01    0.03    0.89 ^ rebuffer984/Z (BUF_X4)
                                         net984 (net)
                  0.01    0.00    0.89 ^ _3172_/A (INV_X4)
     1    6.58    0.00    0.01    0.89 v _3172_/ZN (INV_X4)
                                         _2134_ (net)
                  0.00    0.00    0.89 v _3174_/B1 (OAI21_X4)
     1    6.82    0.02    0.02    0.92 ^ _3174_/ZN (OAI21_X4)
                                         _2136_ (net)
                  0.02    0.00    0.92 ^ _3175_/A (INV_X4)
     2    5.77    0.01    0.01    0.93 v _3175_/ZN (INV_X4)
                                         _2137_ (net)
                  0.01    0.00    0.93 v _2792_/A (OAI21_X2)
     1    2.82    0.02    0.02    0.95 ^ _2792_/ZN (OAI21_X2)
                                         _1814_ (net)
                  0.02    0.00    0.95 ^ _2793_/A (INV_X1)
     1    1.67    0.01    0.01    0.96 v _2793_/ZN (INV_X1)
                                         _1815_ (net)
                  0.01    0.00    0.96 v _2794_/A2 (NAND2_X1)
     1    2.75    0.01    0.02    0.97 ^ _2794_/ZN (NAND2_X1)
                                         _1816_ (net)
                  0.01    0.00    0.97 ^ _2795_/B (XOR2_X1)
     1    3.95    0.03    0.06    1.03 ^ _2795_/Z (XOR2_X1)
                                         u_lane.gap_s3[7][8] (net)
                  0.03    0.00    1.03 ^ _4629_/B (HA_X1)
     3    6.39    0.04    0.07    1.10 ^ _4629_/S (HA_X1)
                                         _0316_ (net)
                  0.04    0.00    1.10 ^ _4189_/A2 (NAND2_X1)
     2    6.62    0.02    0.03    1.14 v _4189_/ZN (NAND2_X1)
                                         _1323_ (net)
                  0.02    0.00    1.14 v _4243_/A2 (NOR2_X2)
     2    6.05    0.02    0.04    1.18 ^ _4243_/ZN (NOR2_X2)
                                         _1375_ (net)
                  0.02    0.00    1.18 ^ _2804_/A2 (AND2_X4)
     1    7.60    0.01    0.03    1.21 ^ _2804_/ZN (AND2_X4)
                                         _1823_ (net)
                  0.01    0.00    1.21 ^ _2805_/A2 (NAND2_X4)
     2    7.24    0.01    0.01    1.23 v _2805_/ZN (NAND2_X4)
                                         _1824_ (net)
                  0.01    0.00    1.23 v _2806_/A3 (NAND3_X2)
     1    3.31    0.02    0.02    1.25 ^ _2806_/ZN (NAND3_X2)
                                         _1825_ (net)
                  0.02    0.00    1.25 ^ _2807_/A1 (NAND2_X2)
     1    3.75    0.02    0.02    1.26 v _2807_/ZN (NAND2_X2)
                                         _1826_ (net)
                  0.02    0.00    1.26 v _2809_/A2 (NOR2_X2)
     1    1.92    0.01    0.03    1.29 ^ _2809_/ZN (NOR2_X2)
                                         _0465_ (net)
                  0.01    0.00    1.29 ^ event_ids[111]$_SDFF_PN0_/D (DFF_X1)
                                  1.29   data arrival time

                          1.00    1.00   clock clk (rise edge)
                          0.00    1.00   clock source latency
     1   11.90    0.05    0.00    1.00 ^ clk (in)
                                         clk (net)
                  0.05    0.00    1.00 ^ clkbuf_0_clk/A (CLKBUF_X3)
    16   50.99    0.04    0.08    1.08 ^ clkbuf_0_clk/Z (CLKBUF_X3)
                                         clknet_0_clk (net)
                  0.04    0.00    1.09 ^ clkbuf_4_7_0_clk/A (CLKBUF_X3)
    11   21.41    0.02    0.06    1.14 ^ clkbuf_4_7_0_clk/Z (CLKBUF_X3)
                                         clknet_4_7_0_clk (net)
                  0.02    0.00    1.14 ^ event_ids[111]$_SDFF_PN0_/CK (DFF_X1)
                          0.00    1.14   clock reconvergence pessimism
                         -0.03    1.11   library setup time
                                  1.11   data required time
-----------------------------------------------------------------------------
                                  1.11   data required time
                                 -1.29   data arrival time
-----------------------------------------------------------------------------
                                 -0.18   slack (VIOLATED)



==========================================================================
global route report_check_types -max_slew -max_cap -max_fanout -violators
--------------------------------------------------------------------------

==========================================================================
global route max_slew_check_slack
--------------------------------------------------------------------------
0.0879124253988266

==========================================================================
global route max_slew_check_limit
--------------------------------------------------------------------------
0.1985349953174591

==========================================================================
global route max_slew_check_slack_limit
--------------------------------------------------------------------------
0.4428

==========================================================================
global route max_fanout_check_slack
--------------------------------------------------------------------------
1.0000000150474662e+30

==========================================================================
global route max_fanout_check_limit
--------------------------------------------------------------------------
1.0000000150474662e+30

==========================================================================
global route max_capacitance_check_slack
--------------------------------------------------------------------------
11.072089195251465

==========================================================================
global route max_capacitance_check_limit
--------------------------------------------------------------------------
60.65370559692383

==========================================================================
global route max_capacitance_check_slack_limit
--------------------------------------------------------------------------
0.1825

==========================================================================
global route max_slew_violation_count
--------------------------------------------------------------------------
max slew violation count 0

==========================================================================
global route max_fanout_violation_count
--------------------------------------------------------------------------
max fanout violation count 0

==========================================================================
global route max_cap_violation_count
--------------------------------------------------------------------------
max cap violation count 0

==========================================================================
global route setup_violation_count
--------------------------------------------------------------------------
setup violation count 21

==========================================================================
global route hold_violation_count
--------------------------------------------------------------------------
hold violation count 0

==========================================================================
global route report_checks -path_delay max reg to reg
--------------------------------------------------------------------------
No paths found.

==========================================================================
global route report_checks -path_delay min reg to reg
--------------------------------------------------------------------------
No paths found.

==========================================================================
global route critical path target clock latency max path
--------------------------------------------------------------------------
0.1428

==========================================================================
global route critical path target clock latency min path
--------------------------------------------------------------------------
0.1449

==========================================================================
global route critical path source clock latency min path
--------------------------------------------------------------------------
0.0000

==========================================================================
global route critical path delay
--------------------------------------------------------------------------
1.2896

==========================================================================
global route critical path slack
--------------------------------------------------------------------------
-0.1774

==========================================================================
global route slack div critical path delay
--------------------------------------------------------------------------
-13.756203

==========================================================================
global route report_power
--------------------------------------------------------------------------
Group                  Internal  Switching    Leakage      Total
                          Power      Power      Power      Power (Watts)
----------------------------------------------------------------
Sequential             1.53e-03   5.22e-05   1.44e-05   1.60e-03   6.0%
Combinational          1.17e-02   1.24e-02   8.51e-05   2.42e-02  90.9%
Clock                  3.02e-04   5.13e-04   1.44e-06   8.17e-04   3.1%
Macro                  0.00e+00   0.00e+00   0.00e+00   0.00e+00   0.0%
Pad                    0.00e+00   0.00e+00   0.00e+00   0.00e+00   0.0%
----------------------------------------------------------------
Total                  1.36e-02   1.30e-02   1.01e-04   2.66e-02 100.0%
                          51.0%      48.6%       0.4%
