PHASE3A_CONFIG_START=cora_gcnii16
PHASE3A_CONFIG_START=pubmed_gcnii16
PHASE3A_CONFIG_START=cora_deepres28_w128
PHASE3A_CONFIG_START=chameleon_gcnii16
PHASE3A_CONFIG_START=cora_resgcn16
PHASE3A_CONFIG_START=pubmed_deepres28_w128
PHASE3A_SEGMENT=cora_gcnii16:4:W13:PANEL4
PHASE3A_SEGMENT=cora_gcnii16:4:W13:PANEL8
PHASE3A_SEGMENT=cora_gcnii16:4:W13:PANEL16
PHASE3A_SEGMENT=cora_gcnii16:4:W13:PANEL32
PHASE3A_CONFIG_DONE=cora_gcnii16
PHASE3A_SEGMENT=pubmed_gcnii16:4:W13:PANEL4
PHASE3A_SEGMENT=pubmed_gcnii16:4:W13:PANEL8
PHASE3A_SEGMENT=pubmed_gcnii16:4:W13:PANEL16
PHASE3A_SEGMENT=pubmed_gcnii16:4:W13:PANEL32
PHASE3A_CONFIG_DONE=pubmed_gcnii16
PHASE3A_SEGMENT=cora_deepres28_w128:4:W13:PANEL4
PHASE3A_SEGMENT=cora_deepres28_w128:4:W13:PANEL8
PHASE3A_SEGMENT=cora_deepres28_w128:4:W13:PANEL16
PHASE3A_SEGMENT=cora_deepres28_w128:4:W13:PANEL32
PHASE3A_SEGMENT=cora_deepres28_w128:17:W12:PANEL4
PHASE3A_SEGMENT=cora_deepres28_w128:17:W12:PANEL8
PHASE3A_SEGMENT=cora_deepres28_w128:17:W12:PANEL16
PHASE3A_SEGMENT=cora_deepres28_w128:17:W12:PANEL32
PHASE3A_CONFIG_DONE=cora_deepres28_w128
PHASE3A_SEGMENT=chameleon_gcnii16:4:W13:PANEL4
PHASE3A_SEGMENT=chameleon_gcnii16:4:W13:PANEL8
PHASE3A_SEGMENT=chameleon_gcnii16:4:W13:PANEL16
PHASE3A_SEGMENT=chameleon_gcnii16:4:W13:PANEL32
PHASE3A_CONFIG_DONE=chameleon_gcnii16
PHASE3A_SEGMENT=cora_resgcn16:4:W13:PANEL4
PHASE3A_SEGMENT=cora_resgcn16:4:W13:PANEL8
PHASE3A_SEGMENT=cora_resgcn16:4:W13:PANEL16
PHASE3A_SEGMENT=cora_resgcn16:4:W13:PANEL32
PHASE3A_CONFIG_DONE=cora_resgcn16
PHASE3A_SEGMENT=pubmed_deepres28_w128:4:W13:PANEL32
PHASE3A_SEGMENT=pubmed_deepres28_w128:17:W12:PANEL32
PHASE3A_CONFIG_DONE=pubmed_deepres28_w128
PHASE3A_NULLS_START=cora_gcnii16
PHASE3A_NULLS_DONE=cora_gcnii16
PHASE3A_NULLS_START=pubmed_gcnii16
PHASE3A_NULLS_DONE=pubmed_gcnii16
PHASE3A_NULLS_START=cora_deepres28_w128
PHASE3A_NULLS_DONE=cora_deepres28_w128
PHASE3A_ORACLE_DONE=cora_gcnii16
PHASE3A_ORACLE_DONE=pubmed_gcnii16
PHASE3A_ORACLE_DONE=cora_deepres28_w128
PHASE3A_ORACLE_DONE=chameleon_gcnii16
{"decision": "ENVIRONMENT_OR_IMPLEMENTATION_FAILURE", "wall": 5390.5336742340005}
