{"best_val_loss": 3.4184175729751587, "checks": 0, "epoch": 2, "event": "validation", "val_accuracy": 0.162109375, "val_loss": 3.4184175729751587}
/home/rishabh/HPCA2/mosaic_delta_phase1/src/mosaic_validation/hpca_sparse.py:45: UserWarning: Sparse CSR tensor support is in beta state. If you miss a functionality in the sparse tensor support, please submit a feature request to https://github.com/pytorch/pytorch/issues. (Triggered internally at /pytorch/aten/src/ATen/SparseCsrTensorImpl.cpp:53.)
  return torch.sparse_csr_tensor(
{
  "accuracy_drop": 0.0,
  "aggregation_backend": "normalized_csr",
  "best_epoch": 2,
  "best_val_loss": 3.4184175729751587,
  "checkpoint": "/home/rishabh/HPCA2/mosaic_delta_phase1/artifacts_hpca_xorflow/workloads/reddit_fallback_batch128_smoke/model.pt",
  "config_id": "reddit_fallback_batch128_smoke",
  "dataset": "Reddit",
  "device": "cuda",
  "dropout": 0.2,
  "epoch2_val_loss": 3.4184175729751587,
  "epochs": 2,
  "finite_loss": true,
  "fp32_test_accuracy": 0.14832234382629395,
  "fp32_test_loss": 3.4501333236694336,
  "fp32_train_accuracy": 0.1076444759964943,
  "fp32_train_loss": 3.541741132736206,
  "fp32_val_accuracy": 0.14661575853824615,
  "fp32_val_loss": 3.452514886856079,
  "fp8_fp16_test_accuracy": 0.14832234382629395,
  "fp8_fp16_test_loss": 3.449044704437256,
  "fp8_fp16_train_accuracy": 0.1076444759964943,
  "fp8_fp16_train_loss": 3.5410306453704834,
  "fp8_fp16_val_accuracy": 0.14661575853824615,
  "fp8_fp16_val_loss": 3.451590061187744,
  "layers": 8,
  "learning_rate": 0.005,
  "max_epochs": 2,
  "min_epochs": 50,
  "patience": 25,
  "residual_scale": 0.2,
  "sampled_batch_size": 128,
  "sampled_batches_per_epoch": 1,
  "sampled_neighbors": 2,
  "seed": 7,
  "supports_path": "/home/rishabh/HPCA2/mosaic_delta_phase1/artifacts_hpca_xorflow/workloads/reddit_fallback_batch128_smoke/fp8_supports.npz",
  "train_seconds": 17.131339345000015,
  "training_backend": "sampled_neighbor",
  "weight_decay": 0.0005,
  "width": 128
}
