OpenROAD 26Q3-771-g7cfb2105c9 
Features included (+) or not (-): +GPU +GUI +Python
This program is licensed under the BSD-3 license. See the LICENSE file for details.
Components of this program may be licensed under more restrictive licenses which must be honored.
[INFO ORD-0030] Using 8 thread(s).
read_liberty /OpenROAD-flow-scripts/flow/platforms/nangate45/lib/NangateOpenCellLibrary_typical.lib
read_db /work/results/nangate45/xorflow_decoder_lane_pipelined/base/5_1_grt.odb
read_sdc /work/results/nangate45/xorflow_decoder_lane_pipelined/base/5_1_grt.sdc
source /OpenROAD-flow-scripts/flow/platforms/nangate45/setRC.tcl
detailed_route -output_drc /work/reports/nangate45/xorflow_decoder_lane_pipelined/base/5_route_drc.rpt -output_maze /work/results/nangate45/xorflow_decoder_lane_pipelined/base/maze.log -droute_end_iter 64 -verbose 1 -drc_report_iter_step 5
[INFO DRT-0149] Reading tech and libs.

Units:                2000
Number of layers:     21
Number of macros:     135
Number of vias:       33
Number of viarulegen: 19

[INFO DRT-0150] Reading design.

Design:                   xorflow_decoder_lane_pipelined
Die area:                 ( 0 0 ) ( 224250 224250 )
Number of track patterns: 20
Number of DEF vias:       0
Number of components:     3397
Number of terminals:      271
Number of snets:          2
Number of nets:           3866

[INFO DRT-0167] List of default vias:
  Layer via2
    default via: via2_5
  Layer via3
    default via: via3_2
  Layer via4
    default via: via4_0
  Layer via5
    default via: via5_0
  Layer via6
    default via: via6_0
  Layer via7
    default via: via7_0
  Layer via8
    default via: via8_0
  Layer via9
    default via: via9_0
[INFO DRT-0162] Library cell analysis.
[INFO DRT-0163] Instance analysis.
[INFO DRT-0164] Number of unique instances = 73.
[INFO DRT-0168] Init region query.
[INFO DRT-0024]   Complete active.
[INFO DRT-0024]   Complete Fr_VIA.
[INFO DRT-0024]   Complete metal1.
[INFO DRT-0024]   Complete via1.
[INFO DRT-0024]   Complete metal2.
[INFO DRT-0024]   Complete via2.
[INFO DRT-0024]   Complete metal3.
[INFO DRT-0024]   Complete via3.
[INFO DRT-0024]   Complete metal4.
[INFO DRT-0024]   Complete via4.
[INFO DRT-0024]   Complete metal5.
[INFO DRT-0024]   Complete via5.
[INFO DRT-0024]   Complete metal6.
[INFO DRT-0024]   Complete via6.
[INFO DRT-0024]   Complete metal7.
[INFO DRT-0024]   Complete via7.
[INFO DRT-0024]   Complete metal8.
[INFO DRT-0024]   Complete via8.
[INFO DRT-0024]   Complete metal9.
[INFO DRT-0024]   Complete via9.
[INFO DRT-0024]   Complete metal10.
[INFO DRT-0033] active shape region query size = 0.
[INFO DRT-0033] FR_VIA shape region query size = 0.
[INFO DRT-0033] metal1 shape region query size = 51738.
[INFO DRT-0033] via1 shape region query size = 474.
[INFO DRT-0033] metal2 shape region query size = 316.
[INFO DRT-0033] via2 shape region query size = 474.
[INFO DRT-0033] metal3 shape region query size = 316.
[INFO DRT-0033] via3 shape region query size = 474.
[INFO DRT-0033] metal4 shape region query size = 178.
[INFO DRT-0033] via4 shape region query size = 160.
[INFO DRT-0033] metal5 shape region query size = 205.
[INFO DRT-0033] via5 shape region query size = 160.
[INFO DRT-0033] metal6 shape region query size = 128.
[INFO DRT-0033] via6 shape region query size = 64.
[INFO DRT-0033] metal7 shape region query size = 32.
[INFO DRT-0033] via7 shape region query size = 0.
[INFO DRT-0033] metal8 shape region query size = 0.
[INFO DRT-0033] via8 shape region query size = 0.
[INFO DRT-0033] metal9 shape region query size = 0.
[INFO DRT-0033] via9 shape region query size = 0.
[INFO DRT-0033] metal10 shape region query size = 0.
[INFO DRT-0165] Start pin access.
[INFO DRT-0078]   Complete 386 pins.
[INFO DRT-0081]   Complete 73 unique inst patterns.
[INFO DRT-0084]   Complete 1904 groups.
#scanned instances     = 3397
#unique  instances     = 73
#stdCellGenAp          = 1702
#stdCellValidPlanarAp  = 0
#stdCellValidViaAp     = 1305
#stdCellPinNoAp        = 0
#stdCellPinCnt         = 9737
#instTermValidViaApCnt = 0
#macroGenAp            = 0
#macroValidPlanarAp    = 0
#macroValidViaAp       = 0
#macroNoAp             = 0
[INFO DRT-0166] Complete pin access.
[INFO DRT-0267] cpu time = 00:00:24, elapsed time = 00:00:03, memory = 273.57 (MB), peak = 273.57 (MB)

[INFO DRT-0157] Number of guides:     20840

[INFO DRT-0169] Post process guides.
[INFO DRT-0176] GCELLGRID X 0 DO 39 STEP 5700 ;
[INFO DRT-0177] GCELLGRID Y 0 DO 39 STEP 5700 ;
[INFO DRT-0028]   Complete active.
[INFO DRT-0028]   Complete Fr_VIA.
[INFO DRT-0028]   Complete metal1.
[INFO DRT-0028]   Complete via1.
[INFO DRT-0028]   Complete metal2.
[INFO DRT-0028]   Complete via2.
[INFO DRT-0028]   Complete metal3.
[INFO DRT-0028]   Complete via3.
[INFO DRT-0028]   Complete metal4.
[INFO DRT-0028]   Complete via4.
[INFO DRT-0028]   Complete metal5.
[INFO DRT-0028]   Complete via5.
[INFO DRT-0028]   Complete metal6.
[INFO DRT-0028]   Complete via6.
[INFO DRT-0028]   Complete metal7.
[INFO DRT-0028]   Complete via7.
[INFO DRT-0028]   Complete metal8.
[INFO DRT-0028]   Complete via8.
[INFO DRT-0028]   Complete metal9.
[INFO DRT-0028]   Complete via9.
[INFO DRT-0028]   Complete metal10.
[INFO DRT-0178] Init guide query.
[INFO DRT-0035]   Complete active (guide).
[INFO DRT-0035]   Complete Fr_VIA (guide).
[INFO DRT-0035]   Complete metal1 (guide).
[INFO DRT-0035]   Complete via1 (guide).
[INFO DRT-0035]   Complete metal2 (guide).
[INFO DRT-0035]   Complete via2 (guide).
[INFO DRT-0035]   Complete metal3 (guide).
[INFO DRT-0035]   Complete via3 (guide).
[INFO DRT-0035]   Complete metal4 (guide).
[INFO DRT-0035]   Complete via4 (guide).
[INFO DRT-0035]   Complete metal5 (guide).
[INFO DRT-0035]   Complete via5 (guide).
[INFO DRT-0035]   Complete metal6 (guide).
[INFO DRT-0035]   Complete via6 (guide).
[INFO DRT-0035]   Complete metal7 (guide).
[INFO DRT-0035]   Complete via7 (guide).
[INFO DRT-0035]   Complete metal8 (guide).
[INFO DRT-0035]   Complete via8 (guide).
[INFO DRT-0035]   Complete metal9 (guide).
[INFO DRT-0035]   Complete via9 (guide).
[INFO DRT-0035]   Complete metal10 (guide).
[INFO DRT-0036] active guide region query size = 0.
[INFO DRT-0036] FR_VIA guide region query size = 0.
[INFO DRT-0036] metal1 guide region query size = 7450.
[INFO DRT-0036] via1 guide region query size = 0.
[INFO DRT-0036] metal2 guide region query size = 5791.
[INFO DRT-0036] via2 guide region query size = 0.
[INFO DRT-0036] metal3 guide region query size = 2940.
[INFO DRT-0036] via3 guide region query size = 0.
[INFO DRT-0036] metal4 guide region query size = 551.
[INFO DRT-0036] via4 guide region query size = 0.
[INFO DRT-0036] metal5 guide region query size = 348.
[INFO DRT-0036] via5 guide region query size = 0.
[INFO DRT-0036] metal6 guide region query size = 101.
[INFO DRT-0036] via6 guide region query size = 0.
[INFO DRT-0036] metal7 guide region query size = 0.
[INFO DRT-0036] via7 guide region query size = 0.
[INFO DRT-0036] metal8 guide region query size = 0.
[INFO DRT-0036] via8 guide region query size = 0.
[INFO DRT-0036] metal9 guide region query size = 0.
[INFO DRT-0036] via9 guide region query size = 0.
[INFO DRT-0036] metal10 guide region query size = 0.
[INFO DRT-0179] Init gr pin query.
[INFO DRT-0267] cpu time = 00:00:00, elapsed time = 00:00:00, memory = 280.82 (MB), peak = 280.82 (MB)
[INFO DRT-0245] skipped writing guide updates to database.
[INFO DRT-0181] Start track assignment.
[INFO DRT-0184] Done with 6443 vertical wires in 1 frboxes and 10738 horizontal wires in 1 frboxes.
[INFO DRT-0186] Done with 1218 vertical wires in 1 frboxes and 1398 horizontal wires in 1 frboxes.
[INFO DRT-0182] Complete track assignment.
[INFO DRT-0267] cpu time = 00:00:01, elapsed time = 00:00:01, memory = 333.49 (MB), peak = 333.49 (MB)
[INFO DRT-0187] Start routing data preparation.
[INFO DRT-0267] cpu time = 00:00:00, elapsed time = 00:00:00, memory = 333.49 (MB), peak = 333.49 (MB)
[INFO DRT-0194] Start detail routing.
[INFO DRT-0195] Start 0th optimization iteration.
    Completing 10% with 0 violations.
    elapsed time = 00:00:00, memory = 413.29 (MB).
    Completing 20% with 0 violations.
    elapsed time = 00:00:02, memory = 406.76 (MB).
    Completing 30% with 76 violations.
    elapsed time = 00:00:02, memory = 469.89 (MB).
    Completing 40% with 76 violations.
    elapsed time = 00:00:04, memory = 487.89 (MB).
    Completing 50% with 76 violations.
    elapsed time = 00:00:04, memory = 453.87 (MB).
    Completing 60% with 165 violations.
    elapsed time = 00:00:05, memory = 515.37 (MB).
    Completing 70% with 165 violations.
    elapsed time = 00:00:06, memory = 482.73 (MB).
    Completing 80% with 235 violations.
    elapsed time = 00:00:06, memory = 513.46 (MB).
    Completing 90% with 235 violations.
    elapsed time = 00:00:07, memory = 544.34 (MB).
    Completing 100% with 323 violations.
    elapsed time = 00:00:12, memory = 484.61 (MB).
[INFO DRT-0199]   Number of violations = 415.
Viol/Layer      metal1 metal2   via2 metal3 metal4
Cut Spacing          0      0      1      0      0
Metal Spacing        2     31      0      3      0
Recheck              2     50      0     39      1
Short                0    240      0     46      0
[INFO DRT-0267] cpu time = 00:00:41, elapsed time = 00:00:13, memory = 1015.11 (MB), peak = 1015.11 (MB)
Total wire length = 31012 um.
Total wire length on LAYER metal1 = 0 um.
Total wire length on LAYER metal2 = 11461 um.
Total wire length on LAYER metal3 = 14162 um.
Total wire length on LAYER metal4 = 3666 um.
Total wire length on LAYER metal5 = 1476 um.
Total wire length on LAYER metal6 = 245 um.
Total wire length on LAYER metal7 = 0 um.
Total wire length on LAYER metal8 = 0 um.
Total wire length on LAYER metal9 = 0 um.
Total wire length on LAYER metal10 = 0 um.
Total number of vias = 18260.
Up-via summary (total 18260):

----------------
 active        0
 metal1     9486
 metal2     7560
 metal3      703
 metal4      405
 metal5      106
 metal6        0
 metal7        0
 metal8        0
 metal9        0
----------------
       18260


[INFO DRT-0195] Start 1st optimization iteration.
    Completing 10% with 415 violations.
    elapsed time = 00:00:00, memory = 1082.98 (MB).
    Completing 20% with 415 violations.
    elapsed time = 00:00:02, memory = 1062.61 (MB).
    Completing 30% with 329 violations.
    elapsed time = 00:00:02, memory = 1085.74 (MB).
    Completing 40% with 329 violations.
    elapsed time = 00:00:03, memory = 1085.74 (MB).
    Completing 50% with 329 violations.
    elapsed time = 00:00:04, memory = 1087.11 (MB).
    Completing 60% with 281 violations.
    elapsed time = 00:00:05, memory = 1120.99 (MB).
    Completing 70% with 281 violations.
    elapsed time = 00:00:06, memory = 1120.99 (MB).
    Completing 80% with 189 violations.
    elapsed time = 00:00:07, memory = 1146.11 (MB).
    Completing 90% with 189 violations.
    elapsed time = 00:00:08, memory = 1147.99 (MB).
    Completing 100% with 112 violations.
    elapsed time = 00:00:08, memory = 1147.99 (MB).
[INFO DRT-0199]   Number of violations = 112.
Viol/Layer      metal2 metal3
Metal Spacing       17      2
Short               90      3
[INFO DRT-0267] cpu time = 00:00:39, elapsed time = 00:00:09, memory = 1150.99 (MB), peak = 1150.99 (MB)
Total wire length = 30790 um.
Total wire length on LAYER metal1 = 0 um.
Total wire length on LAYER metal2 = 11354 um.
Total wire length on LAYER metal3 = 14097 um.
Total wire length on LAYER metal4 = 3639 um.
Total wire length on LAYER metal5 = 1449 um.
Total wire length on LAYER metal6 = 249 um.
Total wire length on LAYER metal7 = 0 um.
Total wire length on LAYER metal8 = 0 um.
Total wire length on LAYER metal9 = 0 um.
Total wire length on LAYER metal10 = 0 um.
Total number of vias = 18138.
Up-via summary (total 18138):

----------------
 active        0
 metal1     9482
 metal2     7454
 metal3      701
 metal4      395
 metal5      106
 metal6        0
 metal7        0
 metal8        0
 metal9        0
----------------
       18138


[INFO DRT-0195] Start 2nd optimization iteration.
    Completing 10% with 112 violations.
    elapsed time = 00:00:00, memory = 1150.99 (MB).
    Completing 20% with 112 violations.
    elapsed time = 00:00:00, memory = 1150.99 (MB).
    Completing 30% with 112 violations.
    elapsed time = 00:00:01, memory = 1151.10 (MB).
    Completing 40% with 108 violations.
    elapsed time = 00:00:02, memory = 1151.10 (MB).
    Completing 50% with 108 violations.
    elapsed time = 00:00:02, memory = 1151.10 (MB).
    Completing 60% with 109 violations.
    elapsed time = 00:00:03, memory = 1151.10 (MB).
    Completing 70% with 109 violations.
    elapsed time = 00:00:03, memory = 1151.10 (MB).
    Completing 80% with 109 violations.
    elapsed time = 00:00:05, memory = 1155.23 (MB).
    Completing 90% with 91 violations.
    elapsed time = 00:00:05, memory = 1156.98 (MB).
    Completing 100% with 78 violations.
    elapsed time = 00:00:07, memory = 1156.98 (MB).
[INFO DRT-0199]   Number of violations = 78.
Viol/Layer      metal2 metal3
Metal Spacing       21      0
Short               52      5
[INFO DRT-0267] cpu time = 00:00:27, elapsed time = 00:00:08, memory = 1156.98 (MB), peak = 1173.24 (MB)
Total wire length = 30776 um.
Total wire length on LAYER metal1 = 0 um.
Total wire length on LAYER metal2 = 11323 um.
Total wire length on LAYER metal3 = 14065 um.
Total wire length on LAYER metal4 = 3679 um.
Total wire length on LAYER metal5 = 1461 um.
Total wire length on LAYER metal6 = 247 um.
Total wire length on LAYER metal7 = 0 um.
Total wire length on LAYER metal8 = 0 um.
Total wire length on LAYER metal9 = 0 um.
Total wire length on LAYER metal10 = 0 um.
Total number of vias = 18159.
Up-via summary (total 18159):

----------------
 active        0
 metal1     9490
 metal2     7456
 metal3      714
 metal4      393
 metal5      106
 metal6        0
 metal7        0
 metal8        0
 metal9        0
----------------
       18159


[INFO DRT-0195] Start 3rd guides tiles iteration.
    Completing 10% with 78 violations.
    elapsed time = 00:00:00, memory = 1156.98 (MB).
    Completing 20% with 78 violations.
    elapsed time = 00:00:00, memory = 1156.98 (MB).
    Completing 30% with 78 violations.
    elapsed time = 00:00:00, memory = 1156.98 (MB).
    Completing 40% with 25 violations.
    elapsed time = 00:00:01, memory = 1156.98 (MB).
    Completing 50% with 25 violations.
    elapsed time = 00:00:01, memory = 1156.98 (MB).
    Completing 60% with 25 violations.
    elapsed time = 00:00:01, memory = 1156.98 (MB).
    Completing 70% with 14 violations.
    elapsed time = 00:00:01, memory = 1156.98 (MB).
    Completing 80% with 14 violations.
    elapsed time = 00:00:01, memory = 1156.98 (MB).
    Completing 90% with 2 violations.
    elapsed time = 00:00:02, memory = 1156.98 (MB).
    Completing 100% with 1 violations.
    elapsed time = 00:00:02, memory = 1156.98 (MB).
[INFO DRT-0199]   Number of violations = 1.
Viol/Layer      metal2
Metal Spacing        1
[INFO DRT-0267] cpu time = 00:00:05, elapsed time = 00:00:02, memory = 1156.98 (MB), peak = 1173.24 (MB)
Total wire length = 30781 um.
Total wire length on LAYER metal1 = 0 um.
Total wire length on LAYER metal2 = 11252 um.
Total wire length on LAYER metal3 = 14076 um.
Total wire length on LAYER metal4 = 3741 um.
Total wire length on LAYER metal5 = 1463 um.
Total wire length on LAYER metal6 = 247 um.
Total wire length on LAYER metal7 = 0 um.
Total wire length on LAYER metal8 = 0 um.
Total wire length on LAYER metal9 = 0 um.
Total wire length on LAYER metal10 = 0 um.
Total number of vias = 18250.
Up-via summary (total 18250):

----------------
 active        0
 metal1     9489
 metal2     7501
 metal3      759
 metal4      395
 metal5      106
 metal6        0
 metal7        0
 metal8        0
 metal9        0
----------------
       18250


[INFO DRT-0195] Start 4th guides tiles iteration.
    Completing 50% with 1 violations.
    elapsed time = 00:00:00, memory = 1156.98 (MB).
    Completing 100% with 1 violations.
    elapsed time = 00:00:00, memory = 1156.98 (MB).
[INFO DRT-0199]   Number of violations = 1.
Viol/Layer      metal2
Metal Spacing        1
[INFO DRT-0267] cpu time = 00:00:00, elapsed time = 00:00:00, memory = 1156.98 (MB), peak = 1173.24 (MB)
Total wire length = 30781 um.
Total wire length on LAYER metal1 = 0 um.
Total wire length on LAYER metal2 = 11252 um.
Total wire length on LAYER metal3 = 14076 um.
Total wire length on LAYER metal4 = 3741 um.
Total wire length on LAYER metal5 = 1463 um.
Total wire length on LAYER metal6 = 247 um.
Total wire length on LAYER metal7 = 0 um.
Total wire length on LAYER metal8 = 0 um.
Total wire length on LAYER metal9 = 0 um.
Total wire length on LAYER metal10 = 0 um.
Total number of vias = 18250.
Up-via summary (total 18250):

----------------
 active        0
 metal1     9489
 metal2     7501
 metal3      759
 metal4      395
 metal5      106
 metal6        0
 metal7        0
 metal8        0
 metal9        0
----------------
       18250


[INFO DRT-0195] Start 5th stubborn tiles iteration.
    Completing 10% with 1 violations.
    elapsed time = 00:00:01, memory = 1156.98 (MB).
    Completing 20% with 1 violations.
    elapsed time = 00:00:02, memory = 1178.73 (MB).
    Completing 30% with 1 violations.
    elapsed time = 00:00:03, memory = 1199.60 (MB).
    Completing 40% with 1 violations.
    elapsed time = 00:00:04, memory = 1205.73 (MB).
    Completing 50% with 1 violations.
    elapsed time = 00:00:05, memory = 1213.35 (MB).
    Completing 60% with 1 violations.
    elapsed time = 00:00:05, memory = 1231.60 (MB).
    Completing 70% with 1 violations.
    elapsed time = 00:00:06, memory = 1261.35 (MB).
    Completing 80% with 1 violations.
    elapsed time = 00:00:07, memory = 1307.10 (MB).
    Completing 90% with 1 violations.
    elapsed time = 00:00:08, memory = 1333.85 (MB).
    Completing 100% with 0 violations.
    elapsed time = 00:00:09, memory = 1333.85 (MB).
[INFO DRT-0199]   Number of violations = 0.
[INFO DRT-0267] cpu time = 00:00:56, elapsed time = 00:00:09, memory = 1333.98 (MB), peak = 1333.98 (MB)
Total wire length = 30783 um.
Total wire length on LAYER metal1 = 0 um.
Total wire length on LAYER metal2 = 11254 um.
Total wire length on LAYER metal3 = 14076 um.
Total wire length on LAYER metal4 = 3741 um.
Total wire length on LAYER metal5 = 1463 um.
Total wire length on LAYER metal6 = 247 um.
Total wire length on LAYER metal7 = 0 um.
Total wire length on LAYER metal8 = 0 um.
Total wire length on LAYER metal9 = 0 um.
Total wire length on LAYER metal10 = 0 um.
Total number of vias = 18252.
Up-via summary (total 18252):

----------------
 active        0
 metal1     9489
 metal2     7503
 metal3      759
 metal4      395
 metal5      106
 metal6        0
 metal7        0
 metal8        0
 metal9        0
----------------
       18252


[INFO DRT-0198] Complete detail routing.
Total wire length = 30783 um.
Total wire length on LAYER metal1 = 0 um.
Total wire length on LAYER metal2 = 11254 um.
Total wire length on LAYER metal3 = 14076 um.
Total wire length on LAYER metal4 = 3741 um.
Total wire length on LAYER metal5 = 1463 um.
Total wire length on LAYER metal6 = 247 um.
Total wire length on LAYER metal7 = 0 um.
Total wire length on LAYER metal8 = 0 um.
Total wire length on LAYER metal9 = 0 um.
Total wire length on LAYER metal10 = 0 um.
Total number of vias = 18252.
Up-via summary (total 18252):

----------------
 active        0
 metal1     9489
 metal2     7503
 metal3      759
 metal4      395
 metal5      106
 metal6        0
 metal7        0
 metal8        0
 metal9        0
----------------
       18252


[INFO DRT-0267] cpu time = 00:02:51, elapsed time = 00:00:43, memory = 1333.98 (MB), peak = 1333.98 (MB)

[INFO DRT-0180] Post processing.
[INFO DRT-0501] Runtime: 45.56s
Took 48 seconds: detailed_route -output_drc /work/reports/nangate45/xorflow_decoder_lane_pipelined/base/5_route_drc.rpt -output_maze /work/results/nangate45/xorflow_decoder_lane_pipelined/base/maze.log -droute_end_iter 64 -verbose 1 -drc_report_iter_step 5
[WARNING GRT-0246] No diode with LEF class CORE ANTENNACELL found.
[INFO ANT-0002] Found 0 net violations.
[INFO ANT-0001] Found 0 pin violations.
[INFO ANT-0002] Found 0 net violations.
[INFO ANT-0001] Found 0 pin violations.
Design area 4590 um^2 38% utilization.
write_db /work/results/nangate45/xorflow_decoder_lane_pipelined/base/5_2_route.odb
Elapsed time: 0:47.24[h:]min:sec. CPU time: user 197.52 sys 4.62 (427%). Peak memory: 1366248KB.
Log                       Ext     Elapsed/s Peak Memory/MB sha1sum result [0:20)
5_2_route                 .odb           47           1334 2ce48206c8bfb57a1f71
