
==========================================================================
global route report_tns
--------------------------------------------------------------------------
tns max 0.00

==========================================================================
global route report_wns
--------------------------------------------------------------------------
wns max 0.00

==========================================================================
global route report_worst_slack
--------------------------------------------------------------------------
worst slack max 0.28

==========================================================================
global route report_clock_min_period
--------------------------------------------------------------------------
clk period_min = 0.72 fmax = 1397.26

==========================================================================
global route report_clock_skew
--------------------------------------------------------------------------
Clock clk
   0.18 source latency s2_q[6][4]$_DFF_P_/CK ^
  -0.18 target latency event_ids[97]$_SDFF_PN0_/CK ^
   0.00 CRPR
--------------
   0.01 setup skew


==========================================================================
global route report_checks -path_delay min
--------------------------------------------------------------------------
Startpoint: in_word[50] (input port clocked by clk)
Endpoint: word_q[50]$_DFF_P_ (rising edge-triggered flip-flop clocked by clk)
Path Group: clk
Path Type: min

Fanout     Cap    Slew   Delay    Time   Description
-----------------------------------------------------------------------------
                          0.00    0.00   clock clk (rise edge)
                          0.00    0.00   clock network delay (propagated)
                          0.10    0.10 ^ input external delay
     1    1.81    0.05    0.00    0.10 ^ in_word[50] (in)
                                         in_word[50] (net)
                  0.05    0.00    0.10 ^ hold393/A (CLKBUF_X1)
     1    1.93    0.01    0.04    0.14 ^ hold393/Z (CLKBUF_X1)
                                         net393 (net)
                  0.01    0.00    0.14 ^ input60/A (BUF_X1)
     3   15.50    0.04    0.06    0.20 ^ input60/Z (BUF_X1)
                                         net60 (net)
                  0.04    0.00    0.20 ^ word_q[50]$_DFF_P_/D (DFF_X1)
                                  0.20   data arrival time

                          0.00    0.00   clock clk (rise edge)
                          0.00    0.00   clock source latency
     1   13.60    0.05    0.00    0.00 ^ clk (in)
                                         clk (net)
                  0.05    0.00    0.00 ^ clkbuf_0_clk/A (CLKBUF_X3)
     4   24.30    0.02    0.06    0.06 ^ clkbuf_0_clk/Z (CLKBUF_X3)
                                         clknet_0_clk (net)
                  0.02    0.00    0.06 ^ clkbuf_2_0__f_clk/A (CLKBUF_X3)
    16   45.44    0.04    0.07    0.13 ^ clkbuf_2_0__f_clk/Z (CLKBUF_X3)
                                         clknet_2_0__leaf_clk (net)
                  0.04    0.00    0.13 ^ clkbuf_leaf_1_clk/A (CLKBUF_X3)
     8   11.19    0.01    0.05    0.18 ^ clkbuf_leaf_1_clk/Z (CLKBUF_X3)
                                         clknet_leaf_1_clk (net)
                  0.01    0.00    0.18 ^ word_q[50]$_DFF_P_/CK (DFF_X1)
                          0.00    0.18   clock reconvergence pessimism
                          0.02    0.20   library hold time
                                  0.20   data required time
-----------------------------------------------------------------------------
                                  0.20   data required time
                                 -0.20   data arrival time
-----------------------------------------------------------------------------
                                  0.00   slack (MET)



==========================================================================
global route report_checks -path_delay max
--------------------------------------------------------------------------
Startpoint: s2_q[2][5]$_DFF_P_ (rising edge-triggered flip-flop clocked by clk)
Endpoint: event_ids[95]$_SDFF_PN0_
          (rising edge-triggered flip-flop clocked by clk)
Path Group: clk
Path Type: max

Fanout     Cap    Slew   Delay    Time   Description
-----------------------------------------------------------------------------
                          0.00    0.00   clock clk (rise edge)
                          0.00    0.00   clock source latency
     1   13.60    0.05    0.00    0.00 ^ clk (in)
                                         clk (net)
                  0.05    0.00    0.00 ^ clkbuf_0_clk/A (CLKBUF_X3)
     4   24.30    0.02    0.06    0.06 ^ clkbuf_0_clk/Z (CLKBUF_X3)
                                         clknet_0_clk (net)
                  0.02    0.00    0.06 ^ clkbuf_2_1__f_clk/A (CLKBUF_X3)
    14   44.11    0.04    0.07    0.13 ^ clkbuf_2_1__f_clk/Z (CLKBUF_X3)
                                         clknet_2_1__leaf_clk (net)
                  0.04    0.00    0.13 ^ clkbuf_leaf_19_clk/A (CLKBUF_X3)
     8   11.81    0.01    0.05    0.18 ^ clkbuf_leaf_19_clk/Z (CLKBUF_X3)
                                         clknet_leaf_19_clk (net)
                  0.01    0.00    0.18 ^ s2_q[2][5]$_DFF_P_/CK (DFF_X1)
     2    8.52    0.02    0.11    0.29 ^ s2_q[2][5]$_DFF_P_/Q (DFF_X1)
                                         s2_q[2][5] (net)
                  0.02    0.00    0.29 ^ _5382_/A (HA_X1)
     5   11.68    0.07    0.10    0.39 ^ _5382_/S (HA_X1)
                                         _0369_ (net)
                  0.07    0.00    0.39 ^ _4556_/A (INV_X1)
     2    3.90    0.02    0.02    0.40 v _4556_/ZN (INV_X1)
                                         _0703_ (net)
                  0.02    0.00    0.40 v _4558_/A2 (NOR3_X1)
     1    2.21    0.03    0.05    0.45 ^ _4558_/ZN (NOR3_X1)
                                         _0705_ (net)
                  0.03    0.00    0.45 ^ _4559_/A2 (NAND2_X1)
     1    2.26    0.01    0.02    0.47 v _4559_/ZN (NAND2_X1)
                                         _0706_ (net)
                  0.01    0.00    0.47 v _4569_/A1 (NAND3_X1)
     2    5.41    0.02    0.03    0.50 ^ _4569_/ZN (NAND3_X1)
                                         _0716_ (net)
                  0.02    0.00    0.50 ^ _4570_/A1 (NAND3_X1)
     1    2.11    0.01    0.02    0.52 v _4570_/ZN (NAND3_X1)
                                         _0717_ (net)
                  0.01    0.00    0.52 v _4573_/A1 (NAND3_X1)
     1    6.97    0.02    0.03    0.55 ^ _4573_/ZN (NAND3_X1)
                                         s3[6][10] (net)
                  0.02    0.00    0.55 ^ _5351_/B (HA_X1)
     5   13.31    0.07    0.11    0.66 ^ _5351_/S (HA_X1)
                                         _0317_ (net)
                  0.07    0.00    0.66 ^ _3603_/A1 (NAND2_X2)
     3    6.73    0.02    0.03    0.69 v _3603_/ZN (NAND2_X2)
                                         _1879_ (net)
                  0.02    0.00    0.69 v _3675_/A2 (OR2_X1)
     1    1.75    0.01    0.05    0.74 v _3675_/ZN (OR2_X1)
                                         _1949_ (net)
                  0.01    0.00    0.74 v _3676_/A (INV_X1)
     2    4.12    0.01    0.02    0.76 ^ _3676_/ZN (INV_X1)
                                         _1950_ (net)
                  0.01    0.00    0.76 ^ _3685_/A2 (NAND3_X1)
     1    2.16    0.01    0.02    0.79 v _3685_/ZN (NAND3_X1)
                                         _1959_ (net)
                  0.01    0.00    0.79 v _3686_/A3 (NAND3_X1)
     2    4.80    0.02    0.03    0.81 ^ _3686_/ZN (NAND3_X1)
                                         _1960_ (net)
                  0.02    0.00    0.81 ^ _3688_/A1 (NAND2_X1)
     1    2.06    0.01    0.02    0.83 v _3688_/ZN (NAND2_X1)
                                         _1962_ (net)
                  0.01    0.00    0.83 v _3689_/A (INV_X1)
     1    4.23    0.01    0.02    0.85 ^ _3689_/ZN (INV_X1)
                                         _1963_ (net)
                  0.01    0.00    0.85 ^ _3690_/A2 (NOR2_X2)
     1    1.80    0.01    0.01    0.86 v _3690_/ZN (NOR2_X2)
                                         _0519_ (net)
                  0.01    0.00    0.86 v event_ids[95]$_SDFF_PN0_/D (DFF_X1)
                                  0.86   data arrival time

                          1.00    1.00   clock clk (rise edge)
                          0.00    1.00   clock source latency
     1   13.60    0.05    0.00    1.00 ^ clk (in)
                                         clk (net)
                  0.05    0.00    1.00 ^ clkbuf_0_clk/A (CLKBUF_X3)
     4   24.30    0.02    0.06    1.06 ^ clkbuf_0_clk/Z (CLKBUF_X3)
                                         clknet_0_clk (net)
                  0.02    0.00    1.06 ^ clkbuf_2_3__f_clk/A (CLKBUF_X3)
    13   43.06    0.03    0.07    1.13 ^ clkbuf_2_3__f_clk/Z (CLKBUF_X3)
                                         clknet_2_3__leaf_clk (net)
                  0.03    0.00    1.13 ^ clkbuf_leaf_25_clk/A (CLKBUF_X3)
     8   12.96    0.01    0.05    1.18 ^ clkbuf_leaf_25_clk/Z (CLKBUF_X3)
                                         clknet_leaf_25_clk (net)
                  0.01    0.00    1.18 ^ event_ids[95]$_SDFF_PN0_/CK (DFF_X1)
                          0.00    1.18   clock reconvergence pessimism
                         -0.04    1.15   library setup time
                                  1.15   data required time
-----------------------------------------------------------------------------
                                  1.15   data required time
                                 -0.86   data arrival time
-----------------------------------------------------------------------------
                                  0.28   slack (MET)



==========================================================================
global route report_checks -unconstrained
--------------------------------------------------------------------------
Startpoint: s2_q[2][5]$_DFF_P_ (rising edge-triggered flip-flop clocked by clk)
Endpoint: event_ids[95]$_SDFF_PN0_
          (rising edge-triggered flip-flop clocked by clk)
Path Group: clk
Path Type: max

Fanout     Cap    Slew   Delay    Time   Description
-----------------------------------------------------------------------------
                          0.00    0.00   clock clk (rise edge)
                          0.00    0.00   clock source latency
     1   13.60    0.05    0.00    0.00 ^ clk (in)
                                         clk (net)
                  0.05    0.00    0.00 ^ clkbuf_0_clk/A (CLKBUF_X3)
     4   24.30    0.02    0.06    0.06 ^ clkbuf_0_clk/Z (CLKBUF_X3)
                                         clknet_0_clk (net)
                  0.02    0.00    0.06 ^ clkbuf_2_1__f_clk/A (CLKBUF_X3)
    14   44.11    0.04    0.07    0.13 ^ clkbuf_2_1__f_clk/Z (CLKBUF_X3)
                                         clknet_2_1__leaf_clk (net)
                  0.04    0.00    0.13 ^ clkbuf_leaf_19_clk/A (CLKBUF_X3)
     8   11.81    0.01    0.05    0.18 ^ clkbuf_leaf_19_clk/Z (CLKBUF_X3)
                                         clknet_leaf_19_clk (net)
                  0.01    0.00    0.18 ^ s2_q[2][5]$_DFF_P_/CK (DFF_X1)
     2    8.52    0.02    0.11    0.29 ^ s2_q[2][5]$_DFF_P_/Q (DFF_X1)
                                         s2_q[2][5] (net)
                  0.02    0.00    0.29 ^ _5382_/A (HA_X1)
     5   11.68    0.07    0.10    0.39 ^ _5382_/S (HA_X1)
                                         _0369_ (net)
                  0.07    0.00    0.39 ^ _4556_/A (INV_X1)
     2    3.90    0.02    0.02    0.40 v _4556_/ZN (INV_X1)
                                         _0703_ (net)
                  0.02    0.00    0.40 v _4558_/A2 (NOR3_X1)
     1    2.21    0.03    0.05    0.45 ^ _4558_/ZN (NOR3_X1)
                                         _0705_ (net)
                  0.03    0.00    0.45 ^ _4559_/A2 (NAND2_X1)
     1    2.26    0.01    0.02    0.47 v _4559_/ZN (NAND2_X1)
                                         _0706_ (net)
                  0.01    0.00    0.47 v _4569_/A1 (NAND3_X1)
     2    5.41    0.02    0.03    0.50 ^ _4569_/ZN (NAND3_X1)
                                         _0716_ (net)
                  0.02    0.00    0.50 ^ _4570_/A1 (NAND3_X1)
     1    2.11    0.01    0.02    0.52 v _4570_/ZN (NAND3_X1)
                                         _0717_ (net)
                  0.01    0.00    0.52 v _4573_/A1 (NAND3_X1)
     1    6.97    0.02    0.03    0.55 ^ _4573_/ZN (NAND3_X1)
                                         s3[6][10] (net)
                  0.02    0.00    0.55 ^ _5351_/B (HA_X1)
     5   13.31    0.07    0.11    0.66 ^ _5351_/S (HA_X1)
                                         _0317_ (net)
                  0.07    0.00    0.66 ^ _3603_/A1 (NAND2_X2)
     3    6.73    0.02    0.03    0.69 v _3603_/ZN (NAND2_X2)
                                         _1879_ (net)
                  0.02    0.00    0.69 v _3675_/A2 (OR2_X1)
     1    1.75    0.01    0.05    0.74 v _3675_/ZN (OR2_X1)
                                         _1949_ (net)
                  0.01    0.00    0.74 v _3676_/A (INV_X1)
     2    4.12    0.01    0.02    0.76 ^ _3676_/ZN (INV_X1)
                                         _1950_ (net)
                  0.01    0.00    0.76 ^ _3685_/A2 (NAND3_X1)
     1    2.16    0.01    0.02    0.79 v _3685_/ZN (NAND3_X1)
                                         _1959_ (net)
                  0.01    0.00    0.79 v _3686_/A3 (NAND3_X1)
     2    4.80    0.02    0.03    0.81 ^ _3686_/ZN (NAND3_X1)
                                         _1960_ (net)
                  0.02    0.00    0.81 ^ _3688_/A1 (NAND2_X1)
     1    2.06    0.01    0.02    0.83 v _3688_/ZN (NAND2_X1)
                                         _1962_ (net)
                  0.01    0.00    0.83 v _3689_/A (INV_X1)
     1    4.23    0.01    0.02    0.85 ^ _3689_/ZN (INV_X1)
                                         _1963_ (net)
                  0.01    0.00    0.85 ^ _3690_/A2 (NOR2_X2)
     1    1.80    0.01    0.01    0.86 v _3690_/ZN (NOR2_X2)
                                         _0519_ (net)
                  0.01    0.00    0.86 v event_ids[95]$_SDFF_PN0_/D (DFF_X1)
                                  0.86   data arrival time

                          1.00    1.00   clock clk (rise edge)
                          0.00    1.00   clock source latency
     1   13.60    0.05    0.00    1.00 ^ clk (in)
                                         clk (net)
                  0.05    0.00    1.00 ^ clkbuf_0_clk/A (CLKBUF_X3)
     4   24.30    0.02    0.06    1.06 ^ clkbuf_0_clk/Z (CLKBUF_X3)
                                         clknet_0_clk (net)
                  0.02    0.00    1.06 ^ clkbuf_2_3__f_clk/A (CLKBUF_X3)
    13   43.06    0.03    0.07    1.13 ^ clkbuf_2_3__f_clk/Z (CLKBUF_X3)
                                         clknet_2_3__leaf_clk (net)
                  0.03    0.00    1.13 ^ clkbuf_leaf_25_clk/A (CLKBUF_X3)
     8   12.96    0.01    0.05    1.18 ^ clkbuf_leaf_25_clk/Z (CLKBUF_X3)
                                         clknet_leaf_25_clk (net)
                  0.01    0.00    1.18 ^ event_ids[95]$_SDFF_PN0_/CK (DFF_X1)
                          0.00    1.18   clock reconvergence pessimism
                         -0.04    1.15   library setup time
                                  1.15   data required time
-----------------------------------------------------------------------------
                                  1.15   data required time
                                 -0.86   data arrival time
-----------------------------------------------------------------------------
                                  0.28   slack (MET)



==========================================================================
global route report_check_types -max_slew -max_cap -max_fanout -violators
--------------------------------------------------------------------------

==========================================================================
global route max_slew_check_slack
--------------------------------------------------------------------------
0.07201620191335678

==========================================================================
global route max_slew_check_limit
--------------------------------------------------------------------------
0.1985349953174591

==========================================================================
global route max_slew_check_slack_limit
--------------------------------------------------------------------------
0.3627

==========================================================================
global route max_fanout_check_slack
--------------------------------------------------------------------------
1.0000000150474662e+30

==========================================================================
global route max_fanout_check_limit
--------------------------------------------------------------------------
1.0000000150474662e+30

==========================================================================
global route max_capacitance_check_slack
--------------------------------------------------------------------------
3.4871532917022705

==========================================================================
global route max_capacitance_check_limit
--------------------------------------------------------------------------
60.72999954223633

==========================================================================
global route max_capacitance_check_slack_limit
--------------------------------------------------------------------------
0.0574

==========================================================================
global route max_slew_violation_count
--------------------------------------------------------------------------
max slew violation count 0

==========================================================================
global route max_fanout_violation_count
--------------------------------------------------------------------------
max fanout violation count 0

==========================================================================
global route max_cap_violation_count
--------------------------------------------------------------------------
max cap violation count 0

==========================================================================
global route setup_violation_count
--------------------------------------------------------------------------
setup violation count 0

==========================================================================
global route hold_violation_count
--------------------------------------------------------------------------
hold violation count 0

==========================================================================
global route report_checks -path_delay max reg to reg
--------------------------------------------------------------------------
Startpoint: s2_q[2][5]$_DFF_P_ (rising edge-triggered flip-flop clocked by clk)
Endpoint: event_ids[95]$_SDFF_PN0_
          (rising edge-triggered flip-flop clocked by clk)
Path Group: clk
Path Type: max

  Delay    Time   Description
---------------------------------------------------------
   0.00    0.00   clock clk (rise edge)
   0.00    0.00   clock source latency
   0.00    0.00 ^ clk (in)
   0.06    0.06 ^ clkbuf_0_clk/Z (CLKBUF_X3)
   0.07    0.13 ^ clkbuf_2_1__f_clk/Z (CLKBUF_X3)
   0.05    0.18 ^ clkbuf_leaf_19_clk/Z (CLKBUF_X3)
   0.00    0.18 ^ s2_q[2][5]$_DFF_P_/CK (DFF_X1)
   0.11    0.29 ^ s2_q[2][5]$_DFF_P_/Q (DFF_X1)
   0.10    0.39 ^ _5382_/S (HA_X1)
   0.02    0.40 v _4556_/ZN (INV_X1)
   0.05    0.45 ^ _4558_/ZN (NOR3_X1)
   0.02    0.47 v _4559_/ZN (NAND2_X1)
   0.03    0.50 ^ _4569_/ZN (NAND3_X1)
   0.02    0.52 v _4570_/ZN (NAND3_X1)
   0.03    0.55 ^ _4573_/ZN (NAND3_X1)
   0.11    0.66 ^ _5351_/S (HA_X1)
   0.03    0.69 v _3603_/ZN (NAND2_X2)
   0.06    0.74 v _3675_/ZN (OR2_X1)
   0.02    0.76 ^ _3676_/ZN (INV_X1)
   0.02    0.79 v _3685_/ZN (NAND3_X1)
   0.03    0.81 ^ _3686_/ZN (NAND3_X1)
   0.02    0.83 v _3688_/ZN (NAND2_X1)
   0.02    0.85 ^ _3689_/ZN (INV_X1)
   0.01    0.86 v _3690_/ZN (NOR2_X2)
   0.00    0.86 v event_ids[95]$_SDFF_PN0_/D (DFF_X1)
           0.86   data arrival time

   1.00    1.00   clock clk (rise edge)
   0.00    1.00   clock source latency
   0.00    1.00 ^ clk (in)
   0.06    1.06 ^ clkbuf_0_clk/Z (CLKBUF_X3)
   0.07    1.13 ^ clkbuf_2_3__f_clk/Z (CLKBUF_X3)
   0.05    1.18 ^ clkbuf_leaf_25_clk/Z (CLKBUF_X3)
   0.00    1.18 ^ event_ids[95]$_SDFF_PN0_/CK (DFF_X1)
   0.00    1.18   clock reconvergence pessimism
  -0.04    1.15   library setup time
           1.15   data required time
---------------------------------------------------------
           1.15   data required time
          -0.86   data arrival time
---------------------------------------------------------
           0.28   slack (MET)



==========================================================================
global route report_checks -path_delay min reg to reg
--------------------------------------------------------------------------
Startpoint: count_q[1]$_DFF_P_ (rising edge-triggered flip-flop clocked by clk)
Endpoint: event_valid[5]$_DFF_P_
          (rising edge-triggered flip-flop clocked by clk)
Path Group: clk
Path Type: min

  Delay    Time   Description
---------------------------------------------------------
   0.00    0.00   clock clk (rise edge)
   0.00    0.00   clock source latency
   0.00    0.00 ^ clk (in)
   0.06    0.06 ^ clkbuf_0_clk/Z (CLKBUF_X3)
   0.07    0.13 ^ clkbuf_2_2__f_clk/Z (CLKBUF_X3)
   0.05    0.18 ^ clkbuf_leaf_37_clk/Z (CLKBUF_X3)
   0.00    0.18 ^ count_q[1]$_DFF_P_/CK (DFF_X1)
   0.08    0.26 ^ count_q[1]$_DFF_P_/QN (DFF_X1)
   0.02    0.27 v _4226_/ZN (AOI21_X1)
   0.00    0.27 v event_valid[5]$_DFF_P_/D (DFF_X1)
           0.27   data arrival time

   0.00    0.00   clock clk (rise edge)
   0.00    0.00   clock source latency
   0.00    0.00 ^ clk (in)
   0.06    0.06 ^ clkbuf_0_clk/Z (CLKBUF_X3)
   0.07    0.13 ^ clkbuf_2_2__f_clk/Z (CLKBUF_X3)
   0.05    0.18 ^ clkbuf_leaf_37_clk/Z (CLKBUF_X3)
   0.00    0.18 ^ event_valid[5]$_DFF_P_/CK (DFF_X1)
   0.00    0.18   clock reconvergence pessimism
   0.00    0.18   library hold time
           0.18   data required time
---------------------------------------------------------
           0.18   data required time
          -0.27   data arrival time
---------------------------------------------------------
           0.09   slack (MET)



==========================================================================
global route critical path target clock latency max path
--------------------------------------------------------------------------
0.1821

==========================================================================
global route critical path target clock latency min path
--------------------------------------------------------------------------
0.1814

==========================================================================
global route critical path source clock latency min path
--------------------------------------------------------------------------
0.0000

==========================================================================
global route critical path delay
--------------------------------------------------------------------------
0.8610

==========================================================================
global route critical path slack
--------------------------------------------------------------------------
0.2843

==========================================================================
global route slack div critical path delay
--------------------------------------------------------------------------
33.019744

==========================================================================
global route report_power
--------------------------------------------------------------------------
Group                  Internal  Switching    Leakage      Total
                          Power      Power      Power      Power (Watts)
----------------------------------------------------------------
Sequential             2.63e-03   3.40e-04   2.65e-05   3.00e-03  18.6%
Combinational          5.04e-03   6.35e-03   6.90e-05   1.15e-02  71.0%
Clock                  7.46e-04   9.36e-04   2.68e-06   1.68e-03  10.4%
Macro                  0.00e+00   0.00e+00   0.00e+00   0.00e+00   0.0%
Pad                    0.00e+00   0.00e+00   0.00e+00   0.00e+00   0.0%
----------------------------------------------------------------
Total                  8.42e-03   7.62e-03   9.82e-05   1.61e-02 100.0%
                          52.2%      47.2%       0.6%
