OpenROAD 26Q3-771-g7cfb2105c9 
Features included (+) or not (-): +GPU +GUI +Python
This program is licensed under the BSD-3 license. See the LICENSE file for details.
Components of this program may be licensed under more restrictive licenses which must be honored.
[INFO ORD-0030] Using 8 thread(s).
read_liberty /OpenROAD-flow-scripts/flow/platforms/nangate45/lib/NangateOpenCellLibrary_typical.lib
read_db /work/results/nangate45/xorflow_decoder_lane_pipelined/base/6_1_fill.odb
read_sdc /work/results/nangate45/xorflow_decoder_lane_pipelined/base/6_1_fill.sdc
source /OpenROAD-flow-scripts/flow/platforms/nangate45/setRC.tcl
write_db /work/results/nangate45/xorflow_decoder_lane_pipelined/base/6_final.odb
write_sdc -no_timestamp /work/results/nangate45/xorflow_decoder_lane_pipelined/base/6_final.sdc
Deleted 0 routing obstructions
[INFO RCX-0431] Defined process_corner X with ext_model_index 0
[INFO RCX-0029] Defined extraction corner X
[WARNING RCX-0514] The ext_model_file option is deprecated. Use set_extraction_rules_file command instead.
[INFO RCX-0435] Reading extraction model file /OpenROAD-flow-scripts/flow/platforms/nangate45/rcx_patterns.rules ...
[INFO RCX-0436] RC segment generation xorflow_decoder_lane_pipelined (max_merge_res 50.0) ...
[INFO RCX-0040] Final 9620 rc segments
[INFO RCX-0439] Coupling Cap extraction xorflow_decoder_lane_pipelined ...
[INFO RCX-0440] Coupling threshhold is 0.1000 fF, coupling capacitance less than 0.1000 fF will be grounded.
[INFO RCX-0442] 49% of 16287 wires extracted
[INFO RCX-0442] 100% of 16287 wires extracted
[INFO RCX-0045] Extract 3866 nets, 13154 rsegs, 13154 caps, 23209 ccs
[INFO RCX-0443] 3866 nets finished
[INFO PSM-0040] All shapes on net VDD are connected.
########## IR report #################
Net              : VDD
Corner           : default
Total power      : 1.55e-02 W
Supply voltage   : 1.10e+00 V
Worstcase voltage: 1.08e+00 V
Average voltage  : 1.09e+00 V
Average IR drop  : 7.06e-03 V
Worstcase IR drop: 2.05e-02 V
Percentage drop  : 1.86 %
######################################
[INFO PSM-0040] All shapes on net VSS are connected.
########## IR report #################
Net              : VSS
Corner           : default
Total power      : 1.55e-02 W
Supply voltage   : 0.00e+00 V
Worstcase voltage: 2.57e-02 V
Average voltage  : 8.79e-03 V
Average IR drop  : 8.79e-03 V
Worstcase IR drop: 2.57e-02 V
Percentage drop  : 2.34 %
######################################
Cell type report:                       Count       Area
  Fill cell                              3969    7401.98
  Tap cell                                156      41.50
  Clock buffer                             68      84.59
  Timing Repair Buffer                    423     338.35
  Inverter                                670     359.37
  Clock inverter                           34      24.21
  Sequential cell                         337    1523.91
  Multi-Input combinational cell         1709    2218.44
  Total                                  7366   11992.34
Report metrics stage 6, finish...

==========================================================================
finish report_design_area
--------------------------------------------------------------------------
Design area 4590 um^2 38% utilization.
[WARNING GUI-0076] QStandardPaths: wrong permissions on runtime directory /tmp/xdg-run, 0755 instead of 0700
[WARNING GUI-0066] Heat map "IR Drop" has not been populated with data.
[WARNING GUI-0066] Heat map "Routing Congestion" has not been populated with data.
Elapsed time: 0:06.66[h:]min:sec. CPU time: user 7.19 sys 1.16 (125%). Peak memory: 289924KB.
Log                       Ext     Elapsed/s Peak Memory/MB sha1sum result [0:20)
6_report                                  6            283                  N/A
