
 /----------------------------------------------------------------------------\
 |                                                                            |
 |  yosys -- Yosys Open SYnthesis Suite                                       |
 |                                                                            |
 |  Copyright (C) 2012 - 2020  Claire Xenia Wolf <claire@yosyshq.com>         |
 |                                                                            |
 |  Permission to use, copy, modify, and/or distribute this software for any  |
 |  purpose with or without fee is hereby granted, provided that the above    |
 |  copyright notice and this permission notice appear in all copies.         |
 |                                                                            |
 |  THE SOFTWARE IS PROVIDED "AS IS" AND THE AUTHOR DISCLAIMS ALL WARRANTIES  |
 |  WITH REGARD TO THIS SOFTWARE INCLUDING ALL IMPLIED WARRANTIES OF          |
 |  MERCHANTABILITY AND FITNESS. IN NO EVENT SHALL THE AUTHOR BE LIABLE FOR   |
 |  ANY SPECIAL, DIRECT, INDIRECT, OR CONSEQUENTIAL DAMAGES OR ANY DAMAGES    |
 |  WHATSOEVER RESULTING FROM LOSS OF USE, DATA OR PROFITS, WHETHER IN AN     |
 |  ACTION OF CONTRACT, NEGLIGENCE OR OTHER TORTIOUS ACTION, ARISING OUT OF   |
 |  OR IN CONNECTION WITH THE USE OR PERFORMANCE OF THIS SOFTWARE.            |
 |                                                                            |
 \----------------------------------------------------------------------------/

 Yosys 0.33 (git sha1 2584903a060)


-- Running command `
  read_verilog -sv -D FORMAL /home/rishabh/HPCA2/mosaic_delta_phase1/rtl/xorflow_decoder.sv;
  prep -top xorflow_decoder_lane;
  sat -verify -set mode 0 -prove formal_dense_ok 1;
  sat -verify -set mode 1 -prove formal_nondense_ok 1;
  sat -verify -set mode 2 -prove formal_gap0_ok 1;
  sat -verify -set mode 2 -prove formal_gap7_ok 1;
' --

1. Executing Verilog-2005 frontend: /home/rishabh/HPCA2/mosaic_delta_phase1/rtl/xorflow_decoder.sv
Parsing SystemVerilog input from `/home/rishabh/HPCA2/mosaic_delta_phase1/rtl/xorflow_decoder.sv' to AST representation.
Generating RTLIL representation for module `\xorflow_decoder_lane'.
Generating RTLIL representation for module `\xorflow_decoder_bank'.
Successfully finished Verilog frontend.

2. Executing PREP pass.

2.1. Executing HIERARCHY pass (managing design hierarchy).

2.1.1. Analyzing design hierarchy..
Top module:  \xorflow_decoder_lane

2.1.2. Analyzing design hierarchy..
Top module:  \xorflow_decoder_lane
Removing unused module `\xorflow_decoder_bank'.
Removed 1 unused modules.

2.2. Executing PROC pass (convert processes to netlists).

2.2.1. Executing PROC_CLEAN pass (remove empty switches from decision trees).
Cleaned up 0 empty switches.

2.2.2. Executing PROC_RMDEAD pass (remove dead branches from decision trees).
Removed a total of 0 dead cases.

2.2.3. Executing PROC_PRUNE pass (remove redundant assignments in processes).
Removed 0 redundant assignments.
Promoted 32 assignments to connections.

2.2.4. Executing PROC_INIT pass (extract init attributes).

2.2.5. Executing PROC_ARST pass (detect async resets in processes).

2.2.6. Executing PROC_ROM pass (convert switches to ROMs).
Converted 0 switches.

2.2.7. Executing PROC_MUX pass (convert decision trees to multiplexers).
Creating decoders for process `\xorflow_decoder_lane.$proc$/home/rishabh/HPCA2/mosaic_delta_phase1/rtl/xorflow_decoder.sv:0$113'.

2.2.8. Executing PROC_DLATCH pass (convert process syncs to latches).
No latch inferred for signal `\xorflow_decoder_lane.\gap_s0[0]' from process `\xorflow_decoder_lane.$proc$/home/rishabh/HPCA2/mosaic_delta_phase1/rtl/xorflow_decoder.sv:0$113'.
No latch inferred for signal `\xorflow_decoder_lane.\gap_s0[1]' from process `\xorflow_decoder_lane.$proc$/home/rishabh/HPCA2/mosaic_delta_phase1/rtl/xorflow_decoder.sv:0$113'.
No latch inferred for signal `\xorflow_decoder_lane.\gap_s0[2]' from process `\xorflow_decoder_lane.$proc$/home/rishabh/HPCA2/mosaic_delta_phase1/rtl/xorflow_decoder.sv:0$113'.
No latch inferred for signal `\xorflow_decoder_lane.\gap_s0[3]' from process `\xorflow_decoder_lane.$proc$/home/rishabh/HPCA2/mosaic_delta_phase1/rtl/xorflow_decoder.sv:0$113'.
No latch inferred for signal `\xorflow_decoder_lane.\gap_s0[4]' from process `\xorflow_decoder_lane.$proc$/home/rishabh/HPCA2/mosaic_delta_phase1/rtl/xorflow_decoder.sv:0$113'.
No latch inferred for signal `\xorflow_decoder_lane.\gap_s0[5]' from process `\xorflow_decoder_lane.$proc$/home/rishabh/HPCA2/mosaic_delta_phase1/rtl/xorflow_decoder.sv:0$113'.
No latch inferred for signal `\xorflow_decoder_lane.\gap_s0[6]' from process `\xorflow_decoder_lane.$proc$/home/rishabh/HPCA2/mosaic_delta_phase1/rtl/xorflow_decoder.sv:0$113'.
No latch inferred for signal `\xorflow_decoder_lane.\gap_s0[7]' from process `\xorflow_decoder_lane.$proc$/home/rishabh/HPCA2/mosaic_delta_phase1/rtl/xorflow_decoder.sv:0$113'.
No latch inferred for signal `\xorflow_decoder_lane.\gap_s1[0]' from process `\xorflow_decoder_lane.$proc$/home/rishabh/HPCA2/mosaic_delta_phase1/rtl/xorflow_decoder.sv:0$113'.
No latch inferred for signal `\xorflow_decoder_lane.\gap_s1[1]' from process `\xorflow_decoder_lane.$proc$/home/rishabh/HPCA2/mosaic_delta_phase1/rtl/xorflow_decoder.sv:0$113'.
No latch inferred for signal `\xorflow_decoder_lane.\gap_s1[2]' from process `\xorflow_decoder_lane.$proc$/home/rishabh/HPCA2/mosaic_delta_phase1/rtl/xorflow_decoder.sv:0$113'.
No latch inferred for signal `\xorflow_decoder_lane.\gap_s1[3]' from process `\xorflow_decoder_lane.$proc$/home/rishabh/HPCA2/mosaic_delta_phase1/rtl/xorflow_decoder.sv:0$113'.
No latch inferred for signal `\xorflow_decoder_lane.\gap_s1[4]' from process `\xorflow_decoder_lane.$proc$/home/rishabh/HPCA2/mosaic_delta_phase1/rtl/xorflow_decoder.sv:0$113'.
No latch inferred for signal `\xorflow_decoder_lane.\gap_s1[5]' from process `\xorflow_decoder_lane.$proc$/home/rishabh/HPCA2/mosaic_delta_phase1/rtl/xorflow_decoder.sv:0$113'.
No latch inferred for signal `\xorflow_decoder_lane.\gap_s1[6]' from process `\xorflow_decoder_lane.$proc$/home/rishabh/HPCA2/mosaic_delta_phase1/rtl/xorflow_decoder.sv:0$113'.
No latch inferred for signal `\xorflow_decoder_lane.\gap_s1[7]' from process `\xorflow_decoder_lane.$proc$/home/rishabh/HPCA2/mosaic_delta_phase1/rtl/xorflow_decoder.sv:0$113'.
No latch inferred for signal `\xorflow_decoder_lane.\gap_s2[0]' from process `\xorflow_decoder_lane.$proc$/home/rishabh/HPCA2/mosaic_delta_phase1/rtl/xorflow_decoder.sv:0$113'.
No latch inferred for signal `\xorflow_decoder_lane.\gap_s2[1]' from process `\xorflow_decoder_lane.$proc$/home/rishabh/HPCA2/mosaic_delta_phase1/rtl/xorflow_decoder.sv:0$113'.
No latch inferred for signal `\xorflow_decoder_lane.\gap_s2[2]' from process `\xorflow_decoder_lane.$proc$/home/rishabh/HPCA2/mosaic_delta_phase1/rtl/xorflow_decoder.sv:0$113'.
No latch inferred for signal `\xorflow_decoder_lane.\gap_s2[3]' from process `\xorflow_decoder_lane.$proc$/home/rishabh/HPCA2/mosaic_delta_phase1/rtl/xorflow_decoder.sv:0$113'.
No latch inferred for signal `\xorflow_decoder_lane.\gap_s2[4]' from process `\xorflow_decoder_lane.$proc$/home/rishabh/HPCA2/mosaic_delta_phase1/rtl/xorflow_decoder.sv:0$113'.
No latch inferred for signal `\xorflow_decoder_lane.\gap_s2[5]' from process `\xorflow_decoder_lane.$proc$/home/rishabh/HPCA2/mosaic_delta_phase1/rtl/xorflow_decoder.sv:0$113'.
No latch inferred for signal `\xorflow_decoder_lane.\gap_s2[6]' from process `\xorflow_decoder_lane.$proc$/home/rishabh/HPCA2/mosaic_delta_phase1/rtl/xorflow_decoder.sv:0$113'.
No latch inferred for signal `\xorflow_decoder_lane.\gap_s2[7]' from process `\xorflow_decoder_lane.$proc$/home/rishabh/HPCA2/mosaic_delta_phase1/rtl/xorflow_decoder.sv:0$113'.
No latch inferred for signal `\xorflow_decoder_lane.\gap_s3[0]' from process `\xorflow_decoder_lane.$proc$/home/rishabh/HPCA2/mosaic_delta_phase1/rtl/xorflow_decoder.sv:0$113'.
No latch inferred for signal `\xorflow_decoder_lane.\gap_s3[1]' from process `\xorflow_decoder_lane.$proc$/home/rishabh/HPCA2/mosaic_delta_phase1/rtl/xorflow_decoder.sv:0$113'.
No latch inferred for signal `\xorflow_decoder_lane.\gap_s3[2]' from process `\xorflow_decoder_lane.$proc$/home/rishabh/HPCA2/mosaic_delta_phase1/rtl/xorflow_decoder.sv:0$113'.
No latch inferred for signal `\xorflow_decoder_lane.\gap_s3[3]' from process `\xorflow_decoder_lane.$proc$/home/rishabh/HPCA2/mosaic_delta_phase1/rtl/xorflow_decoder.sv:0$113'.
No latch inferred for signal `\xorflow_decoder_lane.\gap_s3[4]' from process `\xorflow_decoder_lane.$proc$/home/rishabh/HPCA2/mosaic_delta_phase1/rtl/xorflow_decoder.sv:0$113'.
No latch inferred for signal `\xorflow_decoder_lane.\gap_s3[5]' from process `\xorflow_decoder_lane.$proc$/home/rishabh/HPCA2/mosaic_delta_phase1/rtl/xorflow_decoder.sv:0$113'.
No latch inferred for signal `\xorflow_decoder_lane.\gap_s3[6]' from process `\xorflow_decoder_lane.$proc$/home/rishabh/HPCA2/mosaic_delta_phase1/rtl/xorflow_decoder.sv:0$113'.
No latch inferred for signal `\xorflow_decoder_lane.\gap_s3[7]' from process `\xorflow_decoder_lane.$proc$/home/rishabh/HPCA2/mosaic_delta_phase1/rtl/xorflow_decoder.sv:0$113'.

2.2.9. Executing PROC_DFF pass (convert process syncs to FFs).

2.2.10. Executing PROC_MEMWR pass (convert process memory writes to cells).

2.2.11. Executing PROC_CLEAN pass (remove empty switches from decision trees).
Removing empty process `xorflow_decoder_lane.$proc$/home/rishabh/HPCA2/mosaic_delta_phase1/rtl/xorflow_decoder.sv:0$113'.
Cleaned up 0 empty switches.

2.2.12. Executing OPT_EXPR pass (perform const folding).
Optimizing module xorflow_decoder_lane.
<suppressed ~20 debug messages>

2.3. Executing OPT_EXPR pass (perform const folding).
Optimizing module xorflow_decoder_lane.

2.4. Executing OPT_CLEAN pass (remove unused cells and wires).
Finding unused cells or wires in module \xorflow_decoder_lane..
Removed 8 unused cells and 94 unused wires.
<suppressed ~9 debug messages>

2.5. Executing CHECK pass (checking for obvious problems).
Checking module xorflow_decoder_lane...
Found and reported 0 problems.

2.6. Executing OPT pass (performing simple optimizations).

2.6.1. Executing OPT_EXPR pass (perform const folding).
Optimizing module xorflow_decoder_lane.

2.6.2. Executing OPT_MERGE pass (detect identical cells).
Finding identical cells in module `\xorflow_decoder_lane'.
<suppressed ~90 debug messages>
Removed a total of 30 cells.

2.6.3. Executing OPT_MUXTREE pass (detect dead branches in mux trees).
Running muxtree optimizer on module \xorflow_decoder_lane..
  Creating internal representation of mux trees.
  Evaluating internal representation of mux trees.
  Analyzing evaluation results.
Removed 0 multiplexer ports.
<suppressed ~9 debug messages>

2.6.4. Executing OPT_REDUCE pass (consolidate $*mux and $reduce_* inputs).
  Optimizing cells in module \xorflow_decoder_lane.
Performed a total of 0 changes.

2.6.5. Executing OPT_MERGE pass (detect identical cells).
Finding identical cells in module `\xorflow_decoder_lane'.
Removed a total of 0 cells.

2.6.6. Executing OPT_CLEAN pass (remove unused cells and wires).
Finding unused cells or wires in module \xorflow_decoder_lane..
Removed 0 unused cells and 30 unused wires.
<suppressed ~1 debug messages>

2.6.7. Executing OPT_EXPR pass (perform const folding).
Optimizing module xorflow_decoder_lane.

2.6.8. Rerunning OPT passes. (Maybe there is more to do..)

2.6.9. Executing OPT_MUXTREE pass (detect dead branches in mux trees).
Running muxtree optimizer on module \xorflow_decoder_lane..
  Creating internal representation of mux trees.
  Evaluating internal representation of mux trees.
  Analyzing evaluation results.
Removed 0 multiplexer ports.
<suppressed ~9 debug messages>

2.6.10. Executing OPT_REDUCE pass (consolidate $*mux and $reduce_* inputs).
  Optimizing cells in module \xorflow_decoder_lane.
Performed a total of 0 changes.

2.6.11. Executing OPT_MERGE pass (detect identical cells).
Finding identical cells in module `\xorflow_decoder_lane'.
Removed a total of 0 cells.

2.6.12. Executing OPT_CLEAN pass (remove unused cells and wires).
Finding unused cells or wires in module \xorflow_decoder_lane..

2.6.13. Executing OPT_EXPR pass (perform const folding).
Optimizing module xorflow_decoder_lane.

2.6.14. Finished OPT passes. (There is nothing left to do.)

2.7. Executing WREDUCE pass (reducing word size of cells).
Removed top 1 bits (of 2) from port B of cell xorflow_decoder_lane.$eq$/home/rishabh/HPCA2/mosaic_delta_phase1/rtl/xorflow_decoder.sv:47$17 ($eq).
Removed top 6 bits (of 14) from port B of cell xorflow_decoder_lane.$add$/home/rishabh/HPCA2/mosaic_delta_phase1/rtl/xorflow_decoder.sv:48$19 ($add).
Removed top 31 bits (of 32) from port A of cell xorflow_decoder_lane.$lt$/home/rishabh/HPCA2/mosaic_delta_phase1/rtl/xorflow_decoder.sv:55$24 ($lt).
Removed top 31 bits (of 32) from port A of cell xorflow_decoder_lane.$lt$/home/rishabh/HPCA2/mosaic_delta_phase1/rtl/xorflow_decoder.sv:55$37 ($lt).
Removed top 30 bits (of 32) from port A of cell xorflow_decoder_lane.$lt$/home/rishabh/HPCA2/mosaic_delta_phase1/rtl/xorflow_decoder.sv:55$50 ($lt).
Removed top 30 bits (of 32) from port A of cell xorflow_decoder_lane.$lt$/home/rishabh/HPCA2/mosaic_delta_phase1/rtl/xorflow_decoder.sv:55$63 ($lt).
Removed top 29 bits (of 32) from port A of cell xorflow_decoder_lane.$lt$/home/rishabh/HPCA2/mosaic_delta_phase1/rtl/xorflow_decoder.sv:56$77 ($lt).
Removed top 29 bits (of 32) from port A of cell xorflow_decoder_lane.$lt$/home/rishabh/HPCA2/mosaic_delta_phase1/rtl/xorflow_decoder.sv:56$88 ($lt).
Removed top 29 bits (of 32) from port A of cell xorflow_decoder_lane.$lt$/home/rishabh/HPCA2/mosaic_delta_phase1/rtl/xorflow_decoder.sv:56$99 ($lt).
Removed top 29 bits (of 32) from port A of cell xorflow_decoder_lane.$lt$/home/rishabh/HPCA2/mosaic_delta_phase1/rtl/xorflow_decoder.sv:56$110 ($lt).
Removed top 6 bits (of 14) from port A of cell xorflow_decoder_lane.$add$/home/rishabh/HPCA2/mosaic_delta_phase1/rtl/xorflow_decoder.sv:34$114 ($add).
Removed top 6 bits (of 14) from port B of cell xorflow_decoder_lane.$add$/home/rishabh/HPCA2/mosaic_delta_phase1/rtl/xorflow_decoder.sv:34$114 ($add).
Removed top 5 bits (of 14) from port Y of cell xorflow_decoder_lane.$add$/home/rishabh/HPCA2/mosaic_delta_phase1/rtl/xorflow_decoder.sv:34$114 ($add).
Removed top 6 bits (of 14) from port A of cell xorflow_decoder_lane.$add$/home/rishabh/HPCA2/mosaic_delta_phase1/rtl/xorflow_decoder.sv:34$115 ($add).
Removed top 6 bits (of 14) from port B of cell xorflow_decoder_lane.$add$/home/rishabh/HPCA2/mosaic_delta_phase1/rtl/xorflow_decoder.sv:34$115 ($add).
Removed top 5 bits (of 14) from port Y of cell xorflow_decoder_lane.$add$/home/rishabh/HPCA2/mosaic_delta_phase1/rtl/xorflow_decoder.sv:34$115 ($add).
Removed top 5 bits (of 14) from port A of cell xorflow_decoder_lane.$add$/home/rishabh/HPCA2/mosaic_delta_phase1/rtl/xorflow_decoder.sv:38$116 ($add).
Removed top 6 bits (of 14) from port B of cell xorflow_decoder_lane.$add$/home/rishabh/HPCA2/mosaic_delta_phase1/rtl/xorflow_decoder.sv:38$116 ($add).
Removed top 4 bits (of 14) from port Y of cell xorflow_decoder_lane.$add$/home/rishabh/HPCA2/mosaic_delta_phase1/rtl/xorflow_decoder.sv:38$116 ($add).
Removed top 6 bits (of 14) from port A of cell xorflow_decoder_lane.$add$/home/rishabh/HPCA2/mosaic_delta_phase1/rtl/xorflow_decoder.sv:34$117 ($add).
Removed top 6 bits (of 14) from port B of cell xorflow_decoder_lane.$add$/home/rishabh/HPCA2/mosaic_delta_phase1/rtl/xorflow_decoder.sv:34$117 ($add).
Removed top 5 bits (of 14) from port Y of cell xorflow_decoder_lane.$add$/home/rishabh/HPCA2/mosaic_delta_phase1/rtl/xorflow_decoder.sv:34$117 ($add).
Removed top 5 bits (of 14) from port A of cell xorflow_decoder_lane.$add$/home/rishabh/HPCA2/mosaic_delta_phase1/rtl/xorflow_decoder.sv:38$118 ($add).
Removed top 5 bits (of 14) from port B of cell xorflow_decoder_lane.$add$/home/rishabh/HPCA2/mosaic_delta_phase1/rtl/xorflow_decoder.sv:38$118 ($add).
Removed top 4 bits (of 14) from port Y of cell xorflow_decoder_lane.$add$/home/rishabh/HPCA2/mosaic_delta_phase1/rtl/xorflow_decoder.sv:38$118 ($add).
Removed top 6 bits (of 14) from port A of cell xorflow_decoder_lane.$add$/home/rishabh/HPCA2/mosaic_delta_phase1/rtl/xorflow_decoder.sv:34$119 ($add).
Removed top 6 bits (of 14) from port B of cell xorflow_decoder_lane.$add$/home/rishabh/HPCA2/mosaic_delta_phase1/rtl/xorflow_decoder.sv:34$119 ($add).
Removed top 5 bits (of 14) from port Y of cell xorflow_decoder_lane.$add$/home/rishabh/HPCA2/mosaic_delta_phase1/rtl/xorflow_decoder.sv:34$119 ($add).
Removed top 5 bits (of 14) from port A of cell xorflow_decoder_lane.$add$/home/rishabh/HPCA2/mosaic_delta_phase1/rtl/xorflow_decoder.sv:38$120 ($add).
Removed top 5 bits (of 14) from port B of cell xorflow_decoder_lane.$add$/home/rishabh/HPCA2/mosaic_delta_phase1/rtl/xorflow_decoder.sv:38$120 ($add).
Removed top 4 bits (of 14) from port Y of cell xorflow_decoder_lane.$add$/home/rishabh/HPCA2/mosaic_delta_phase1/rtl/xorflow_decoder.sv:38$120 ($add).
Removed top 4 bits (of 14) from port A of cell xorflow_decoder_lane.$add$/home/rishabh/HPCA2/mosaic_delta_phase1/rtl/xorflow_decoder.sv:42$121 ($add).
Removed top 6 bits (of 14) from port B of cell xorflow_decoder_lane.$add$/home/rishabh/HPCA2/mosaic_delta_phase1/rtl/xorflow_decoder.sv:42$121 ($add).
Removed top 3 bits (of 14) from port Y of cell xorflow_decoder_lane.$add$/home/rishabh/HPCA2/mosaic_delta_phase1/rtl/xorflow_decoder.sv:42$121 ($add).
Removed top 6 bits (of 14) from port A of cell xorflow_decoder_lane.$add$/home/rishabh/HPCA2/mosaic_delta_phase1/rtl/xorflow_decoder.sv:34$122 ($add).
Removed top 6 bits (of 14) from port B of cell xorflow_decoder_lane.$add$/home/rishabh/HPCA2/mosaic_delta_phase1/rtl/xorflow_decoder.sv:34$122 ($add).
Removed top 5 bits (of 14) from port Y of cell xorflow_decoder_lane.$add$/home/rishabh/HPCA2/mosaic_delta_phase1/rtl/xorflow_decoder.sv:34$122 ($add).
Removed top 5 bits (of 14) from port A of cell xorflow_decoder_lane.$add$/home/rishabh/HPCA2/mosaic_delta_phase1/rtl/xorflow_decoder.sv:38$123 ($add).
Removed top 5 bits (of 14) from port B of cell xorflow_decoder_lane.$add$/home/rishabh/HPCA2/mosaic_delta_phase1/rtl/xorflow_decoder.sv:38$123 ($add).
Removed top 4 bits (of 14) from port Y of cell xorflow_decoder_lane.$add$/home/rishabh/HPCA2/mosaic_delta_phase1/rtl/xorflow_decoder.sv:38$123 ($add).
Removed top 4 bits (of 14) from port A of cell xorflow_decoder_lane.$add$/home/rishabh/HPCA2/mosaic_delta_phase1/rtl/xorflow_decoder.sv:42$124 ($add).
Removed top 5 bits (of 14) from port B of cell xorflow_decoder_lane.$add$/home/rishabh/HPCA2/mosaic_delta_phase1/rtl/xorflow_decoder.sv:42$124 ($add).
Removed top 3 bits (of 14) from port Y of cell xorflow_decoder_lane.$add$/home/rishabh/HPCA2/mosaic_delta_phase1/rtl/xorflow_decoder.sv:42$124 ($add).
Removed top 6 bits (of 14) from port A of cell xorflow_decoder_lane.$add$/home/rishabh/HPCA2/mosaic_delta_phase1/rtl/xorflow_decoder.sv:34$125 ($add).
Removed top 6 bits (of 14) from port B of cell xorflow_decoder_lane.$add$/home/rishabh/HPCA2/mosaic_delta_phase1/rtl/xorflow_decoder.sv:34$125 ($add).
Removed top 5 bits (of 14) from port Y of cell xorflow_decoder_lane.$add$/home/rishabh/HPCA2/mosaic_delta_phase1/rtl/xorflow_decoder.sv:34$125 ($add).
Removed top 5 bits (of 14) from port A of cell xorflow_decoder_lane.$add$/home/rishabh/HPCA2/mosaic_delta_phase1/rtl/xorflow_decoder.sv:38$126 ($add).
Removed top 5 bits (of 14) from port B of cell xorflow_decoder_lane.$add$/home/rishabh/HPCA2/mosaic_delta_phase1/rtl/xorflow_decoder.sv:38$126 ($add).
Removed top 4 bits (of 14) from port Y of cell xorflow_decoder_lane.$add$/home/rishabh/HPCA2/mosaic_delta_phase1/rtl/xorflow_decoder.sv:38$126 ($add).
Removed top 4 bits (of 14) from port A of cell xorflow_decoder_lane.$add$/home/rishabh/HPCA2/mosaic_delta_phase1/rtl/xorflow_decoder.sv:42$127 ($add).
Removed top 4 bits (of 14) from port B of cell xorflow_decoder_lane.$add$/home/rishabh/HPCA2/mosaic_delta_phase1/rtl/xorflow_decoder.sv:42$127 ($add).
Removed top 3 bits (of 14) from port Y of cell xorflow_decoder_lane.$add$/home/rishabh/HPCA2/mosaic_delta_phase1/rtl/xorflow_decoder.sv:42$127 ($add).
Removed top 6 bits (of 14) from port A of cell xorflow_decoder_lane.$add$/home/rishabh/HPCA2/mosaic_delta_phase1/rtl/xorflow_decoder.sv:34$128 ($add).
Removed top 6 bits (of 14) from port B of cell xorflow_decoder_lane.$add$/home/rishabh/HPCA2/mosaic_delta_phase1/rtl/xorflow_decoder.sv:34$128 ($add).
Removed top 5 bits (of 14) from port Y of cell xorflow_decoder_lane.$add$/home/rishabh/HPCA2/mosaic_delta_phase1/rtl/xorflow_decoder.sv:34$128 ($add).
Removed top 5 bits (of 14) from port A of cell xorflow_decoder_lane.$add$/home/rishabh/HPCA2/mosaic_delta_phase1/rtl/xorflow_decoder.sv:38$129 ($add).
Removed top 5 bits (of 14) from port B of cell xorflow_decoder_lane.$add$/home/rishabh/HPCA2/mosaic_delta_phase1/rtl/xorflow_decoder.sv:38$129 ($add).
Removed top 4 bits (of 14) from port Y of cell xorflow_decoder_lane.$add$/home/rishabh/HPCA2/mosaic_delta_phase1/rtl/xorflow_decoder.sv:38$129 ($add).
Removed top 4 bits (of 14) from port A of cell xorflow_decoder_lane.$add$/home/rishabh/HPCA2/mosaic_delta_phase1/rtl/xorflow_decoder.sv:42$130 ($add).
Removed top 4 bits (of 14) from port B of cell xorflow_decoder_lane.$add$/home/rishabh/HPCA2/mosaic_delta_phase1/rtl/xorflow_decoder.sv:42$130 ($add).
Removed top 3 bits (of 14) from port Y of cell xorflow_decoder_lane.$add$/home/rishabh/HPCA2/mosaic_delta_phase1/rtl/xorflow_decoder.sv:42$130 ($add).
Removed top 6 bits (of 14) from wire xorflow_decoder_lane.gap_s0[0].
Removed top 6 bits (of 14) from wire xorflow_decoder_lane.gap_s0[1].
Removed top 6 bits (of 14) from wire xorflow_decoder_lane.gap_s0[2].
Removed top 6 bits (of 14) from wire xorflow_decoder_lane.gap_s0[3].
Removed top 6 bits (of 14) from wire xorflow_decoder_lane.gap_s0[4].
Removed top 6 bits (of 14) from wire xorflow_decoder_lane.gap_s0[5].
Removed top 6 bits (of 14) from wire xorflow_decoder_lane.gap_s0[6].
Removed top 6 bits (of 14) from wire xorflow_decoder_lane.gap_s0[7].
Removed top 6 bits (of 14) from wire xorflow_decoder_lane.gap_s1[0].
Removed top 5 bits (of 14) from wire xorflow_decoder_lane.gap_s1[1].
Removed top 5 bits (of 14) from wire xorflow_decoder_lane.gap_s1[2].
Removed top 5 bits (of 14) from wire xorflow_decoder_lane.gap_s1[3].
Removed top 5 bits (of 14) from wire xorflow_decoder_lane.gap_s1[4].
Removed top 5 bits (of 14) from wire xorflow_decoder_lane.gap_s1[6].
Removed top 6 bits (of 14) from wire xorflow_decoder_lane.gap_s2[0].
Removed top 5 bits (of 14) from wire xorflow_decoder_lane.gap_s2[1].
Removed top 4 bits (of 14) from wire xorflow_decoder_lane.gap_s2[2].
Removed top 4 bits (of 14) from wire xorflow_decoder_lane.gap_s2[3].
Removed top 4 bits (of 14) from wire xorflow_decoder_lane.gap_s2[6].
Removed top 6 bits (of 14) from wire xorflow_decoder_lane.gap_s3[0].

2.8. Executing OPT_CLEAN pass (remove unused cells and wires).
Finding unused cells or wires in module \xorflow_decoder_lane..
Removed 0 unused cells and 20 unused wires.
<suppressed ~1 debug messages>

2.9. Executing MEMORY_COLLECT pass (generating $mem cells).

2.10. Executing OPT pass (performing simple optimizations).

2.10.1. Executing OPT_EXPR pass (perform const folding).
Optimizing module xorflow_decoder_lane.

2.10.2. Executing OPT_MERGE pass (detect identical cells).
Finding identical cells in module `\xorflow_decoder_lane'.
Removed a total of 0 cells.

2.10.3. Executing OPT_CLEAN pass (remove unused cells and wires).
Finding unused cells or wires in module \xorflow_decoder_lane..

2.10.4. Finished fast OPT passes.

2.11. Printing statistics.

=== xorflow_decoder_lane ===

   Number of wires:                 80
   Number of wire bits:            805
   Number of public wires:          43
   Number of public wire bits:     612
   Number of memories:               0
   Number of memory bits:            0
   Number of processes:              0
   Number of cells:                 75
     $add                           25
     $eq                             5
     $logic_and                     12
     $logic_not                      2
     $logic_or                       8
     $lt                             8
     $mux                           13
     $ne                             1
     $reduce_bool                    1

2.12. Executing CHECK pass (checking for obvious problems).
Checking module xorflow_decoder_lane...
Found and reported 0 problems.

3. Executing SAT pass (solving SAT problems in the circuit).

Setting up SAT problem:
Import set-constraint: \mode = 2'00
Final constraint equation: \mode = 2'00
Imported 75 cells to SAT database.
Import proof-constraint: \formal_dense_ok = 1'1
Final proof equation: \formal_dense_ok = 1'1

Solving problem with 5295 variables and 14684 clauses..
SAT proof finished - no model found: SUCCESS!

                  /$$$$$$      /$$$$$$$$     /$$$$$$$    
                 /$$__  $$    | $$_____/    | $$__  $$   
                | $$  \ $$    | $$          | $$  \ $$   
                | $$  | $$    | $$$$$       | $$  | $$   
                | $$  | $$    | $$__/       | $$  | $$   
                | $$/$$ $$    | $$          | $$  | $$   
                |  $$$$$$/ /$$| $$$$$$$$ /$$| $$$$$$$//$$
                 \____ $$$|__/|________/|__/|_______/|__/
                       \__/                              

4. Executing SAT pass (solving SAT problems in the circuit).

Setting up SAT problem:
Import set-constraint: \mode = 2'01
Final constraint equation: \mode = 2'01
Imported 75 cells to SAT database.
Import proof-constraint: \formal_nondense_ok = 1'1
Final proof equation: \formal_nondense_ok = 1'1

Solving problem with 5295 variables and 14684 clauses..
SAT proof finished - no model found: SUCCESS!

                  /$$$$$$      /$$$$$$$$     /$$$$$$$    
                 /$$__  $$    | $$_____/    | $$__  $$   
                | $$  \ $$    | $$          | $$  \ $$   
                | $$  | $$    | $$$$$       | $$  | $$   
                | $$  | $$    | $$__/       | $$  | $$   
                | $$/$$ $$    | $$          | $$  | $$   
                |  $$$$$$/ /$$| $$$$$$$$ /$$| $$$$$$$//$$
                 \____ $$$|__/|________/|__/|_______/|__/
                       \__/                              

5. Executing SAT pass (solving SAT problems in the circuit).

Setting up SAT problem:
Import set-constraint: \mode = 2'10
Final constraint equation: \mode = 2'10
Imported 75 cells to SAT database.
Import proof-constraint: \formal_gap0_ok = 1'1
Final proof equation: \formal_gap0_ok = 1'1

Solving problem with 5295 variables and 14684 clauses..
SAT proof finished - no model found: SUCCESS!

                  /$$$$$$      /$$$$$$$$     /$$$$$$$    
                 /$$__  $$    | $$_____/    | $$__  $$   
                | $$  \ $$    | $$          | $$  \ $$   
                | $$  | $$    | $$$$$       | $$  | $$   
                | $$  | $$    | $$__/       | $$  | $$   
                | $$/$$ $$    | $$          | $$  | $$   
                |  $$$$$$/ /$$| $$$$$$$$ /$$| $$$$$$$//$$
                 \____ $$$|__/|________/|__/|_______/|__/
                       \__/                              

6. Executing SAT pass (solving SAT problems in the circuit).

Setting up SAT problem:
Import set-constraint: \mode = 2'10
Final constraint equation: \mode = 2'10
Imported 75 cells to SAT database.
Import proof-constraint: \formal_gap7_ok = 1'1
Final proof equation: \formal_gap7_ok = 1'1

Solving problem with 5295 variables and 14684 clauses..
SAT proof finished - no model found: SUCCESS!

                  /$$$$$$      /$$$$$$$$     /$$$$$$$    
                 /$$__  $$    | $$_____/    | $$__  $$   
                | $$  \ $$    | $$          | $$  \ $$   
                | $$  | $$    | $$$$$       | $$  | $$   
                | $$  | $$    | $$__/       | $$  | $$   
                | $$/$$ $$    | $$          | $$  | $$   
                |  $$$$$$/ /$$| $$$$$$$$ /$$| $$$$$$$//$$
                 \____ $$$|__/|________/|__/|_______/|__/
                       \__/                              

End of script. Logfile hash: c45494754c, CPU: user 0.26s system 0.03s, MEM: 16.41 MB peak
Yosys 0.33 (git sha1 2584903a060)
Time spent: 61% 4x sat (0 sec), 8% 5x opt_clean (0 sec), ...
