/home/Rishabh@MLL-5090/envs/gpu-test/bin/python -m mosaic_validation.scalesim_smoke_runner -c /home/Rishabh@MLL-5090/remote-work/HPCA-2-xorflow/artifacts_hpca_xorflow/scalesim/5a198adf70186df1/scale.cfg -t /home/Rishabh@MLL-5090/remote-work/HPCA-2-xorflow/artifacts_hpca_xorflow/scalesim/5a198adf70186df1/topology.csv -l /home/Rishabh@MLL-5090/remote-work/HPCA-2-xorflow/third_party/SCALE-Sim/layouts/conv_nets/test.csv -p /home/Rishabh@MLL-5090/remote-work/HPCA-2-xorflow/artifacts_hpca_xorflow/scalesim/5a198adf70186df1/reports

STDOUT
====================================================
******************* SCALE SIM **********************
====================================================
Array Size: 	32x32
SRAM IFMAP (kB): 	256
SRAM Filter (kB): 	256
SRAM OFMAP (kB): 	256
Dataflow: 	Weight Stationary
topology file path: 	/home/Rishabh@MLL-5090/remote-work/HPCA-2-xorflow/artifacts_hpca_xorflow/scalesim/5a198adf70186df1/topology.csv
layout file path: 	/home/Rishabh@MLL-5090/remote-work/HPCA-2-xorflow/third_party/SCALE-Sim/layouts/conv_nets/test.csv
Working in ESTIMATE BANDWIDTH mode.
====================================================

Running Layer 0
Total cycles: 56592
Compute cycles: 40943
Stall cycles: 0
Overall utilization: 96.33%
Mapping efficiency: 100.00%
Average IFMAP SRAM BW: 30.825 words/cycle
Average Filter SRAM BW: 0.400 words/cycle
Average OFMAP SRAM BW: 30.825 words/cycle
Average IFMAP DRAM BW: 24.604 words/cycle
Average Filter DRAM BW: 8.929 words/cycle
Average OFMAP DRAM BW: 32.154 words/cycle
************ SCALE SIM Run Complete ****************

STDERR

  0%|          | 0/40944 [00:00<?, ?it/s]
  5%|▍         | 1944/40944 [00:00<00:02, 19436.54it/s]
  9%|▉         | 3888/40944 [00:00<00:02, 15578.76it/s]
 14%|█▍        | 5653/40944 [00:00<00:02, 16410.38it/s]
 18%|█▊        | 7331/40944 [00:00<00:02, 15796.94it/s]
 22%|██▏       | 8933/40944 [00:00<00:02, 14903.72it/s]
 26%|██▋       | 10791/40944 [00:00<00:01, 16034.89it/s]
 30%|███       | 12418/40944 [00:00<00:01, 14856.39it/s]
 35%|███▍      | 14173/40944 [00:00<00:01, 15629.14it/s]
 38%|███▊      | 15763/40944 [00:01<00:01, 15588.26it/s]
 42%|████▏     | 17340/40944 [00:01<00:01, 14677.91it/s]
 47%|████▋     | 19257/40944 [00:01<00:01, 15939.09it/s]
 51%|█████     | 20876/40944 [00:01<00:01, 15145.52it/s]
 55%|█████▍    | 22515/40944 [00:01<00:01, 15492.01it/s]
 59%|█████▉    | 24138/40944 [00:01<00:01, 15702.04it/s]
 63%|██████▎   | 25723/40944 [00:01<00:01, 14341.17it/s]
 67%|██████▋   | 27571/40944 [00:01<00:00, 15470.98it/s]
 71%|███████   | 29151/40944 [00:01<00:00, 14922.33it/s]
 75%|███████▍  | 30668/40944 [00:01<00:00, 14863.88it/s]
 79%|███████▉  | 32359/40944 [00:02<00:00, 15441.44it/s]
 83%|████████▎ | 33919/40944 [00:02<00:00, 14380.21it/s]
 87%|████████▋ | 35658/40944 [00:02<00:00, 15210.92it/s]
 91%|█████████ | 37203/40944 [00:02<00:00, 15091.59it/s]
 95%|█████████▍| 38728/40944 [00:02<00:00, 14296.90it/s]
 99%|█████████▉| 40460/40944 [00:02<00:00, 15136.12it/s]
100%|██████████| 40944/40944 [00:02<00:00, 15248.88it/s]
