/home/rishabh/miniconda/envs/taugat_pyg/bin/python -m mosaic_validation.scalesim_smoke_runner -c artifacts_hpca_xorflow/scalesim/aab415af2a7d84d0/scale.cfg -t artifacts_hpca_xorflow/scalesim/aab415af2a7d84d0/topology.csv -l /home/rishabh/HPCA2/mosaic_delta_phase1/third_party/SCALE-Sim/layouts/conv_nets/test.csv -p artifacts_hpca_xorflow/scalesim/aab415af2a7d84d0/reports

STDOUT
====================================================
******************* SCALE SIM **********************
====================================================
Array Size: 	32x32
SRAM IFMAP (kB): 	256
SRAM Filter (kB): 	256
SRAM OFMAP (kB): 	256
Dataflow: 	Weight Stationary
topology file path: 	artifacts_hpca_xorflow/scalesim/aab415af2a7d84d0/topology.csv
layout file path: 	/home/rishabh/HPCA2/mosaic_delta_phase1/third_party/SCALE-Sim/layouts/conv_nets/test.csv
Working in ESTIMATE BANDWIDTH mode.
====================================================

Running Layer 0
Total cycles: 356080
Compute cycles: 340191
Stall cycles: 0
Overall utilization: 99.56%
Mapping efficiency: 100.00%
Average IFMAP SRAM BW: 31.859 words/cycle
Average Filter SRAM BW: 0.048 words/cycle
Average OFMAP SRAM BW: 31.859 words/cycle
Average IFMAP DRAM BW: 30.935 words/cycle
Average Filter DRAM BW: 8.929 words/cycle
Average OFMAP DRAM BW: 31.986 words/cycle
************ SCALE SIM Run Complete ****************

STDERR

  0%|          | 0/340192 [00:00<?, ?it/s]
  0%|          | 899/340192 [00:00<00:37, 8972.72it/s]
  1%|          | 1797/340192 [00:00<00:48, 7041.66it/s]
  1%|          | 2527/340192 [00:00<00:55, 6043.46it/s]
  1%|          | 3152/340192 [00:00<01:06, 5064.88it/s]
  1%|          | 3681/340192 [00:00<01:14, 4521.25it/s]
  1%|          | 4148/340192 [00:00<01:27, 3848.06it/s]
  1%|▏         | 4880/340192 [00:00<01:11, 4673.81it/s]
  2%|▏         | 5622/340192 [00:01<01:02, 5369.25it/s]
  2%|▏         | 6205/340192 [00:01<01:01, 5387.99it/s]
  2%|▏         | 6776/340192 [00:01<01:02, 5357.04it/s]
  2%|▏         | 7334/340192 [00:01<01:08, 4869.38it/s]
  2%|▏         | 7843/340192 [00:01<01:14, 4488.01it/s]
  2%|▏         | 8310/340192 [00:01<01:20, 4111.14it/s]
  3%|▎         | 9219/340192 [00:01<01:01, 5340.49it/s]
  3%|▎         | 9807/340192 [00:01<01:00, 5480.86it/s]
  3%|▎         | 10384/340192 [00:02<00:59, 5548.36it/s]
  3%|▎         | 10960/340192 [00:02<01:04, 5068.03it/s]
  3%|▎         | 11488/340192 [00:02<01:08, 4782.98it/s]
  4%|▎         | 11983/340192 [00:02<01:13, 4456.87it/s]
  4%|▎         | 12442/340192 [00:02<01:18, 4172.12it/s]
  4%|▍         | 13178/340192 [00:02<01:05, 4979.82it/s]
  4%|▍         | 13796/340192 [00:02<01:01, 5297.28it/s]
  4%|▍         | 14345/340192 [00:02<01:02, 5234.98it/s]
  4%|▍         | 14882/340192 [00:02<01:05, 4936.95it/s]
  5%|▍         | 15388/340192 [00:03<01:12, 4477.53it/s]
  5%|▍         | 15850/340192 [00:03<01:15, 4274.61it/s]
  5%|▍         | 16287/340192 [00:03<01:22, 3923.20it/s]
  5%|▍         | 16754/340192 [00:03<01:18, 4111.67it/s]
  5%|▌         | 17429/340192 [00:03<01:07, 4809.78it/s]
  5%|▌         | 18081/340192 [00:03<01:01, 5277.53it/s]
  5%|▌         | 18645/340192 [00:03<00:59, 5378.63it/s]
  6%|▌         | 19195/340192 [00:03<01:02, 5138.18it/s]
  6%|▌         | 19719/340192 [00:04<01:09, 4640.25it/s]
  6%|▌         | 20198/340192 [00:04<01:11, 4464.12it/s]
  6%|▌         | 20655/340192 [00:08<14:56, 356.36it/s] 
  6%|▋         | 21431/340192 [00:08<09:17, 572.09it/s]
  6%|▋         | 22099/340192 [00:08<06:29, 816.18it/s]
  7%|▋         | 22621/340192 [00:08<05:03, 1046.53it/s]
  7%|▋         | 23125/340192 [00:09<03:58, 1329.10it/s]
  7%|▋         | 23626/340192 [00:09<03:13, 1638.90it/s]
  7%|▋         | 24103/340192 [00:09<02:43, 1934.70it/s]
  7%|▋         | 24549/340192 [00:09<02:23, 2196.41it/s]
  7%|▋         | 24966/340192 [00:09<02:07, 2482.05it/s]
  8%|▊         | 25743/340192 [00:09<01:31, 3448.65it/s]
  8%|▊         | 26376/340192 [00:09<01:17, 4044.21it/s]
  8%|▊         | 26929/340192 [00:09<01:12, 4317.66it/s]
  8%|▊         | 27472/340192 [00:09<01:12, 4308.62it/s]
  8%|▊         | 27981/340192 [00:10<01:13, 4242.41it/s]
  8%|▊         | 28460/340192 [00:10<01:17, 4014.02it/s]
  8%|▊         | 28900/340192 [00:10<01:23, 3715.32it/s]
  9%|▊         | 29762/340192 [00:10<01:03, 4896.75it/s]
  9%|▉         | 30403/340192 [00:10<00:58, 5283.71it/s]
  9%|▉         | 30990/340192 [00:10<00:56, 5440.42it/s]
  9%|▉         | 31565/340192 [00:10<01:01, 5044.16it/s]
  9%|▉         | 32096/340192 [00:10<01:09, 4440.14it/s]
 10%|▉         | 32569/340192 [00:11<01:19, 3886.69it/s]
 10%|▉         | 32986/340192 [00:11<01:28, 3480.63it/s]
 10%|▉         | 33792/340192 [00:11<01:07, 4518.86it/s]
 10%|█         | 34427/340192 [00:11<01:01, 4965.55it/s]
 10%|█         | 34969/340192 [00:11<01:00, 5069.03it/s]
 10%|█         | 35509/340192 [00:11<01:02, 4849.43it/s]
 11%|█         | 36018/340192 [00:11<01:04, 4707.86it/s]
 11%|█         | 36506/340192 [00:11<01:10, 4311.72it/s]
 11%|█         | 36953/340192 [00:12<01:19, 3828.36it/s]
 11%|█         | 37397/340192 [00:12<01:16, 3977.56it/s]
 11%|█         | 38102/340192 [00:12<01:03, 4770.33it/s]
 11%|█▏        | 38733/340192 [00:12<00:58, 5184.85it/s]
 12%|█▏        | 39273/340192 [00:12<00:59, 5083.20it/s]
 12%|█▏        | 39797/340192 [00:12<01:06, 4548.12it/s]
 12%|█▏        | 40272/340192 [00:12<01:07, 4437.87it/s]
 12%|█▏        | 40729/340192 [00:12<01:13, 4100.39it/s]
 12%|█▏        | 41151/340192 [00:13<01:24, 3548.54it/s]
 12%|█▏        | 41853/340192 [00:13<01:08, 4380.30it/s]
 12%|█▏        | 42394/340192 [00:13<01:04, 4641.32it/s]
 13%|█▎        | 42997/340192 [00:13<00:59, 5010.93it/s]
 13%|█▎        | 43606/340192 [00:13<00:55, 5308.22it/s]
 13%|█▎        | 44157/340192 [00:13<00:59, 4944.44it/s]
 13%|█▎        | 44670/340192 [00:13<01:05, 4504.42it/s]
 13%|█▎        | 45139/340192 [00:13<01:12, 4043.78it/s]
 13%|█▎        | 45593/340192 [00:14<01:10, 4165.99it/s]
 14%|█▎        | 46339/340192 [00:14<00:58, 5023.99it/s]
 14%|█▍        | 46944/340192 [00:14<00:55, 5301.49it/s]
 14%|█▍        | 47494/340192 [00:14<00:56, 5203.34it/s]
 14%|█▍        | 48028/340192 [00:14<00:58, 5018.54it/s]
 14%|█▍        | 48540/340192 [00:14<01:04, 4557.01it/s]
 14%|█▍        | 49009/340192 [00:14<01:10, 4110.85it/s]
 15%|█▍        | 49435/340192 [00:14<01:22, 3518.01it/s]
 15%|█▍        | 50288/340192 [00:14<01:01, 4686.65it/s]
 15%|█▍        | 50910/340192 [00:15<00:57, 5069.82it/s]
 15%|█▌        | 51458/340192 [00:15<00:57, 5054.22it/s]
 15%|█▌        | 51992/340192 [00:15<00:56, 5082.36it/s]
 15%|█▌        | 52521/340192 [00:15<01:04, 4471.44it/s]
 16%|█▌        | 52994/340192 [00:15<01:09, 4108.10it/s]
 16%|█▌        | 53426/340192 [00:15<01:13, 3891.62it/s]
 16%|█▌        | 54034/340192 [00:15<01:04, 4435.46it/s]
 16%|█▌        | 54617/340192 [00:15<00:59, 4800.06it/s]
 16%|█▌        | 55274/340192 [00:16<00:53, 5280.16it/s]
 16%|█▋        | 55821/340192 [00:16<00:54, 5178.56it/s]
 17%|█▋        | 56353/340192 [00:16<00:57, 4922.77it/s]
 17%|█▋        | 56857/340192 [00:16<01:05, 4294.77it/s]
 17%|█▋        | 57307/340192 [00:16<01:08, 4126.51it/s]
 17%|█▋        | 57733/340192 [00:16<01:13, 3832.84it/s]
 17%|█▋        | 58427/340192 [00:16<01:01, 4613.98it/s]
 17%|█▋        | 59033/340192 [00:16<00:56, 4996.12it/s]
 18%|█▊        | 59593/340192 [00:16<00:54, 5160.75it/s]
 18%|█▊        | 60126/340192 [00:17<00:55, 5084.76it/s]
 18%|█▊        | 60646/340192 [00:17<00:57, 4902.58it/s]
 18%|█▊        | 61145/340192 [00:17<01:01, 4532.56it/s]
 18%|█▊        | 61609/340192 [00:17<01:09, 3985.96it/s]
 18%|█▊        | 62155/340192 [00:17<01:03, 4355.02it/s]
 18%|█▊        | 62767/340192 [00:17<00:57, 4819.53it/s]
 19%|█▊        | 63365/340192 [00:17<00:53, 5134.52it/s]
 19%|█▉        | 63994/340192 [00:17<00:50, 5458.42it/s]
 19%|█▉        | 64554/340192 [00:17<00:51, 5394.08it/s]
 19%|█▉        | 65104/340192 [00:18<00:55, 4990.51it/s]
 19%|█▉        | 65615/340192 [00:18<00:58, 4659.18it/s]
 19%|█▉        | 66092/340192 [00:18<01:01, 4470.43it/s]
 20%|█▉        | 66874/340192 [00:18<00:50, 5361.00it/s]
 20%|█▉        | 67521/340192 [00:18<00:48, 5663.59it/s]
 20%|██        | 68102/340192 [00:18<00:49, 5505.41it/s]
 20%|██        | 68664/340192 [00:18<00:52, 5179.92it/s]
 20%|██        | 69192/340192 [00:18<00:56, 4762.77it/s]
 20%|██        | 69680/340192 [00:19<01:02, 4304.23it/s]
 21%|██        | 70124/340192 [00:19<01:05, 4116.37it/s]
 21%|██        | 70945/340192 [00:19<00:52, 5156.19it/s]
 21%|██        | 71580/340192 [00:19<00:49, 5473.77it/s]
 21%|██        | 72149/340192 [00:19<00:51, 5246.64it/s]
 21%|██▏       | 72690/340192 [00:19<00:54, 4871.90it/s]
 22%|██▏       | 73192/340192 [00:19<00:58, 4536.90it/s]
 22%|██▏       | 73658/340192 [00:19<01:04, 4112.12it/s]
 22%|██▏       | 74082/340192 [00:20<01:09, 3825.46it/s]
 22%|██▏       | 74866/340192 [00:20<00:55, 4817.87it/s]
 22%|██▏       | 75376/340192 [00:20<00:54, 4875.60it/s]
 22%|██▏       | 76007/340192 [00:20<00:50, 5263.56it/s]
 23%|██▎       | 76552/340192 [00:20<00:51, 5103.17it/s]
 23%|██▎       | 77076/340192 [00:20<00:54, 4801.72it/s]
 23%|██▎       | 77568/340192 [00:20<01:00, 4342.53it/s]
 23%|██▎       | 78017/340192 [00:20<01:03, 4139.42it/s]
 23%|██▎       | 78441/340192 [00:20<01:03, 4092.24it/s]
 23%|██▎       | 79151/340192 [00:21<00:53, 4888.93it/s]
 23%|██▎       | 79703/340192 [00:21<00:51, 5061.51it/s]
 24%|██▎       | 80255/340192 [00:21<00:50, 5188.52it/s]
 24%|██▎       | 80783/340192 [00:21<00:52, 4900.90it/s]
 24%|██▍       | 81283/340192 [00:21<00:57, 4497.87it/s]
 24%|██▍       | 81744/340192 [00:21<01:02, 4134.20it/s]
 24%|██▍       | 82169/340192 [00:21<01:09, 3725.08it/s]
 24%|██▍       | 82719/340192 [00:21<01:01, 4164.19it/s]
 24%|██▍       | 83332/340192 [00:22<00:54, 4677.49it/s]
 25%|██▍       | 83911/340192 [00:22<00:51, 4976.74it/s]
 25%|██▍       | 84426/340192 [00:22<00:51, 4937.16it/s]
 25%|██▍       | 84932/340192 [00:22<00:52, 4817.02it/s]
 25%|██▌       | 85505/340192 [00:22<00:50, 5071.44it/s]
 25%|██▌       | 86020/340192 [00:22<00:55, 4566.92it/s]
 25%|██▌       | 86491/340192 [00:22<01:04, 3917.54it/s]
 26%|██▌       | 87238/340192 [00:22<00:52, 4789.70it/s]
 26%|██▌       | 87825/340192 [00:22<00:49, 5068.13it/s]
 26%|██▌       | 88404/340192 [00:23<00:47, 5263.32it/s]
 26%|██▌       | 88953/340192 [00:23<00:50, 5009.75it/s]
 26%|██▋       | 89472/340192 [00:23<00:55, 4517.11it/s]
 26%|██▋       | 89943/340192 [00:23<00:59, 4199.68it/s]
 27%|██▋       | 90379/340192 [00:23<01:06, 3761.99it/s]
 27%|██▋       | 90860/340192 [00:23<01:02, 4016.17it/s]
 27%|██▋       | 91586/340192 [00:23<00:51, 4849.84it/s]
 27%|██▋       | 92131/340192 [00:23<00:49, 5007.70it/s]
 27%|██▋       | 92652/340192 [00:23<00:50, 4932.48it/s]
 27%|██▋       | 93159/340192 [00:24<00:54, 4494.01it/s]
 28%|██▊       | 93624/340192 [00:24<01:01, 4005.97it/s]
 28%|██▊       | 94043/340192 [00:24<01:04, 3830.54it/s]
 28%|██▊       | 94439/340192 [00:24<01:05, 3741.31it/s]
 28%|██▊       | 94919/340192 [00:24<01:01, 4015.19it/s]
 28%|██▊       | 95613/340192 [00:24<00:50, 4804.04it/s]
 28%|██▊       | 96207/340192 [00:24<00:47, 5119.06it/s]
 28%|██▊       | 96733/340192 [00:24<00:48, 5018.80it/s]
 29%|██▊       | 97245/340192 [00:25<00:52, 4642.73it/s]
 29%|██▊       | 97721/340192 [00:25<00:52, 4585.27it/s]
 29%|██▉       | 98187/340192 [00:25<00:58, 4170.91it/s]
 29%|██▉       | 98615/340192 [00:25<01:01, 3925.85it/s]
 29%|██▉       | 99016/340192 [00:25<01:02, 3852.22it/s]
 29%|██▉       | 99586/340192 [00:25<00:55, 4342.93it/s]
 29%|██▉       | 100146/340192 [00:25<00:51, 4687.57it/s]
 30%|██▉       | 100703/340192 [00:25<00:48, 4936.44it/s]
 30%|██▉       | 101206/340192 [00:25<00:52, 4592.07it/s]
 30%|██▉       | 101676/340192 [00:26<00:54, 4416.32it/s]
 30%|███       | 102126/340192 [00:26<01:03, 3777.42it/s]
 30%|███       | 102523/340192 [00:26<01:03, 3764.50it/s]
 30%|███       | 102913/340192 [00:26<01:06, 3543.06it/s]
 31%|███       | 103840/340192 [00:26<00:47, 5011.83it/s]
 31%|███       | 104424/340192 [00:26<00:45, 5231.16it/s]
 31%|███       | 104972/340192 [00:26<00:47, 4951.61it/s]
 31%|███       | 105487/340192 [00:26<00:48, 4840.41it/s]
 31%|███       | 105985/340192 [00:27<00:54, 4300.19it/s]
 31%|███▏      | 106434/340192 [00:27<00:55, 4233.92it/s]
 31%|███▏      | 106900/340192 [00:27<00:53, 4343.51it/s]
 32%|███▏      | 107523/340192 [00:27<00:47, 4855.94it/s]
 32%|███▏      | 108188/340192 [00:27<00:43, 5354.37it/s]
 32%|███▏      | 108736/340192 [00:27<00:44, 5155.61it/s]
 32%|███▏      | 109262/340192 [00:27<00:48, 4795.12it/s]
 32%|███▏      | 109752/340192 [00:27<00:50, 4578.39it/s]
 32%|███▏      | 110218/340192 [00:27<00:52, 4416.25it/s]
 33%|███▎      | 110665/340192 [00:28<00:56, 4092.00it/s]
 33%|███▎      | 111081/340192 [00:28<00:58, 3927.83it/s]
 33%|███▎      | 111752/340192 [00:28<00:49, 4659.30it/s]
 33%|███▎      | 112302/340192 [00:28<00:46, 4887.74it/s]
 33%|███▎      | 112841/340192 [00:28<00:45, 5027.81it/s]
 33%|███▎      | 113353/340192 [00:28<00:47, 4814.74it/s]
 33%|███▎      | 113842/340192 [00:28<00:47, 4767.60it/s]
 34%|███▎      | 114324/340192 [00:28<00:52, 4281.51it/s]
 34%|███▎      | 114764/340192 [00:28<00:55, 4035.90it/s]
 34%|███▍      | 115177/340192 [00:29<01:02, 3583.15it/s]
 34%|███▍      | 115929/340192 [00:29<00:49, 4560.57it/s]
 34%|███▍      | 116552/340192 [00:29<00:44, 4996.27it/s]
 34%|███▍      | 117155/340192 [00:29<00:42, 5277.61it/s]
 35%|███▍      | 117705/340192 [00:29<00:46, 4741.27it/s]
 35%|███▍      | 118204/340192 [00:29<00:47, 4689.61it/s]
 35%|███▍      | 118690/340192 [00:29<00:49, 4484.42it/s]
 35%|███▌      | 119151/340192 [00:29<00:53, 4126.04it/s]
 35%|███▌      | 119644/340192 [00:30<00:50, 4332.95it/s]
 35%|███▌      | 120357/340192 [00:30<00:43, 5001.69it/s]
 36%|███▌      | 120962/340192 [00:30<00:41, 5287.17it/s]
 36%|███▌      | 121503/340192 [00:30<00:44, 4879.37it/s]
 36%|███▌      | 122004/340192 [00:30<00:45, 4773.56it/s]
 36%|███▌      | 122491/340192 [00:30<00:49, 4415.27it/s]
 36%|███▌      | 122942/340192 [00:30<00:54, 4009.12it/s]
 36%|███▋      | 123354/340192 [00:30<00:56, 3820.47it/s]
 36%|███▋      | 123938/340192 [00:31<00:49, 4335.29it/s]
 37%|███▋      | 124653/340192 [00:31<00:42, 5086.94it/s]
 37%|███▋      | 125191/340192 [00:31<00:41, 5167.35it/s]
 37%|███▋      | 125722/340192 [00:31<00:43, 4921.02it/s]
 37%|███▋      | 126226/340192 [00:31<00:49, 4289.71it/s]
 37%|███▋      | 126676/340192 [00:31<00:51, 4134.73it/s]
 37%|███▋      | 127104/340192 [00:31<00:56, 3740.02it/s]
 37%|███▋      | 127492/340192 [00:31<01:02, 3420.01it/s]
 38%|███▊      | 128344/340192 [00:31<00:45, 4657.74it/s]
 38%|███▊      | 128861/340192 [00:32<00:44, 4788.89it/s]
 38%|███▊      | 129504/340192 [00:32<00:40, 5229.88it/s]
 38%|███▊      | 130052/340192 [00:32<00:41, 5033.25it/s]
 38%|███▊      | 130574/340192 [00:32<00:43, 4808.33it/s]
 39%|███▊      | 131069/340192 [00:32<00:48, 4277.57it/s]
 39%|███▊      | 131515/340192 [00:32<00:55, 3757.55it/s]
 39%|███▉      | 131911/340192 [00:32<00:58, 3578.70it/s]
 39%|███▉      | 132535/340192 [00:32<00:49, 4226.16it/s]
 39%|███▉      | 133032/340192 [00:33<00:46, 4417.04it/s]
 39%|███▉      | 133539/340192 [00:33<00:45, 4589.76it/s]
 39%|███▉      | 134014/340192 [00:33<00:49, 4204.44it/s]
 40%|███▉      | 134451/340192 [00:33<00:52, 3893.59it/s]
 40%|███▉      | 134855/340192 [00:33<00:56, 3613.45it/s]
 40%|███▉      | 135228/340192 [00:33<00:57, 3535.63it/s]
 40%|███▉      | 135589/340192 [00:33<01:00, 3405.49it/s]
 40%|███▉      | 135935/340192 [00:33<01:06, 3082.12it/s]
 40%|████      | 136651/340192 [00:34<00:49, 4109.67it/s]
 40%|████      | 137086/340192 [00:34<00:50, 4010.33it/s]
 40%|████      | 137587/340192 [00:34<00:47, 4276.52it/s]
 41%|████      | 138030/340192 [00:34<00:49, 4043.44it/s]
 41%|████      | 138447/340192 [00:34<00:50, 4007.39it/s]
 41%|████      | 138856/340192 [00:34<00:53, 3734.85it/s]
 41%|████      | 139238/340192 [00:34<00:59, 3374.47it/s]
 41%|████      | 139586/340192 [00:34<01:02, 3226.97it/s]
 41%|████      | 139916/340192 [00:35<01:08, 2911.13it/s]
 41%|████▏     | 140695/340192 [00:35<00:48, 4118.13it/s]
 42%|████▏     | 141242/340192 [00:35<00:44, 4470.01it/s]
 42%|████▏     | 141733/340192 [00:35<00:43, 4588.17it/s]
 42%|████▏     | 142212/340192 [00:35<00:45, 4348.83it/s]
 42%|████▏     | 142663/340192 [00:35<00:48, 4073.83it/s]
 42%|████▏     | 143084/340192 [00:35<00:51, 3809.57it/s]
 42%|████▏     | 143476/340192 [00:35<00:54, 3614.46it/s]
 42%|████▏     | 143846/340192 [00:35<00:58, 3333.69it/s]
 42%|████▏     | 144187/340192 [00:36<01:01, 3189.93it/s]
 43%|████▎     | 144817/340192 [00:36<00:49, 3986.13it/s]
 43%|████▎     | 145280/340192 [00:36<00:46, 4157.61it/s]
 43%|████▎     | 145764/340192 [00:36<00:44, 4344.81it/s]
 43%|████▎     | 146210/340192 [00:36<00:48, 3959.88it/s]
 43%|████▎     | 146620/340192 [00:36<00:50, 3853.13it/s]
 43%|████▎     | 147015/340192 [00:36<00:53, 3629.11it/s]
 43%|████▎     | 147386/340192 [00:36<00:58, 3285.59it/s]
 43%|████▎     | 147724/340192 [00:37<00:59, 3213.84it/s]
 44%|████▎     | 148052/340192 [00:37<01:03, 3026.04it/s]
 44%|████▍     | 148835/340192 [00:37<00:44, 4266.97it/s]
 44%|████▍     | 149472/340192 [00:37<00:39, 4832.29it/s]
 44%|████▍     | 149991/340192 [00:37<00:38, 4931.01it/s]
 44%|████▍     | 150501/340192 [00:37<00:39, 4776.69it/s]
 44%|████▍     | 150991/340192 [00:37<00:39, 4744.94it/s]
 45%|████▍     | 151474/340192 [00:37<00:42, 4453.67it/s]
 45%|████▍     | 151928/340192 [00:37<00:46, 4020.36it/s]
 45%|████▍     | 152343/340192 [00:38<00:50, 3686.58it/s]
 45%|████▌     | 153127/340192 [00:38<00:39, 4734.18it/s]
 45%|████▌     | 153680/340192 [00:38<00:37, 4943.64it/s]
 45%|████▌     | 154197/340192 [00:38<00:38, 4838.46it/s]
 45%|████▌     | 154697/340192 [00:38<00:40, 4601.68it/s]
 46%|████▌     | 155170/340192 [00:38<00:43, 4235.75it/s]
 46%|████▌     | 155606/340192 [00:38<00:49, 3726.00it/s]
 46%|████▌     | 155995/340192 [00:38<00:50, 3642.86it/s]
 46%|████▌     | 156370/340192 [00:39<00:57, 3197.50it/s]
 46%|████▌     | 157074/340192 [00:39<00:44, 4117.52it/s]
 46%|████▋     | 157705/340192 [00:39<00:39, 4676.26it/s]
 47%|████▋     | 158207/340192 [00:39<00:38, 4765.06it/s]
 47%|████▋     | 158708/340192 [00:39<00:37, 4804.86it/s]
 47%|████▋     | 159206/340192 [00:39<00:39, 4597.55it/s]
 47%|████▋     | 159679/340192 [00:39<00:43, 4153.38it/s]
 47%|████▋     | 160111/340192 [00:39<00:44, 4011.17it/s]
 47%|████▋     | 160523/340192 [00:39<00:49, 3603.74it/s]
 47%|████▋     | 161335/340192 [00:40<00:37, 4736.06it/s]
 48%|████▊     | 161903/340192 [00:40<00:35, 4984.79it/s]
 48%|████▊     | 162485/340192 [00:40<00:34, 5212.45it/s]
 48%|████▊     | 163026/340192 [00:40<00:35, 4966.17it/s]
 48%|████▊     | 163539/340192 [00:40<00:38, 4602.86it/s]
 48%|████▊     | 164014/340192 [00:40<00:41, 4288.19it/s]
 48%|████▊     | 164456/340192 [00:43<05:50, 501.81it/s] 
 48%|████▊     | 164770/340192 [00:43<04:47, 610.37it/s]
 49%|████▊     | 165507/340192 [00:43<02:57, 985.95it/s]
 49%|████▉     | 166184/340192 [00:44<02:03, 1411.09it/s]
 49%|████▉     | 166695/340192 [00:44<01:41, 1716.98it/s]
 49%|████▉     | 167173/340192 [00:44<01:24, 2053.58it/s]
 49%|████▉     | 167639/340192 [00:44<01:14, 2312.74it/s]
 49%|████▉     | 168070/340192 [00:44<01:07, 2538.76it/s]
 50%|████▉     | 168477/340192 [00:44<01:02, 2732.44it/s]
 50%|████▉     | 168866/340192 [00:44<00:58, 2928.35it/s]
 50%|████▉     | 169643/340192 [00:44<00:42, 3999.52it/s]
 50%|█████     | 170189/340192 [00:44<00:39, 4349.62it/s]
 50%|█████     | 170815/340192 [00:45<00:35, 4746.14it/s]
 50%|█████     | 171350/340192 [00:45<00:35, 4701.68it/s]
 51%|█████     | 171862/340192 [00:45<00:37, 4525.09it/s]
 51%|█████     | 172345/340192 [00:45<00:38, 4407.82it/s]
 51%|█████     | 172807/340192 [00:45<00:43, 3812.36it/s]
 51%|█████     | 173613/340192 [00:45<00:34, 4847.85it/s]
 51%|█████     | 174247/340192 [00:45<00:31, 5231.08it/s]
 51%|█████▏    | 174806/340192 [00:45<00:32, 5134.05it/s]
 52%|█████▏    | 175345/340192 [00:46<00:34, 4766.78it/s]
 52%|█████▏    | 175843/340192 [00:46<00:36, 4536.87it/s]
 52%|█████▏    | 176312/340192 [00:46<00:39, 4135.74it/s]
 52%|█████▏    | 176740/340192 [00:46<00:40, 4057.95it/s]
 52%|█████▏    | 177155/340192 [00:46<00:41, 3887.81it/s]
 52%|█████▏    | 177860/340192 [00:46<00:34, 4710.78it/s]
 52%|█████▏    | 178476/340192 [00:46<00:31, 5102.63it/s]
 53%|█████▎    | 179003/340192 [00:46<00:31, 5055.90it/s]
 53%|█████▎    | 179520/340192 [00:46<00:31, 5038.37it/s]
 53%|█████▎    | 180032/340192 [00:47<00:34, 4594.99it/s]
 53%|█████▎    | 180504/340192 [00:47<00:38, 4157.31it/s]
 53%|█████▎    | 180934/340192 [00:47<00:40, 3967.74it/s]
 53%|█████▎    | 181341/340192 [00:47<00:39, 3983.90it/s]
 53%|█████▎    | 181966/340192 [00:47<00:34, 4592.11it/s]
 54%|█████▎    | 182547/340192 [00:47<00:31, 4927.34it/s]
 54%|█████▍    | 183051/340192 [00:47<00:32, 4812.16it/s]
 54%|█████▍    | 183541/340192 [00:47<00:32, 4801.41it/s]
 54%|█████▍    | 184027/340192 [00:47<00:33, 4642.69it/s]
 54%|█████▍    | 184496/340192 [00:48<00:35, 4395.68it/s]
 54%|█████▍    | 184941/340192 [00:48<00:40, 3874.23it/s]
 54%|█████▍    | 185341/340192 [00:48<00:42, 3654.61it/s]
 55%|█████▍    | 186123/340192 [00:48<00:32, 4719.22it/s]
 55%|█████▍    | 186705/340192 [00:48<00:30, 5013.09it/s]
 55%|█████▌    | 187228/340192 [00:48<00:31, 4853.88it/s]
 55%|█████▌    | 187729/340192 [00:48<00:33, 4573.27it/s]
 55%|█████▌    | 188199/340192 [00:48<00:34, 4379.81it/s]
 55%|█████▌    | 188646/340192 [00:49<00:38, 3986.65it/s]
 56%|█████▌    | 189056/340192 [00:49<00:42, 3588.18it/s]
 56%|█████▌    | 189438/340192 [00:49<00:41, 3644.78it/s]
 56%|█████▌    | 190170/340192 [00:49<00:32, 4601.96it/s]
 56%|█████▌    | 190779/340192 [00:49<00:29, 5004.86it/s]
 56%|█████▋    | 191361/340192 [00:49<00:28, 5231.95it/s]
 56%|█████▋    | 191966/340192 [00:49<00:27, 5463.25it/s]
 57%|█████▋    | 192524/340192 [00:49<00:29, 5003.01it/s]
 57%|█████▋    | 193040/340192 [00:49<00:31, 4716.88it/s]
 57%|█████▋    | 193525/340192 [00:50<00:35, 4148.24it/s]
 57%|█████▋    | 194225/340192 [00:50<00:30, 4860.65it/s]
 57%|█████▋    | 194771/340192 [00:50<00:28, 5017.55it/s]
 57%|█████▋    | 195329/340192 [00:50<00:28, 5169.18it/s]
 58%|█████▊    | 195863/340192 [00:50<00:29, 4811.36it/s]
 58%|█████▊    | 196360/340192 [00:50<00:31, 4567.02it/s]
 58%|█████▊    | 196829/340192 [00:50<00:33, 4295.38it/s]
 58%|█████▊    | 197268/340192 [00:50<00:36, 3950.09it/s]
 58%|█████▊    | 197673/340192 [00:51<00:39, 3644.94it/s]
 58%|█████▊    | 198370/340192 [00:51<00:31, 4475.87it/s]
 58%|█████▊    | 198916/340192 [00:51<00:29, 4733.19it/s]
 59%|█████▊    | 199415/340192 [00:51<00:29, 4800.76it/s]
 59%|█████▉    | 199910/340192 [00:51<00:29, 4835.34it/s]
 59%|█████▉    | 200404/340192 [00:51<00:30, 4643.88it/s]
 59%|█████▉    | 200877/340192 [00:51<00:31, 4491.61it/s]
 59%|█████▉    | 201333/340192 [00:51<00:33, 4192.08it/s]
 59%|█████▉    | 201760/340192 [00:51<00:35, 3950.85it/s]
 60%|█████▉    | 202482/340192 [00:52<00:28, 4817.32it/s]
 60%|█████▉    | 202980/340192 [00:52<00:28, 4847.03it/s]
 60%|█████▉    | 203476/340192 [00:52<00:29, 4689.08it/s]
 60%|█████▉    | 203954/340192 [00:52<00:29, 4627.22it/s]
 60%|██████    | 204423/340192 [00:52<00:29, 4558.74it/s]
 60%|██████    | 204883/340192 [00:52<00:30, 4441.52it/s]
 60%|██████    | 205330/340192 [00:52<00:32, 4128.64it/s]
 60%|██████    | 205748/340192 [00:52<00:36, 3669.55it/s]
 61%|██████    | 206632/340192 [00:52<00:26, 4992.86it/s]
 61%|██████    | 207284/340192 [00:53<00:24, 5399.70it/s]
 61%|██████    | 207850/340192 [00:53<00:25, 5254.86it/s]
 61%|██████▏   | 208394/340192 [00:53<00:26, 4985.03it/s]
 61%|██████▏   | 208908/340192 [00:53<00:29, 4488.47it/s]
 62%|██████▏   | 209374/340192 [00:53<00:31, 4194.20it/s]
 62%|██████▏   | 209807/340192 [00:53<00:34, 3746.41it/s]
 62%|██████▏   | 210601/340192 [00:53<00:27, 4762.36it/s]
 62%|██████▏   | 211238/340192 [00:53<00:24, 5173.65it/s]
 62%|██████▏   | 211786/340192 [00:54<00:25, 5070.02it/s]
 62%|██████▏   | 212315/340192 [00:54<00:25, 4924.20it/s]
 63%|██████▎   | 212823/340192 [00:54<00:26, 4895.82it/s]
 63%|██████▎   | 213323/340192 [00:54<00:26, 4790.83it/s]
 63%|██████▎   | 213810/340192 [00:54<00:27, 4532.83it/s]
 63%|██████▎   | 214270/340192 [00:54<00:29, 4219.79it/s]
 63%|██████▎   | 214974/340192 [00:54<00:25, 4963.39it/s]
 63%|██████▎   | 215585/340192 [00:54<00:23, 5275.97it/s]
 64%|██████▎   | 216126/340192 [00:54<00:25, 4820.77it/s]
 64%|██████▎   | 216655/340192 [00:55<00:24, 4942.43it/s]
 64%|██████▍   | 217162/340192 [00:55<00:27, 4427.40it/s]
 64%|██████▍   | 217622/340192 [00:55<00:28, 4252.29it/s]
 64%|██████▍   | 218059/340192 [00:55<00:32, 3715.23it/s]
 64%|██████▍   | 218880/340192 [00:55<00:25, 4811.85it/s]
 64%|██████▍   | 219416/340192 [00:55<00:24, 4952.22it/s]
 65%|██████▍   | 219979/340192 [00:55<00:23, 5133.94it/s]
 65%|██████▍   | 220514/340192 [00:55<00:23, 5085.59it/s]
 65%|██████▍   | 221038/340192 [00:56<00:25, 4764.77it/s]
 65%|██████▌   | 221528/340192 [00:56<00:27, 4387.72it/s]
 65%|██████▌   | 221981/340192 [00:56<00:30, 3917.93it/s]
 65%|██████▌   | 222389/340192 [00:56<00:30, 3897.66it/s]
 66%|██████▌   | 223172/340192 [00:56<00:23, 4915.20it/s]
 66%|██████▌   | 223687/340192 [00:56<00:23, 4948.38it/s]
 66%|██████▌   | 224199/340192 [00:56<00:24, 4815.20it/s]
 66%|██████▌   | 224693/340192 [00:56<00:24, 4794.03it/s]
 66%|██████▌   | 225181/340192 [00:56<00:25, 4475.38it/s]
 66%|██████▋   | 225638/340192 [00:57<00:28, 4069.00it/s]
 66%|██████▋   | 226056/340192 [00:57<00:29, 3869.17it/s]
 67%|██████▋   | 226451/340192 [00:57<00:32, 3497.99it/s]
 67%|██████▋   | 227181/340192 [00:57<00:25, 4447.32it/s]
 67%|██████▋   | 227662/340192 [00:57<00:24, 4540.91it/s]
 67%|██████▋   | 228219/340192 [00:57<00:23, 4821.36it/s]
 67%|██████▋   | 228718/340192 [00:57<00:24, 4582.59it/s]
 67%|██████▋   | 229190/340192 [00:57<00:25, 4317.82it/s]
 68%|██████▊   | 229633/340192 [00:58<00:26, 4167.65it/s]
 68%|██████▊   | 230058/340192 [00:58<00:26, 4149.78it/s]
 68%|██████▊   | 230479/340192 [00:58<00:28, 3863.17it/s]
 68%|██████▊   | 231230/340192 [00:58<00:22, 4837.17it/s]
 68%|██████▊   | 231786/340192 [00:58<00:21, 5035.62it/s]
 68%|██████▊   | 232303/340192 [00:58<00:21, 4954.08it/s]
 68%|██████▊   | 232808/340192 [00:58<00:22, 4767.89it/s]
 69%|██████▊   | 233292/340192 [00:58<00:24, 4422.60it/s]
 69%|██████▊   | 233743/340192 [00:58<00:25, 4229.73it/s]
 69%|██████▉   | 234241/340192 [00:59<00:23, 4428.52it/s]
 69%|██████▉   | 234691/340192 [00:59<00:25, 4190.42it/s]
 69%|██████▉   | 235483/340192 [00:59<00:20, 5201.19it/s]
 69%|██████▉   | 236041/340192 [00:59<00:19, 5305.59it/s]
 70%|██████▉   | 236615/340192 [00:59<00:19, 5428.03it/s]
 70%|██████▉   | 237167/340192 [00:59<00:21, 4841.53it/s]
 70%|██████▉   | 237669/340192 [00:59<00:23, 4368.33it/s]
 70%|██████▉   | 238125/340192 [00:59<00:24, 4173.81it/s]
 70%|███████   | 238555/340192 [00:59<00:26, 3873.23it/s]
 70%|███████   | 238953/340192 [01:00<00:26, 3782.44it/s]
 70%|███████   | 239702/340192 [01:00<00:21, 4740.40it/s]
 71%|███████   | 240224/340192 [01:00<00:20, 4868.15it/s]
 71%|███████   | 240729/340192 [01:00<00:21, 4710.24it/s]
 71%|███████   | 241258/340192 [01:00<00:20, 4869.43it/s]
 71%|███████   | 241755/340192 [01:00<00:21, 4569.16it/s]
 71%|███████   | 242222/340192 [01:00<00:22, 4307.41it/s]
 71%|███████▏  | 242661/340192 [01:00<00:24, 3994.67it/s]
 71%|███████▏  | 243069/340192 [01:01<00:25, 3862.70it/s]
 72%|███████▏  | 243801/340192 [01:01<00:20, 4719.56it/s]
 72%|███████▏  | 244450/340192 [01:01<00:18, 5199.08it/s]
 72%|███████▏  | 244984/340192 [01:01<00:19, 4942.45it/s]
 72%|███████▏  | 245490/340192 [01:01<00:20, 4689.21it/s]
 72%|███████▏  | 245968/340192 [01:01<00:21, 4459.29it/s]
 72%|███████▏  | 246421/340192 [01:01<00:21, 4313.84it/s]
 73%|███████▎  | 246857/340192 [01:01<00:25, 3615.29it/s]
 73%|███████▎  | 247642/340192 [01:01<00:19, 4641.38it/s]
 73%|███████▎  | 248144/340192 [01:02<00:19, 4729.54it/s]
 73%|███████▎  | 248645/340192 [01:02<00:19, 4713.90it/s]
 73%|███████▎  | 249143/340192 [01:02<00:19, 4785.48it/s]
 73%|███████▎  | 249636/340192 [01:02<00:19, 4706.80it/s]
 74%|███████▎  | 250117/340192 [01:02<00:20, 4297.99it/s]
 74%|███████▎  | 250560/340192 [01:02<00:22, 3981.75it/s]
 74%|███████▍  | 250970/340192 [01:02<00:25, 3459.06it/s]
 74%|███████▍  | 251805/340192 [01:02<00:19, 4641.77it/s]
 74%|███████▍  | 252377/340192 [01:03<00:17, 4918.27it/s]
 74%|███████▍  | 252902/340192 [01:03<00:17, 4947.13it/s]
 74%|███████▍  | 253420/340192 [01:03<00:18, 4591.16it/s]
 75%|███████▍  | 253899/340192 [01:03<00:19, 4516.59it/s]
 75%|███████▍  | 254365/340192 [01:03<00:21, 4041.72it/s]
 75%|███████▍  | 254786/340192 [01:03<00:21, 4020.76it/s]
 75%|███████▌  | 255200/340192 [01:03<00:22, 3799.20it/s]
 75%|███████▌  | 255981/340192 [01:03<00:17, 4843.94it/s]
 75%|███████▌  | 256601/340192 [01:03<00:16, 5210.92it/s]
 76%|███████▌  | 257145/340192 [01:04<00:15, 5273.82it/s]
 76%|███████▌  | 257687/340192 [01:04<00:16, 4883.82it/s]
 76%|███████▌  | 258190/340192 [01:04<00:17, 4688.08it/s]
 76%|███████▌  | 258670/340192 [01:04<00:20, 3991.56it/s]
 76%|███████▌  | 259092/340192 [01:04<00:21, 3793.48it/s]
 76%|███████▋  | 259487/340192 [01:04<00:21, 3704.58it/s]
 77%|███████▋  | 260279/340192 [01:04<00:16, 4716.59it/s]
 77%|███████▋  | 260853/340192 [01:04<00:15, 4985.94it/s]
 77%|███████▋  | 261370/340192 [01:05<00:15, 5019.67it/s]
 77%|███████▋  | 261887/340192 [01:05<00:15, 5060.75it/s]
 77%|███████▋  | 262403/340192 [01:05<00:16, 4608.55it/s]
 77%|███████▋  | 262878/340192 [01:05<00:18, 4189.31it/s]
 77%|███████▋  | 263312/340192 [01:05<00:21, 3649.11it/s]
 78%|███████▊  | 264005/340192 [01:05<00:17, 4441.04it/s]
 78%|███████▊  | 264591/340192 [01:05<00:15, 4802.75it/s]
 78%|███████▊  | 265120/340192 [01:05<00:15, 4933.01it/s]
 78%|███████▊  | 265636/340192 [01:05<00:15, 4749.80it/s]
 78%|███████▊  | 266127/340192 [01:06<00:16, 4530.93it/s]
 78%|███████▊  | 266593/340192 [01:06<00:17, 4318.67it/s]
 78%|███████▊  | 267034/340192 [01:06<00:19, 3825.89it/s]
 79%|███████▊  | 267431/340192 [01:06<00:20, 3504.60it/s]
 79%|███████▉  | 268103/340192 [01:06<00:16, 4293.99it/s]
 79%|███████▉  | 268760/340192 [01:06<00:14, 4885.28it/s]
 79%|███████▉  | 269330/340192 [01:06<00:13, 5104.98it/s]
 79%|███████▉  | 269862/340192 [01:06<00:14, 4869.44it/s]
 79%|███████▉  | 270366/340192 [01:07<00:14, 4769.35it/s]
 80%|███████▉  | 270855/340192 [01:07<00:16, 4323.51it/s]
 80%|███████▉  | 271302/340192 [01:07<00:16, 4090.24it/s]
 80%|███████▉  | 271722/340192 [01:07<00:17, 3841.33it/s]
 80%|████████  | 272457/340192 [01:07<00:14, 4740.01it/s]
 80%|████████  | 273011/340192 [01:07<00:13, 4952.01it/s]
 80%|████████  | 273524/340192 [01:07<00:13, 4792.90it/s]
 81%|████████  | 274016/340192 [01:07<00:14, 4702.67it/s]
 81%|████████  | 274495/340192 [01:07<00:14, 4475.15it/s]
 81%|████████  | 274950/340192 [01:08<00:16, 3935.62it/s]
 81%|████████  | 275358/340192 [01:08<00:17, 3638.88it/s]
 81%|████████  | 275734/340192 [01:08<00:19, 3321.94it/s]
 81%|████████▏ | 276513/340192 [01:08<00:14, 4411.63it/s]
 81%|████████▏ | 277055/340192 [01:08<00:13, 4671.10it/s]
 82%|████████▏ | 277618/340192 [01:08<00:12, 4927.13it/s]
 82%|████████▏ | 278133/340192 [01:08<00:12, 4839.95it/s]
 82%|████████▏ | 278633/340192 [01:08<00:13, 4717.42it/s]
 82%|████████▏ | 279116/340192 [01:09<00:14, 4147.45it/s]
 82%|████████▏ | 279549/340192 [01:09<00:15, 4010.63it/s]
 82%|████████▏ | 279963/340192 [01:09<00:15, 3811.80it/s]
 83%|████████▎ | 280769/340192 [01:09<00:12, 4910.85it/s]
 83%|████████▎ | 281292/340192 [01:09<00:11, 4994.62it/s]
 83%|████████▎ | 281832/340192 [01:09<00:11, 5107.44it/s]
 83%|████████▎ | 282356/340192 [01:09<00:12, 4804.22it/s]
 83%|████████▎ | 282849/340192 [01:09<00:12, 4529.18it/s]
 83%|████████▎ | 283313/340192 [01:10<00:13, 4124.97it/s]
 83%|████████▎ | 283738/340192 [01:10<00:14, 3788.30it/s]
 84%|████████▎ | 284128/340192 [01:10<00:16, 3475.35it/s]
 84%|████████▎ | 284765/340192 [01:10<00:13, 4187.51it/s]
 84%|████████▍ | 285255/340192 [01:10<00:12, 4372.63it/s]
 84%|████████▍ | 285711/340192 [01:10<00:12, 4406.08it/s]
 84%|████████▍ | 286165/340192 [01:10<00:12, 4339.09it/s]
 84%|████████▍ | 286648/340192 [01:10<00:11, 4475.23it/s]
 84%|████████▍ | 287103/340192 [01:10<00:12, 4213.96it/s]
 85%|████████▍ | 287532/340192 [01:11<00:12, 4056.98it/s]
 85%|████████▍ | 287944/340192 [01:11<00:15, 3348.58it/s]
 85%|████████▍ | 288651/340192 [01:11<00:12, 4255.47it/s]
 85%|████████▌ | 289269/340192 [01:11<00:10, 4751.51it/s]
 85%|████████▌ | 289811/340192 [01:11<00:10, 4930.49it/s]
 85%|████████▌ | 290330/340192 [01:11<00:10, 4675.21it/s]
 85%|████████▌ | 290818/340192 [01:11<00:10, 4671.46it/s]
 86%|████████▌ | 291299/340192 [01:11<00:11, 4218.89it/s]
 86%|████████▌ | 291738/340192 [01:12<00:11, 4056.09it/s]
 86%|████████▌ | 292155/340192 [01:12<00:12, 3706.17it/s]
 86%|████████▌ | 293074/340192 [01:12<00:09, 5095.98it/s]
 86%|████████▋ | 293617/340192 [01:12<00:09, 5163.80it/s]
 86%|████████▋ | 294158/340192 [01:12<00:08, 5151.10it/s]
 87%|████████▋ | 294690/340192 [01:12<00:10, 4426.15it/s]
 87%|████████▋ | 295161/340192 [01:12<00:10, 4365.67it/s]
 87%|████████▋ | 295617/340192 [01:12<00:11, 3927.38it/s]
 87%|████████▋ | 296029/340192 [01:12<00:11, 3834.58it/s]
 87%|████████▋ | 296425/340192 [01:13<00:11, 3665.16it/s]
 87%|████████▋ | 297184/340192 [01:13<00:09, 4670.64it/s]
 88%|████████▊ | 297822/340192 [01:13<00:08, 5127.54it/s]
 88%|████████▊ | 298357/340192 [01:13<00:08, 4856.09it/s]
 88%|████████▊ | 298860/340192 [01:13<00:08, 4792.27it/s]
 88%|████████▊ | 299351/340192 [01:13<00:08, 4627.65it/s]
 88%|████████▊ | 299822/340192 [01:13<00:09, 4430.28it/s]
 88%|████████▊ | 300272/340192 [01:13<00:09, 4113.03it/s]
 88%|████████▊ | 300756/340192 [01:14<00:09, 4304.37it/s]
 89%|████████▊ | 301427/340192 [01:14<00:08, 4837.45it/s]
 89%|████████▉ | 302102/340192 [01:14<00:07, 5364.41it/s]
 89%|████████▉ | 302648/340192 [01:14<00:07, 4991.46it/s]
 89%|████████▉ | 303158/340192 [01:14<00:07, 4900.82it/s]
 89%|████████▉ | 303656/340192 [01:14<00:09, 3993.69it/s]
 89%|████████▉ | 304085/340192 [01:14<00:09, 3899.89it/s]
 90%|████████▉ | 304495/340192 [01:14<00:10, 3498.44it/s]
 90%|████████▉ | 305227/340192 [01:15<00:07, 4413.20it/s]
 90%|████████▉ | 305827/340192 [01:15<00:07, 4816.42it/s]
 90%|█████████ | 306393/340192 [01:15<00:06, 5040.36it/s]
 90%|█████████ | 306923/340192 [01:15<00:07, 4626.79it/s]
 90%|█████████ | 307409/340192 [01:15<00:07, 4178.65it/s]
 90%|█████████ | 307849/340192 [01:15<00:08, 3959.66it/s]
 91%|█████████ | 308261/340192 [01:15<00:08, 3915.69it/s]
 91%|█████████ | 308663/340192 [01:18<01:09, 451.06it/s] 
 91%|█████████ | 309364/340192 [01:18<00:42, 718.22it/s]
 91%|█████████ | 309972/340192 [01:19<00:29, 1013.04it/s]
 91%|█████████▏| 310531/340192 [01:19<00:22, 1346.36it/s]
 91%|█████████▏| 311028/340192 [01:19<00:17, 1659.37it/s]
 92%|█████████▏| 311502/340192 [01:19<00:14, 2016.85it/s]
 92%|█████████▏| 311974/340192 [01:19<00:12, 2319.17it/s]
 92%|█████████▏| 312418/340192 [01:19<00:10, 2600.53it/s]
 92%|█████████▏| 312844/340192 [01:19<00:10, 2642.84it/s]
 92%|█████████▏| 313658/340192 [01:19<00:07, 3712.88it/s]
 92%|█████████▏| 314174/340192 [01:19<00:06, 4027.56it/s]
 93%|█████████▎| 314739/340192 [01:20<00:05, 4302.54it/s]
 93%|█████████▎| 315251/340192 [01:20<00:05, 4392.07it/s]
 93%|█████████▎| 315749/340192 [01:20<00:05, 4363.27it/s]
 93%|█████████▎| 316226/340192 [01:20<00:06, 3961.29it/s]
 93%|█████████▎| 316656/340192 [01:20<00:06, 3553.01it/s]
 93%|█████████▎| 317040/340192 [01:20<00:06, 3489.91it/s]
 93%|█████████▎| 317807/340192 [01:20<00:04, 4518.24it/s]
 94%|█████████▎| 318295/340192 [01:20<00:04, 4499.16it/s]
 94%|█████████▎| 318835/340192 [01:21<00:04, 4617.19it/s]
 94%|█████████▍| 319490/340192 [01:21<00:04, 5139.03it/s]
 94%|█████████▍| 320023/340192 [01:21<00:04, 4652.60it/s]
 94%|█████████▍| 320509/340192 [01:21<00:04, 4530.39it/s]
 94%|█████████▍| 320976/340192 [01:21<00:04, 4034.83it/s]
 95%|█████████▍| 321680/340192 [01:21<00:03, 4787.89it/s]
 95%|█████████▍| 322258/340192 [01:21<00:03, 5047.05it/s]
 95%|█████████▍| 322847/340192 [01:21<00:03, 5275.69it/s]
 95%|█████████▌| 323393/340192 [01:21<00:03, 4817.73it/s]
 95%|█████████▌| 323894/340192 [01:22<00:03, 4776.91it/s]
 95%|█████████▌| 324385/340192 [01:22<00:03, 4039.01it/s]
 95%|█████████▌| 324815/340192 [01:22<00:04, 3804.41it/s]
 96%|█████████▌| 325214/340192 [01:22<00:04, 3574.75it/s]
 96%|█████████▌| 325998/340192 [01:22<00:03, 4621.91it/s]
 96%|█████████▌| 326572/340192 [01:22<00:02, 4909.06it/s]
 96%|█████████▌| 327121/340192 [01:22<00:02, 4895.67it/s]
 96%|█████████▋| 327630/340192 [01:22<00:02, 4940.11it/s]
 96%|█████████▋| 328138/340192 [01:23<00:02, 4559.79it/s]
 97%|█████████▋| 328608/340192 [01:23<00:02, 4254.62it/s]
 97%|█████████▋| 329046/340192 [01:23<00:02, 3774.24it/s]
 97%|█████████▋| 329458/340192 [01:23<00:02, 3859.57it/s]
 97%|█████████▋| 330193/340192 [01:23<00:02, 4623.42it/s]
 97%|█████████▋| 330800/340192 [01:23<00:01, 5006.11it/s]
 97%|█████████▋| 331315/340192 [01:23<00:01, 4837.44it/s]
 98%|█████████▊| 331809/340192 [01:23<00:01, 4615.64it/s]
 98%|█████████▊| 332279/340192 [01:24<00:02, 3944.44it/s]
 98%|█████████▊| 332694/340192 [01:24<00:01, 3904.22it/s]
 98%|█████████▊| 333098/340192 [01:24<00:01, 3758.94it/s]
 98%|█████████▊| 333483/340192 [01:24<00:01, 3657.75it/s]
 98%|█████████▊| 334272/340192 [01:24<00:01, 4773.48it/s]
 98%|█████████▊| 334873/340192 [01:24<00:01, 5110.29it/s]
 99%|█████████▊| 335401/340192 [01:24<00:00, 5019.52it/s]
 99%|█████████▊| 335915/340192 [01:24<00:00, 4750.36it/s]
 99%|█████████▉| 336401/340192 [01:24<00:00, 4473.84it/s]
 99%|█████████▉| 336858/340192 [01:25<00:00, 4197.34it/s]
 99%|█████████▉| 337286/340192 [01:25<00:00, 3609.71it/s]
 99%|█████████▉| 338020/340192 [01:25<00:00, 4517.39it/s]
100%|█████████▉| 338548/340192 [01:25<00:00, 4713.21it/s]
100%|█████████▉| 339088/340192 [01:25<00:00, 4897.60it/s]
100%|█████████▉| 339599/340192 [01:25<00:00, 4729.16it/s]
100%|█████████▉| 340087/340192 [01:25<00:00, 4631.62it/s]
100%|██████████| 340192/340192 [01:25<00:00, 3966.23it/s]
